<html>
<body>
<pre>
<h1>µVision Build Log</h1>
<h2>Tool Versions:</h2>
IDE-Version: ¦ÌVision V5.23.0.0
Copyright (C) 2017 ARM Ltd and ARM Germany GmbH. All rights reserved.
License Information: zf Microsoft, Microsoft, LIC=JDAMM-X9MFY-ILRCB-20EXW-NV0Y4-WY1SQ
 
Tool Versions:
Toolchain:       MDK-ARM Professional  Version: 5.23
Toolchain Path:  C:\Keil_v5\ARM\ARMCC\Bin
C Compiler:      Armcc.exe V5.06 update 4 (build 422)
Assembler:       Armasm.exe V5.06 update 4 (build 422)
Linker/Locator:  ArmLink.exe V5.06 update 4 (build 422)
Library Manager: ArmAr.exe V5.06 update 4 (build 422)
Hex Converter:   FromElf.exe V5.06 update 4 (build 422)
CPU DLL:         SARMCM3.DLL V5.23
Dialog DLL:      DARMCM1.DLL V1.17.0.0
Target DLL:      Nu_Link.dll V2.02
Dialog DLL:      TARMCM1.DLL V1.12.0.0
 
<h2>Project:</h2>
E:\work\LCD2.4\project\lampMini58_2d4\Project\project.uvproj
Project File Date:  11/24/2017

<h2>Output:</h2>
*** Using Compiler 'V5.06 update 4 (build 422)', folder: 'C:\Keil_v5\ARM\ARMCC\Bin'
Build target 'lamp'
creating preprocessor file for main.c...
creating preprocessor file for app_crc.c...
creating preprocessor file for app_dome.c...
creating preprocessor file for app_eeprom.c...
creating preprocessor file for bsp.c...
creating preprocessor file for bsp_uart.c...
creating preprocessor file for bsp_key.c...
creating preprocessor file for bsp_relay.c...
creating preprocessor file for bsp_timer0.c...
creating preprocessor file for bsp_light.c...
creating preprocessor file for bsp_eeprom.c...
creating preprocessor file for bsp_2d4.c...
compiling main.c...
..\App\src\main.c(68): warning:  #177-D: variable "dome_cnt"  was declared but never referenced
  	uint8_t dome_cnt = 0;
..\App\src\main.c: 1 warning, 0 errors
creating preprocessor file for lite-log.c...
creating preprocessor file for system_Mini58Series.c...
creating preprocessor file for acmp.c...
creating preprocessor file for adc.c...
creating preprocessor file for clk.c...
creating preprocessor file for fmc.c...
creating preprocessor file for gpio.c...
creating preprocessor file for i2c.c...
creating preprocessor file for pwm.c...
creating preprocessor file for retarget.c...
creating preprocessor file for spi.c...
creating preprocessor file for sys.c...
creating preprocessor file for timer.c...
creating preprocessor file for uart.c...
creating preprocessor file for wdt.c...
creating preprocessor file for wwdt.c...
linking...
Program Size: Code=7848 RO-data=256 RW-data=56 ZI-data=840  
FromELF: creating hex file...
".\obj\lamp.axf" - 0 Error(s), 1 Warning(s).
Build Time Elapsed:  00:00:12
</pre>
</body>
</html>
