Component: ARM Compiler 5.06 update 4 (build 422) Tool: armlink [4d35d2]

==============================================================================

Small function inlining results

Inlined total of 0 calls.

==============================================================================

Memory Map of the image

  Image Entry point : 0x000000f1

  Load Region LR_1 (Base: 0x00000000, Size: 0x00002af8, Max: 0xffffffff, ABSOLUTE)

    Execution Region ER_RO (Base: 0x00000000, Size: 0x00002aa0, Max: 0xffffffff, ABSOLUTE)

    Base Addr    Size         Type   Attr      Idx    E Section Name        Object

    0x00000000   0x000000c0   Data   RO         1086    RESET               startup_mini58series.o
    0x000000c0   0x00000000   Code   RO         2301  * .ARM.Collect$$$$00000000  mc_p.l(entry.o)
    0x000000c0   0x00000004   Code   RO         2589    .ARM.Collect$$$$00000001  mc_p.l(entry2.o)
    0x000000c4   0x00000004   Code   RO         2592    .ARM.Collect$$$$00000004  mc_p.l(entry5.o)
    0x000000c8   0x00000000   Code   RO         2594    .ARM.Collect$$$$00000008  mc_p.l(entry7b.o)
    0x000000c8   0x00000000   Code   RO         2596    .ARM.Collect$$$$0000000A  mc_p.l(entry8b.o)
    0x000000c8   0x00000008   Code   RO         2597    .ARM.Collect$$$$0000000B  mc_p.l(entry9a.o)
    0x000000d0   0x00000000   Code   RO         2599    .ARM.Collect$$$$0000000D  mc_p.l(entry10a.o)
    0x000000d0   0x00000000   Code   RO         2601    .ARM.Collect$$$$0000000F  mc_p.l(entry11a.o)
    0x000000d0   0x00000004   Code   RO         2590    .ARM.Collect$$$$00002712  mc_p.l(entry2.o)
    0x000000d4   0x0000001c   Code   RO         1812    .emb_text           retarget.o
    0x000000f0   0x00000014   Code   RO         1087  * .text               startup_mini58series.o
    0x00000104   0x0000002c   Code   RO         2302    .text               mc_p.l(uidiv.o)
    0x00000130   0x00000024   Code   RO         2304    .text               mc_p.l(memcpya.o)
    0x00000154   0x00000024   Code   RO         2306    .text               mc_p.l(memseta.o)
    0x00000178   0x0000001a   Code   RO         2308    .text               mc_p.l(strncpy.o)
    0x00000192   0x0000000e   Code   RO         2312    .text               mc_p.l(strlen.o)
    0x000001a0   0x00000012   Code   RO         2579    .text               mc_p.l(uwrite4.o)
    0x000001b2   0x00000060   Code   RO         2603    .text               mc_p.l(uldiv.o)
    0x00000212   0x00000000   Code   RO         2605    .text               mc_p.l(iusefp.o)
    0x00000212   0x00000002   PAD
    0x00000214   0x00000164   Code   RO         2608    .text               mf_p.l(dadd.o)
    0x00000378   0x000000d0   Code   RO         2610    .text               mf_p.l(dmul.o)
    0x00000448   0x000000f0   Code   RO         2612    .text               mf_p.l(ddiv.o)
    0x00000538   0x00000040   Code   RO         2614    .text               mf_p.l(dfixul.o)
    0x00000578   0x00000028   Code   RO         2616    .text               mf_p.l(cdrcmple.o)
    0x000005a0   0x00000024   Code   RO         2618    .text               mc_p.l(init.o)
    0x000005c4   0x00000020   Code   RO         2620    .text               mc_p.l(llshl.o)
    0x000005e4   0x00000022   Code   RO         2622    .text               mc_p.l(llushr.o)
    0x00000606   0x00000026   Code   RO         2624    .text               mc_p.l(llsshr.o)
    0x0000062c   0x000000be   Code   RO         2626    .text               mf_p.l(depilogue.o)
    0x000006ea   0x00000002   PAD
    0x000006ec   0x00000010   Code   RO         1189    i.CLK_DisablePLL    clk.o
    0x000006fc   0x0000001c   Code   RO         1193    i.CLK_EnableModuleClock  clk.o
    0x00000718   0x00000208   Code   RO         1194    i.CLK_EnablePLL     clk.o
    0x00000920   0x00000018   Code   RO         1196    i.CLK_EnableXtalRC  clk.o
    0x00000938   0x00000058   Code   RO         2132    i.CLK_GetPLLClockFreq  uart.o
    0x00000990   0x00000080   Code   RO         1203    i.CLK_SetCoreClock  clk.o
    0x00000a10   0x00000024   Code   RO         1204    i.CLK_SetHCLK       clk.o
    0x00000a34   0x00000050   Code   RO         1205    i.CLK_SetModuleClock  clk.o
    0x00000a84   0x0000002c   Code   RO         1208    i.CLK_WaitClockReady  clk.o
    0x00000ab0   0x0000001c   Code   RO          872    i.ComToUart         bsp_uart_fifo.o
    0x00000acc   0x00000028   Code   RO         1442    i.GPIO_SetMode      gpio.o
    0x00000af4   0x00000028   Code   RO         1814    i.Hard_Fault_Handler  retarget.o
    0x00000b1c   0x00000014   Code   RO          494    i.IsKeyDown1        bsp_key.o
    0x00000b30   0x00000014   Code   RO          495    i.IsKeyDown2        bsp_key.o
    0x00000b44   0x0000001c   Code   RO          958    i.LITE_openlog      lite-log.o
    0x00000b60   0x0000000c   Code   RO          960    i.LITE_set_loglevel  lite-log.o
    0x00000b6c   0x000000b0   Code   RO          961    i.LITE_syslog       lite-log.o
    0x00000c1c   0x00000108   Code   RO          669    i.Light_InitHard    bsp_light.o
    0x00000d24   0x00000014   Code   RO          670    i.Light_RGB_set     bsp_light.o
    0x00000d38   0x00000002   Code   RO          671    i.Light_bright_set  bsp_light.o
    0x00000d3a   0x00000002   PAD
    0x00000d3c   0x00000010   Code   RO         1616    i.PWM_EnableOutput  pwm.o
    0x00000d4c   0x0000002c   Code   RO         1626    i.PWM_Start         pwm.o
    0x00000d78   0x00000014   Code   RO          741    i.RF_ClearFIFO      bsp_2d4.o
    0x00000d8c   0x0000000c   Code   RO          742    i.RF_ClearStatus    bsp_2d4.o
    0x00000d98   0x00000108   Code   RO          743    i.RF_Init           bsp_2d4.o
    0x00000ea0   0x0000003c   Code   RO          744    i.RF_ReadBuf        bsp_2d4.o
    0x00000edc   0x0000002c   Code   RO          745    i.RF_RxMode         bsp_2d4.o
    0x00000f08   0x00000034   Code   RO          747    i.RF_TxData         bsp_2d4.o
    0x00000f3c   0x00000014   Code   RO          748    i.RF_TxMode         bsp_2d4.o
    0x00000f50   0x0000002c   Code   RO          749    i.RF_WriteBuf       bsp_2d4.o
    0x00000f7c   0x00000020   Code   RO          750    i.RF_WriteReg       bsp_2d4.o
    0x00000f9c   0x0000001c   Code   RO          580    i.Relay_InitHard    bsp_relay.o
    0x00000fb8   0x0000000c   Code   RO          581    i.Relay_IsOn        bsp_relay.o
    0x00000fc4   0x0000000c   Code   RO          582    i.Relay_off         bsp_relay.o
    0x00000fd0   0x0000000c   Code   RO          583    i.Relay_on          bsp_relay.o
    0x00000fdc   0x00000010   Code   RO          585    i.Relay_toggle      bsp_relay.o
    0x00000fec   0x0000003c   Code   RO          751    i.SPI_WR            bsp_2d4.o
    0x00001028   0x0000002c   Code   RO          752    i.SPI_WW            bsp_2d4.o
    0x00001054   0x00000044   Code   RO            3    i.SYS_Init          main.o
    0x00001098   0x0000001c   Code   RO         2005    i.SYS_ResetModule   sys.o
    0x000010b4   0x00000020   Code   RO         1817    i.SendChar_ToUART   retarget.o
    0x000010d4   0x000000a8   Code   RO         1034    i.SystemCoreClockUpdate  system_mini58series.o
    0x0000117c   0x00000058   Code   RO         2076    i.TIMER_GetModuleClock  timer.o
    0x000011d4   0x00000050   Code   RO         2077    i.TIMER_Open        timer.o
    0x00001224   0x00000060   Code   RO          629    i.TMR0_IRQHandler   bsp_timer0.o
    0x00001284   0x00000060   Code   RO          630    i.Timer0_InitHard   bsp_timer0.o
    0x000012e4   0x00000008   Code   RO         2138    i.UART_EnableInt    uart.o
    0x000012ec   0x00000080   Code   RO         2139    i.UART_Open         uart.o
    0x0000136c   0x00000064   Code   RO          876    i.UartVarInit       bsp_uart_fifo.o
    0x000013d0   0x00000028   Code   RO          754    i.Wireless2d4_InitHard  bsp_2d4.o
    0x000013f8   0x00000020   Code   RO         2549    i.__0printf         mc_p.l(printfa.o)
    0x00001418   0x00000024   Code   RO         2555    i.__0vsprintf       mc_p.l(printfa.o)
    0x0000143c   0x0000002e   Code   RO         2628    i.__ARM_clz         mf_p.l(depilogue.o)
    0x0000146a   0x0000001a   Code   RO           27    i.__ARM_common_switch8  main.o
    0x00001484   0x0000000e   Code   RO         2632    i.__scatterload_copy  mc_p.l(handlers.o)
    0x00001492   0x00000002   Code   RO         2633    i.__scatterload_null  mc_p.l(handlers.o)
    0x00001494   0x0000000e   Code   RO         2634    i.__scatterload_zeroinit  mc_p.l(handlers.o)
    0x000014a2   0x00000002   PAD
    0x000014a4   0x00000174   Code   RO         2556    i._fp_digits        mc_p.l(printfa.o)
    0x00001618   0x000006ec   Code   RO         2557    i._printf_core      mc_p.l(printfa.o)
    0x00001d04   0x00000020   Code   RO         2558    i._printf_post_padding  mc_p.l(printfa.o)
    0x00001d24   0x0000002c   Code   RO         2559    i._printf_pre_padding  mc_p.l(printfa.o)
    0x00001d50   0x0000000a   Code   RO         2561    i._sputc            mc_p.l(printfa.o)
    0x00001d5a   0x00000002   PAD
    0x00001d5c   0x000003ec   Code   RO          350    i.app_2d4_Rcv       app_2d4.o
    0x00002148   0x0000002c   Code   RO          351    i.app_2d4_init      app_2d4.o
    0x00002174   0x00000064   Code   RO          352    i.app_2d4_pro       app_2d4.o
    0x000021d8   0x00000038   Code   RO          353    i.app_2d4_send      app_2d4.o
    0x00002210   0x00000048   Code   RO          158    i.app_CalcCRC8      app_crc.o
    0x00002258   0x00000034   Code   RO          189    i.app_color_blink_next  app_dome.o
    0x0000228c   0x00000030   Code   RO          190    i.app_color_blink_previous  app_dome.o
    0x000022bc   0x00000014   Code   RO          192    i.app_dome_get_current_Name  app_dome.o
    0x000022d0   0x00000024   Code   RO          194    i.app_dome_next     app_dome.o
    0x000022f4   0x00000020   Code   RO          195    i.app_dome_previous  app_dome.o
    0x00002314   0x00000024   Code   RO          196    i.app_dome_rgb      app_dome.o
    0x00002338   0x000000a0   Code   RO          198    i.app_dome_start    app_dome.o
    0x000023d8   0x00000018   Code   RO          199    i.app_dome_start_current  app_dome.o
    0x000023f0   0x0000001c   Code   RO          200    i.app_dome_stop_current  app_dome.o
    0x0000240c   0x0000007c   Code   RO          436    i.app_uart_send     app_uart.o
    0x00002488   0x00000002   Code   RO          397    i.app_work_Init     app_work.o
    0x0000248a   0x00000002   PAD
    0x0000248c   0x000000b8   Code   RO          497    i.bsp_DetectKey     bsp_key.o
    0x00002544   0x00000024   Code   RO          498    i.bsp_GetKey        bsp_key.o
    0x00002568   0x0000001c   Code   RO          474    i.bsp_Init          bsp.o
    0x00002584   0x00000030   Code   RO          501    i.bsp_InitKey       bsp_key.o
    0x000025b4   0x00000044   Code   RO          502    i.bsp_InitKeyVar    bsp_key.o
    0x000025f8   0x00000074   Code   RO          877    i.bsp_InitUart      bsp_uart_fifo.o
    0x0000266c   0x00000014   Code   RO          503    i.bsp_KeyScan       bsp_key.o
    0x00002680   0x0000001c   Code   RO          504    i.bsp_PutKey        bsp_key.o
    0x0000269c   0x00000072   Code   RO          881    i.comSendBuf        bsp_uart_fifo.o
    0x0000270e   0x0000000c   Code   RO         1821    i.fputc             retarget.o
    0x0000271a   0x00000002   PAD
    0x0000271c   0x000001d4   Code   RO            4    i.main              main.o
    0x000028f0   0x000000a8   Code   RO         1823    i.stackDump         retarget.o
    0x00002998   0x00000008   Code   RO          631    i.timer0_taskTimer_get  bsp_timer0.o
    0x000029a0   0x00000038   Code   RO          755    i.ucRF_DumpRxData   bsp_2d4.o
    0x000029d8   0x0000000e   Code   RO          757    i.ucRF_GetStatus    bsp_2d4.o
    0x000029e6   0x00000002   PAD
    0x000029e8   0x0000002c   Code   RO          758    i.ucRF_ReadReg      bsp_2d4.o
    0x00002a14   0x0000002c   Code   RO          759    i.ucSPI_Read        bsp_2d4.o
    0x00002a40   0x00000005   Data   RO            5    .constdata          main.o
    0x00002a45   0x0000001e   Data   RO          203    .constdata          app_dome.o
    0x00002a63   0x00000005   Data   RO          760    .constdata          bsp_2d4.o
    0x00002a68   0x00000018   Data   RO          964    .conststring        lite-log.o
    0x00002a80   0x00000020   Data   RO         2630    Region$$Table       anon$$obj.o


    Execution Region ER_RW (Base: 0x20000000, Size: 0x00000058, Max: 0xffffffff, ABSOLUTE)

    Base Addr    Size         Type   Attr      Idx    E Section Name        Object

    0x20000000   0x00000004   Data   RW            6    .data               main.o
    0x20000004   0x00000002   Data   RW          160    .data               app_crc.o
    0x20000006   0x00000002   PAD
    0x20000008   0x00000016   Data   RW          204    .data               app_dome.o
    0x2000001e   0x00000001   Data   RW          355    .data               app_2d4.o
    0x2000001f   0x00000001   PAD
    0x20000020   0x00000004   Data   RW          398    .data               app_work.o
    0x20000024   0x00000008   Data   RW          507    .data               bsp_key.o
    0x2000002c   0x00000018   Data   RW          965    .data               lite-log.o
    0x20000044   0x00000004   Data   RW         1036    .data               system_mini58series.o
    0x20000048   0x0000000c   Data   RW         1037    .data               system_mini58series.o
    0x20000054   0x00000004   Data   RW         1824    .data               retarget.o


    Execution Region ER_ZI (Base: 0x20000058, Size: 0x000009c8, Max: 0xffffffff, ABSOLUTE)

    Base Addr    Size         Type   Attr      Idx    E Section Name        Object

    0x20000058   0x00000089   Zero   RW          202    .bss                app_dome.o
    0x200000e1   0x00000020   Zero   RW          354    .bss                app_2d4.o
    0x20000101   0x00000001   PAD
    0x20000102   0x00000304   Zero   RW          437    .bss                app_uart.o
    0x20000406   0x00000002   PAD
    0x20000408   0x0000002d   Zero   RW          506    .bss                bsp_key.o
    0x20000435   0x00000001   PAD
    0x20000436   0x0000000c   Zero   RW          632    .bss                bsp_timer0.o
    0x20000442   0x00000002   PAD
    0x20000444   0x000002d0   Zero   RW          883    .bss                bsp_uart_fifo.o
    0x20000714   0x0000010c   Zero   RW          963    .bss                lite-log.o
    0x20000820   0x00000200   Zero   RW         1084    STACK               startup_mini58series.o


==============================================================================

Image component sizes


      Code (inc. data)   RO Data    RW Data    ZI Data      Debug   Object Name

      1204         58          0          1         32       4041   app_2d4.o
        72          6          0          2          0       1019   app_crc.o
       436         54         30         22        137       6478   app_dome.o
       124          8          0          0        772       1376   app_uart.o
         2          0          0          4          0       1062   app_work.o
        28          0          0          0          0        415   bsp.o
       850         86          5          0          0       9077   bsp_2d4.o
       424         52          0          8         45       4433   bsp_key.o
       286         38          0          0          0       1972   bsp_light.o
        80         26          0          0          0       2330   bsp_relay.o
       200         34          0          0         12      10935   bsp_timer0.o
       358         38          0          0        720       4884   bsp_uart_fifo.o
       876         98          0          0          0       6379   clk.o
        40          0          0          0          0        935   gpio.o
       216         52         24         24        268       4034   lite-log.o
       562        210          5          4          0     138706   main.o
        60         10          0          0          0       1459   pwm.o
       280        132          0          4          0       4462   retarget.o
        20          4        192          0        512        684   startup_mini58series.o
        28          0          0          0          0        470   sys.o
       168         30          0         16          0     130477   system_mini58series.o
       168         24          0          0          0       1784   timer.o
       224         34          0          0          0       2465   uart.o

    ----------------------------------------------------------------------
      6714        994        288         88       2504     339877   Object Totals
         0          0         32          0          0          0   (incl. Generated)
         8          0          0          3          6          0   (incl. Padding)

    ----------------------------------------------------------------------

      Code (inc. data)   RO Data    RW Data    ZI Data      Debug   Library Member Name

         0          0          0          0          0          0   entry.o
         0          0          0          0          0          0   entry10a.o
         0          0          0          0          0          0   entry11a.o
         8          4          0          0          0          0   entry2.o
         4          0          0          0          0          0   entry5.o
         0          0          0          0          0          0   entry7b.o
         0          0          0          0          0          0   entry8b.o
         8          4          0          0          0          0   entry9a.o
        30          0          0          0          0          0   handlers.o
        36          8          0          0          0         68   init.o
         0          0          0          0          0          0   iusefp.o
        32          0          0          0          0         68   llshl.o
        38          0          0          0          0         68   llsshr.o
        34          0          0          0          0         68   llushr.o
        36          0          0          0          0         60   memcpya.o
        36          0          0          0          0        100   memseta.o
      2298        104          0          0          0        544   printfa.o
        14          0          0          0          0         60   strlen.o
        26          0          0          0          0         68   strncpy.o
        44          0          0          0          0         72   uidiv.o
        96          0          0          0          0         84   uldiv.o
        18          0          0          0          0         60   uwrite4.o
        40          2          0          0          0         68   cdrcmple.o
       356          4          0          0          0        140   dadd.o
       240          6          0          0          0         84   ddiv.o
       236          0          0          0          0        216   depilogue.o
        64         10          0          0          0         68   dfixul.o
       208          6          0          0          0         88   dmul.o

    ----------------------------------------------------------------------
      3910        148          0          0          0       1984   Library Totals
         8          0          0          0          0          0   (incl. Padding)

    ----------------------------------------------------------------------

      Code (inc. data)   RO Data    RW Data    ZI Data      Debug   Library Name

      2758        120          0          0          0       1320   mc_p.l
      1144         28          0          0          0        664   mf_p.l

    ----------------------------------------------------------------------
      3910        148          0          0          0       1984   Library Totals

    ----------------------------------------------------------------------

==============================================================================


      Code (inc. data)   RO Data    RW Data    ZI Data      Debug   

     10624       1142        288         88       2504     337421   Grand Totals
     10624       1142        288         88       2504     337421   ELF Image Totals
     10624       1142        288         88          0          0   ROM Totals

==============================================================================

    Total RO  Size (Code + RO Data)                10912 (  10.66kB)
    Total RW  Size (RW Data + ZI Data)              2592 (   2.53kB)
    Total ROM Size (Code + RO Data + RW Data)      11000 (  10.74kB)

==============================================================================

