Component: ARM Compiler 5.06 update 4 (build 422) Tool: armlink [4d35d2]

==============================================================================

Small function inlining results

Inlined total of 0 calls.

==============================================================================

Memory Map of the image

  Image Entry point : 0x000000f1

  Load Region LR_1 (Base: 0x00000000, Size: 0x00001fe0, Max: 0xffffffff, ABSOLUTE)

    Execution Region ER_RO (Base: 0x00000000, Size: 0x00001fa8, Max: 0xffffffff, ABSOLUTE)

    Base Addr    Size         Type   Attr      Idx    E Section Name        Object

    0x00000000   0x000000c0   Data   RO          913    RESET               startup_mini58series.o
    0x000000c0   0x00000000   Code   RO         2128  * .ARM.Collect$$$$00000000  mc_p.l(entry.o)
    0x000000c0   0x00000004   Code   RO         2416    .ARM.Collect$$$$00000001  mc_p.l(entry2.o)
    0x000000c4   0x00000004   Code   RO         2419    .ARM.Collect$$$$00000004  mc_p.l(entry5.o)
    0x000000c8   0x00000000   Code   RO         2421    .ARM.Collect$$$$00000008  mc_p.l(entry7b.o)
    0x000000c8   0x00000000   Code   RO         2423    .ARM.Collect$$$$0000000A  mc_p.l(entry8b.o)
    0x000000c8   0x00000008   Code   RO         2424    .ARM.Collect$$$$0000000B  mc_p.l(entry9a.o)
    0x000000d0   0x00000000   Code   RO         2426    .ARM.Collect$$$$0000000D  mc_p.l(entry10a.o)
    0x000000d0   0x00000000   Code   RO         2428    .ARM.Collect$$$$0000000F  mc_p.l(entry11a.o)
    0x000000d0   0x00000004   Code   RO         2417    .ARM.Collect$$$$00002712  mc_p.l(entry2.o)
    0x000000d4   0x0000001c   Code   RO         1639    .emb_text           retarget.o
    0x000000f0   0x00000014   Code   RO          914  * .text               startup_mini58series.o
    0x00000104   0x0000002c   Code   RO         2129    .text               mc_p.l(uidiv.o)
    0x00000130   0x00000024   Code   RO         2133    .text               mc_p.l(memseta.o)
    0x00000154   0x0000001a   Code   RO         2135    .text               mc_p.l(strncpy.o)
    0x0000016e   0x0000000e   Code   RO         2139    .text               mc_p.l(strlen.o)
    0x0000017c   0x00000060   Code   RO         2430    .text               mc_p.l(uldiv.o)
    0x000001dc   0x00000000   Code   RO         2432    .text               mc_p.l(iusefp.o)
    0x000001dc   0x00000164   Code   RO         2435    .text               mf_p.l(dadd.o)
    0x00000340   0x000000d0   Code   RO         2437    .text               mf_p.l(dmul.o)
    0x00000410   0x000000f0   Code   RO         2439    .text               mf_p.l(ddiv.o)
    0x00000500   0x00000040   Code   RO         2441    .text               mf_p.l(dfixul.o)
    0x00000540   0x00000028   Code   RO         2443    .text               mf_p.l(cdrcmple.o)
    0x00000568   0x00000024   Code   RO         2445    .text               mc_p.l(init.o)
    0x0000058c   0x00000020   Code   RO         2447    .text               mc_p.l(llshl.o)
    0x000005ac   0x00000022   Code   RO         2449    .text               mc_p.l(llushr.o)
    0x000005ce   0x00000026   Code   RO         2451    .text               mc_p.l(llsshr.o)
    0x000005f4   0x000000be   Code   RO         2453    .text               mf_p.l(depilogue.o)
    0x000006b2   0x00000002   PAD
    0x000006b4   0x00000010   Code   RO         1016    i.CLK_DisablePLL    clk.o
    0x000006c4   0x0000001c   Code   RO         1020    i.CLK_EnableModuleClock  clk.o
    0x000006e0   0x00000208   Code   RO         1021    i.CLK_EnablePLL     clk.o
    0x000008e8   0x00000018   Code   RO         1023    i.CLK_EnableXtalRC  clk.o
    0x00000900   0x00000058   Code   RO         1959    i.CLK_GetPLLClockFreq  uart.o
    0x00000958   0x00000080   Code   RO         1030    i.CLK_SetCoreClock  clk.o
    0x000009d8   0x00000024   Code   RO         1031    i.CLK_SetHCLK       clk.o
    0x000009fc   0x00000050   Code   RO         1032    i.CLK_SetModuleClock  clk.o
    0x00000a4c   0x0000002c   Code   RO         1035    i.CLK_WaitClockReady  clk.o
    0x00000a78   0x00000028   Code   RO         1269    i.GPIO_SetMode      gpio.o
    0x00000aa0   0x00000028   Code   RO         1641    i.Hard_Fault_Handler  retarget.o
    0x00000ac8   0x00000014   Code   RO          407    i.IsKeyDown1        bsp_key.o
    0x00000adc   0x00000014   Code   RO          408    i.IsKeyDown2        bsp_key.o
    0x00000af0   0x0000001c   Code   RO          785    i.LITE_openlog      lite-log.o
    0x00000b0c   0x0000000c   Code   RO          787    i.LITE_set_loglevel  lite-log.o
    0x00000b18   0x000000b0   Code   RO          788    i.LITE_syslog       lite-log.o
    0x00000bc8   0x00000108   Code   RO          579    i.Light_InitHard    bsp_light.o
    0x00000cd0   0x00000010   Code   RO         1443    i.PWM_EnableOutput  pwm.o
    0x00000ce0   0x0000002c   Code   RO         1453    i.PWM_Start         pwm.o
    0x00000d0c   0x0000001c   Code   RO          493    i.Relay_InitHard    bsp_relay.o
    0x00000d28   0x0000000c   Code   RO          494    i.Relay_IsOn        bsp_relay.o
    0x00000d34   0x00000010   Code   RO          498    i.Relay_toggle      bsp_relay.o
    0x00000d44   0x00000044   Code   RO            3    i.SYS_Init          main.o
    0x00000d88   0x0000001c   Code   RO         1832    i.SYS_ResetModule   sys.o
    0x00000da4   0x00000020   Code   RO         1644    i.SendChar_ToUART   retarget.o
    0x00000dc4   0x000000a8   Code   RO          861    i.SystemCoreClockUpdate  system_mini58series.o
    0x00000e6c   0x00000058   Code   RO         1903    i.TIMER_GetModuleClock  timer.o
    0x00000ec4   0x00000050   Code   RO         1904    i.TIMER_Open        timer.o
    0x00000f14   0x00000060   Code   RO          542    i.TMR0_IRQHandler   bsp_timer0.o
    0x00000f74   0x00000060   Code   RO          543    i.Timer0_InitHard   bsp_timer0.o
    0x00000fd4   0x00000024   Code   RO          364    i.UART1_IRQHandler  bsp_uart.o
    0x00000ff8   0x00000080   Code   RO         1966    i.UART_Open         uart.o
    0x00001078   0x00000084   Code   RO          365    i.Uart_InitHard     bsp_uart.o
    0x000010fc   0x00000028   Code   RO          664    i.Wireless2d4_InitHard  bsp_2d4.o
    0x00001124   0x00000020   Code   RO         2376    i.__0printf         mc_p.l(printfa.o)
    0x00001144   0x00000024   Code   RO         2382    i.__0vsprintf       mc_p.l(printfa.o)
    0x00001168   0x0000002e   Code   RO         2455    i.__ARM_clz         mf_p.l(depilogue.o)
    0x00001196   0x0000001a   Code   RO           27    i.__ARM_common_switch8  main.o
    0x000011b0   0x0000000e   Code   RO         2459    i.__scatterload_copy  mc_p.l(handlers.o)
    0x000011be   0x00000002   Code   RO         2460    i.__scatterload_null  mc_p.l(handlers.o)
    0x000011c0   0x0000000e   Code   RO         2461    i.__scatterload_zeroinit  mc_p.l(handlers.o)
    0x000011ce   0x00000002   PAD
    0x000011d0   0x00000174   Code   RO         2383    i._fp_digits        mc_p.l(printfa.o)
    0x00001344   0x000006ec   Code   RO         2384    i._printf_core      mc_p.l(printfa.o)
    0x00001a30   0x00000020   Code   RO         2385    i._printf_post_padding  mc_p.l(printfa.o)
    0x00001a50   0x0000002c   Code   RO         2386    i._printf_pre_padding  mc_p.l(printfa.o)
    0x00001a7c   0x0000000a   Code   RO         2388    i._sputc            mc_p.l(printfa.o)
    0x00001a86   0x00000002   PAD
    0x00001a88   0x000000b8   Code   RO          410    i.bsp_DetectKey     bsp_key.o
    0x00001b40   0x00000024   Code   RO          411    i.bsp_GetKey        bsp_key.o
    0x00001b64   0x0000001c   Code   RO          344    i.bsp_Init          bsp.o
    0x00001b80   0x00000030   Code   RO          414    i.bsp_InitKey       bsp_key.o
    0x00001bb0   0x00000044   Code   RO          415    i.bsp_InitKeyVar    bsp_key.o
    0x00001bf4   0x00000014   Code   RO          416    i.bsp_KeyScan       bsp_key.o
    0x00001c08   0x0000001c   Code   RO          417    i.bsp_PutKey        bsp_key.o
    0x00001c24   0x0000000c   Code   RO         1648    i.fputc             retarget.o
    0x00001c30   0x00000288   Code   RO            4    i.main              main.o
    0x00001eb8   0x000000a8   Code   RO         1650    i.stackDump         retarget.o
    0x00001f60   0x00000008   Code   RO          544    i.timer0_taskTimer_get  bsp_timer0.o
    0x00001f68   0x00000005   Data   RO            5    .constdata          main.o
    0x00001f6d   0x00000003   PAD
    0x00001f70   0x00000018   Data   RO          791    .conststring        lite-log.o
    0x00001f88   0x00000020   Data   RO         2457    Region$$Table       anon$$obj.o


    Execution Region ER_RW (Base: 0x20000000, Size: 0x00000038, Max: 0xffffffff, ABSOLUTE)

    Base Addr    Size         Type   Attr      Idx    E Section Name        Object

    0x20000000   0x00000004   Data   RW            6    .data               main.o
    0x20000004   0x00000008   Data   RW          420    .data               bsp_key.o
    0x2000000c   0x00000018   Data   RW          792    .data               lite-log.o
    0x20000024   0x00000004   Data   RW          863    .data               system_mini58series.o
    0x20000028   0x0000000c   Data   RW          864    .data               system_mini58series.o
    0x20000034   0x00000004   Data   RW         1651    .data               retarget.o


    Execution Region ER_ZI (Base: 0x20000038, Size: 0x00000348, Max: 0xffffffff, ABSOLUTE)

    Base Addr    Size         Type   Attr      Idx    E Section Name        Object

    0x20000038   0x0000002d   Zero   RW          419    .bss                bsp_key.o
    0x20000065   0x00000001   PAD
    0x20000066   0x0000000c   Zero   RW          545    .bss                bsp_timer0.o
    0x20000072   0x00000002   PAD
    0x20000074   0x0000010c   Zero   RW          790    .bss                lite-log.o
    0x20000180   0x00000200   Zero   RW          911    STACK               startup_mini58series.o


==============================================================================

Image component sizes


      Code (inc. data)   RO Data    RW Data    ZI Data      Debug   Object Name

        28          0          0          0          0        411   bsp.o
        40          4          0          0          0        443   bsp_2d4.o
       424         52          0          8         45       4433   bsp_key.o
       264         30          0          0          0        541   bsp_light.o
        56         18          0          0          0       1626   bsp_relay.o
       200         34          0          0         12       4547   bsp_timer0.o
       168         30          0          0          0       7487   bsp_uart.o
       876         98          0          0          0       6379   clk.o
        40          0          0          0          0        935   gpio.o
       216         52         24         24        268       4034   lite-log.o
       742        298          5          4          0     138970   main.o
        60         10          0          0          0       1459   pwm.o
       280        132          0          4          0       4462   retarget.o
        20          4        192          0        512        684   startup_mini58series.o
        28          0          0          0          0        470   sys.o
       168         30          0         16          0     130477   system_mini58series.o
       168         24          0          0          0       1784   timer.o
       216         34          0          0          0       1960   uart.o

    ----------------------------------------------------------------------
      3994        850        256         56        840     311102   Object Totals
         0          0         32          0          0          0   (incl. Generated)
         0          0          3          0          3          0   (incl. Padding)

    ----------------------------------------------------------------------

      Code (inc. data)   RO Data    RW Data    ZI Data      Debug   Library Member Name

         0          0          0          0          0          0   entry.o
         0          0          0          0          0          0   entry10a.o
         0          0          0          0          0          0   entry11a.o
         8          4          0          0          0          0   entry2.o
         4          0          0          0          0          0   entry5.o
         0          0          0          0          0          0   entry7b.o
         0          0          0          0          0          0   entry8b.o
         8          4          0          0          0          0   entry9a.o
        30          0          0          0          0          0   handlers.o
        36          8          0          0          0         68   init.o
         0          0          0          0          0          0   iusefp.o
        32          0          0          0          0         68   llshl.o
        38          0          0          0          0         68   llsshr.o
        34          0          0          0          0         68   llushr.o
        36          0          0          0          0        100   memseta.o
      2298        104          0          0          0        544   printfa.o
        14          0          0          0          0         60   strlen.o
        26          0          0          0          0         68   strncpy.o
        44          0          0          0          0         72   uidiv.o
        96          0          0          0          0         84   uldiv.o
        40          2          0          0          0         68   cdrcmple.o
       356          4          0          0          0        140   dadd.o
       240          6          0          0          0         84   ddiv.o
       236          0          0          0          0        216   depilogue.o
        64         10          0          0          0         68   dfixul.o
       208          6          0          0          0         88   dmul.o

    ----------------------------------------------------------------------
      3854        148          0          0          0       1864   Library Totals
         6          0          0          0          0          0   (incl. Padding)

    ----------------------------------------------------------------------

      Code (inc. data)   RO Data    RW Data    ZI Data      Debug   Library Name

      2704        120          0          0          0       1200   mc_p.l
      1144         28          0          0          0        664   mf_p.l

    ----------------------------------------------------------------------
      3854        148          0          0          0       1864   Library Totals

    ----------------------------------------------------------------------

==============================================================================


      Code (inc. data)   RO Data    RW Data    ZI Data      Debug   

      7848        998        256         56        840     310242   Grand Totals
      7848        998        256         56        840     310242   ELF Image Totals
      7848        998        256         56          0          0   ROM Totals

==============================================================================

    Total RO  Size (Code + RO Data)                 8104 (   7.91kB)
    Total RW  Size (RW Data + ZI Data)               896 (   0.88kB)
    Total ROM Size (Code + RO Data + RW Data)       8160 (   7.97kB)

==============================================================================

