Component: ARM Compiler 5.06 update 4 (build 422) Tool: armlink [4d35d2]

==============================================================================

Small function inlining results

Inlined total of 0 calls.

==============================================================================

Memory Map of the image

  Image Entry point : 0x000000f1

  Load Region LR_1 (Base: 0x00000000, Size: 0x0000403c, Max: 0xffffffff, ABSOLUTE)

    Execution Region ER_RO (Base: 0x00000000, Size: 0x00003fb0, Max: 0xffffffff, ABSOLUTE)

    Base Addr    Size         Type   Attr      Idx    E Section Name        Object

    0x00000000   0x000000c0   Data   RO         1091    RESET               startup_mini58series.o
    0x000000c0   0x00000000   Code   RO         2306  * .ARM.Collect$$$$00000000  mc_p.l(entry.o)
    0x000000c0   0x00000004   Code   RO         2596    .ARM.Collect$$$$00000001  mc_p.l(entry2.o)
    0x000000c4   0x00000004   Code   RO         2599    .ARM.Collect$$$$00000004  mc_p.l(entry5.o)
    0x000000c8   0x00000000   Code   RO         2601    .ARM.Collect$$$$00000008  mc_p.l(entry7b.o)
    0x000000c8   0x00000000   Code   RO         2603    .ARM.Collect$$$$0000000A  mc_p.l(entry8b.o)
    0x000000c8   0x00000008   Code   RO         2604    .ARM.Collect$$$$0000000B  mc_p.l(entry9a.o)
    0x000000d0   0x00000000   Code   RO         2606    .ARM.Collect$$$$0000000D  mc_p.l(entry10a.o)
    0x000000d0   0x00000000   Code   RO         2608    .ARM.Collect$$$$0000000F  mc_p.l(entry11a.o)
    0x000000d0   0x00000004   Code   RO         2597    .ARM.Collect$$$$00002712  mc_p.l(entry2.o)
    0x000000d4   0x0000001c   Code   RO         1817    .emb_text           retarget.o
    0x000000f0   0x00000014   Code   RO         1092  * .text               startup_mini58series.o
    0x00000104   0x0000002c   Code   RO         2307    .text               mc_p.l(uidiv.o)
    0x00000130   0x00000028   Code   RO         2309    .text               mc_p.l(idiv.o)
    0x00000158   0x00000024   Code   RO         2311    .text               mc_p.l(memcpya.o)
    0x0000017c   0x00000024   Code   RO         2313    .text               mc_p.l(memseta.o)
    0x000001a0   0x0000001a   Code   RO         2315    .text               mc_p.l(strncpy.o)
    0x000001ba   0x0000000e   Code   RO         2319    .text               mc_p.l(strlen.o)
    0x000001c8   0x00000014   Code   RO         2584    .text               mc_p.l(uread4.o)
    0x000001dc   0x00000012   Code   RO         2586    .text               mc_p.l(uwrite4.o)
    0x000001ee   0x00000060   Code   RO         2610    .text               mc_p.l(uldiv.o)
    0x0000024e   0x00000000   Code   RO         2612    .text               mc_p.l(iusefp.o)
    0x0000024e   0x00000002   PAD
    0x00000250   0x00000164   Code   RO         2615    .text               mf_p.l(dadd.o)
    0x000003b4   0x000000d0   Code   RO         2617    .text               mf_p.l(dmul.o)
    0x00000484   0x000000f0   Code   RO         2619    .text               mf_p.l(ddiv.o)
    0x00000574   0x00000040   Code   RO         2621    .text               mf_p.l(dfixul.o)
    0x000005b4   0x00000028   Code   RO         2623    .text               mf_p.l(cdrcmple.o)
    0x000005dc   0x00000024   Code   RO         2625    .text               mc_p.l(init.o)
    0x00000600   0x00000020   Code   RO         2627    .text               mc_p.l(llshl.o)
    0x00000620   0x00000022   Code   RO         2629    .text               mc_p.l(llushr.o)
    0x00000642   0x00000026   Code   RO         2631    .text               mc_p.l(llsshr.o)
    0x00000668   0x000000be   Code   RO         2633    .text               mf_p.l(depilogue.o)
    0x00000726   0x00000002   PAD
    0x00000728   0x00000010   Code   RO         1194    i.CLK_DisablePLL    clk.o
    0x00000738   0x0000001c   Code   RO         1198    i.CLK_EnableModuleClock  clk.o
    0x00000754   0x00000208   Code   RO         1199    i.CLK_EnablePLL     clk.o
    0x0000095c   0x00000018   Code   RO         1201    i.CLK_EnableXtalRC  clk.o
    0x00000974   0x00000058   Code   RO         2137    i.CLK_GetPLLClockFreq  uart.o
    0x000009cc   0x00000080   Code   RO         1208    i.CLK_SetCoreClock  clk.o
    0x00000a4c   0x00000024   Code   RO         1209    i.CLK_SetHCLK       clk.o
    0x00000a70   0x00000050   Code   RO         1210    i.CLK_SetModuleClock  clk.o
    0x00000ac0   0x0000002c   Code   RO         1213    i.CLK_WaitClockReady  clk.o
    0x00000aec   0x0000001c   Code   RO          877    i.ComToUart         bsp_uart_fifo.o
    0x00000b08   0x000002f0   Code   RO          696    i.EEPROM_InitHard   bsp_eeprom.o
    0x00000df8   0x00000010   Code   RO         1336    i.FMC_Close         fmc.o
    0x00000e08   0x00000030   Code   RO         1337    i.FMC_Erase         fmc.o
    0x00000e38   0x00000014   Code   RO         1338    i.FMC_GetBootSource  fmc.o
    0x00000e4c   0x00000010   Code   RO         1341    i.FMC_Open          fmc.o
    0x00000e5c   0x0000001c   Code   RO         1342    i.FMC_Read          fmc.o
    0x00000e78   0x0000001c   Code   RO         1343    i.FMC_ReadCID       fmc.o
    0x00000e94   0x0000000c   Code   RO         1345    i.FMC_ReadDataFlashBaseAddr  fmc.o
    0x00000ea0   0x0000001c   Code   RO         1346    i.FMC_ReadPID       fmc.o
    0x00000ebc   0x00000020   Code   RO         1347    i.FMC_ReadUCID      fmc.o
    0x00000edc   0x0000001c   Code   RO         1348    i.FMC_ReadUID       fmc.o
    0x00000ef8   0x0000001c   Code   RO         1350    i.FMC_Write         fmc.o
    0x00000f14   0x00000028   Code   RO         1447    i.GPIO_SetMode      gpio.o
    0x00000f3c   0x00000028   Code   RO         1819    i.Hard_Fault_Handler  retarget.o
    0x00000f64   0x00000014   Code   RO          487    i.IsKeyDown1        bsp_key.o
    0x00000f78   0x00000014   Code   RO          488    i.IsKeyDown2        bsp_key.o
    0x00000f8c   0x0000001c   Code   RO          963    i.LITE_openlog      lite-log.o
    0x00000fa8   0x0000000c   Code   RO          965    i.LITE_set_loglevel  lite-log.o
    0x00000fb4   0x000000b0   Code   RO          966    i.LITE_syslog       lite-log.o
    0x00001064   0x000000f8   Code   RO          662    i.Light_InitHard    bsp_light.o
    0x0000115c   0x00000048   Code   RO          663    i.Light_RGB_set     bsp_light.o
    0x000011a4   0x00000030   Code   RO          664    i.Light_bright_set  bsp_light.o
    0x000011d4   0x00000010   Code   RO         1621    i.PWM_EnableOutput  pwm.o
    0x000011e4   0x0000002c   Code   RO         1631    i.PWM_Start         pwm.o
    0x00001210   0x00000014   Code   RO          736    i.RF_ClearFIFO      bsp_2d4.o
    0x00001224   0x0000000c   Code   RO          737    i.RF_ClearStatus    bsp_2d4.o
    0x00001230   0x000000d0   Code   RO          738    i.RF_Init           bsp_2d4.o
    0x00001300   0x0000003c   Code   RO          739    i.RF_ReadBuf        bsp_2d4.o
    0x0000133c   0x00000024   Code   RO          740    i.RF_RxMode         bsp_2d4.o
    0x00001360   0x00000034   Code   RO          742    i.RF_TxData         bsp_2d4.o
    0x00001394   0x0000001a   Code   RO          743    i.RF_TxMode         bsp_2d4.o
    0x000013ae   0x00000002   PAD
    0x000013b0   0x0000002c   Code   RO          744    i.RF_WriteBuf       bsp_2d4.o
    0x000013dc   0x00000030   Code   RO          745    i.RF_WriteReg       bsp_2d4.o
    0x0000140c   0x0000001c   Code   RO          573    i.Relay_InitHard    bsp_relay.o
    0x00001428   0x0000000c   Code   RO          574    i.Relay_IsOn        bsp_relay.o
    0x00001434   0x0000000c   Code   RO          575    i.Relay_off         bsp_relay.o
    0x00001440   0x0000000c   Code   RO          576    i.Relay_on          bsp_relay.o
    0x0000144c   0x00000010   Code   RO          577    i.Relay_set         bsp_relay.o
    0x0000145c   0x00000010   Code   RO          578    i.Relay_toggle      bsp_relay.o
    0x0000146c   0x00000054   Code   RO          746    i.SPI_WR            bsp_2d4.o
    0x000014c0   0x00000048   Code   RO          747    i.SPI_WW            bsp_2d4.o
    0x00001508   0x00000044   Code   RO            3    i.SYS_Init          main.o
    0x0000154c   0x0000001c   Code   RO         2010    i.SYS_ResetModule   sys.o
    0x00001568   0x00000020   Code   RO         1822    i.SendChar_ToUART   retarget.o
    0x00001588   0x000000a8   Code   RO         1039    i.SystemCoreClockUpdate  system_mini58series.o
    0x00001630   0x00000058   Code   RO         2081    i.TIMER_GetModuleClock  timer.o
    0x00001688   0x00000050   Code   RO         2082    i.TIMER_Open        timer.o
    0x000016d8   0x00000060   Code   RO          622    i.TMR0_IRQHandler   bsp_timer0.o
    0x00001738   0x00000060   Code   RO          623    i.Timer0_InitHard   bsp_timer0.o
    0x00001798   0x00000010   Code   RO          878    i.UART0_IRQHandler  bsp_uart_fifo.o
    0x000017a8   0x00000010   Code   RO          879    i.UART1_IRQHandler  bsp_uart_fifo.o
    0x000017b8   0x00000008   Code   RO         2141    i.UART_DisableInt   uart.o
    0x000017c0   0x00000008   Code   RO         2143    i.UART_EnableInt    uart.o
    0x000017c8   0x00000080   Code   RO         2144    i.UART_Open         uart.o
    0x00001848   0x0000007e   Code   RO          880    i.UartIRQ           bsp_uart_fifo.o
    0x000018c6   0x00000002   PAD
    0x000018c8   0x00000064   Code   RO          881    i.UartVarInit       bsp_uart_fifo.o
    0x0000192c   0x0000003c   Code   RO          749    i.Wireless2d4_InitHard  bsp_2d4.o
    0x00001968   0x00000020   Code   RO         2556    i.__0printf         mc_p.l(printfa.o)
    0x00001988   0x00000024   Code   RO         2562    i.__0vsprintf       mc_p.l(printfa.o)
    0x000019ac   0x0000002e   Code   RO         2635    i.__ARM_clz         mf_p.l(depilogue.o)
    0x000019da   0x0000001a   Code   RO           28    i.__ARM_common_switch8  main.o
    0x000019f4   0x0000000e   Code   RO         2639    i.__scatterload_copy  mc_p.l(handlers.o)
    0x00001a02   0x00000002   Code   RO         2640    i.__scatterload_null  mc_p.l(handlers.o)
    0x00001a04   0x0000000e   Code   RO         2641    i.__scatterload_zeroinit  mc_p.l(handlers.o)
    0x00001a12   0x00000002   PAD
    0x00001a14   0x00000174   Code   RO         2563    i._fp_digits        mc_p.l(printfa.o)
    0x00001b88   0x000006ec   Code   RO         2564    i._printf_core      mc_p.l(printfa.o)
    0x00002274   0x00000020   Code   RO         2565    i._printf_post_padding  mc_p.l(printfa.o)
    0x00002294   0x0000002c   Code   RO         2566    i._printf_pre_padding  mc_p.l(printfa.o)
    0x000022c0   0x0000000a   Code   RO         2568    i._sputc            mc_p.l(printfa.o)
    0x000022ca   0x00000002   PAD
    0x000022cc   0x000003e4   Code   RO          334    i.app_2d4_Rcv       app_2d4.o
    0x000026b0   0x0000002c   Code   RO          335    i.app_2d4_init      app_2d4.o
    0x000026dc   0x00000060   Code   RO          336    i.app_2d4_pro       app_2d4.o
    0x0000273c   0x00000030   Code   RO          337    i.app_2d4_send      app_2d4.o
    0x0000276c   0x00000024   Code   RO          338    i.app_2d4_switch_address  app_2d4.o
    0x00002790   0x00000048   Code   RO          160    i.app_CalcCRC8      app_crc.o
    0x000027d8   0x00000054   Code   RO          161    i.app_CalcCRC8_cycle  app_crc.o
    0x0000282c   0x000005c8   Code   RO          426    i.app_RC_Receiver_cmd_pro  app_uart.o
    0x00002df4   0x00000034   Code   RO          191    i.app_color_blink_next  app_dome.o
    0x00002e28   0x00000030   Code   RO          192    i.app_color_blink_previous  app_dome.o
    0x00002e58   0x00000090   Code   RO          193    i.app_dome_Init     app_dome.o
    0x00002ee8   0x00000014   Code   RO          194    i.app_dome_get_current_Name  app_dome.o
    0x00002efc   0x000003a4   Code   RO          195    i.app_dome_interrupter  app_dome.o
    0x000032a0   0x00000024   Code   RO          196    i.app_dome_next     app_dome.o
    0x000032c4   0x00000028   Code   RO          197    i.app_dome_previous  app_dome.o
    0x000032ec   0x00000028   Code   RO          198    i.app_dome_rgb      app_dome.o
    0x00003314   0x0000003c   Code   RO          199    i.app_dome_single_cycle  app_dome.o
    0x00003350   0x00000068   Code   RO          200    i.app_dome_start    app_dome.o
    0x000033b8   0x00000028   Code   RO          201    i.app_dome_start_current  app_dome.o
    0x000033e0   0x00000028   Code   RO          202    i.app_dome_stop_current  app_dome.o
    0x00003408   0x00000064   Code   RO          203    i.app_dome_subDome_pro  app_dome.o
    0x0000346c   0x0000000e   Code   RO          291    i.app_eeprom_erase  app_eeprom.o
    0x0000347a   0x00000002   PAD
    0x0000347c   0x00000084   Code   RO          292    i.app_eeprom_get_dome_with_index  app_eeprom.o
    0x00003500   0x0000000e   Code   RO          293    i.app_eeprom_read_int  app_eeprom.o
    0x0000350e   0x0000000e   Code   RO          294    i.app_eeprom_write_int  app_eeprom.o
    0x0000351c   0x00000048   Code   RO          339    i.app_get_my_address  app_2d4.o
    0x00003564   0x00000014   Code   RO          427    i.app_uart_Init     app_uart.o
    0x00003578   0x000000fc   Code   RO          428    i.app_uart_pro      app_uart.o
    0x00003674   0x0000007c   Code   RO          429    i.app_uart_send     app_uart.o
    0x000036f0   0x00000084   Code   RO          389    i.app_work_1s_pro   app_work.o
    0x00003774   0x00000010   Code   RO          390    i.app_work_Init     app_work.o
    0x00003784   0x000000b8   Code   RO          490    i.bsp_DetectKey     bsp_key.o
    0x0000383c   0x00000024   Code   RO          491    i.bsp_GetKey        bsp_key.o
    0x00003860   0x00000020   Code   RO          467    i.bsp_Init          bsp.o
    0x00003880   0x00000030   Code   RO          494    i.bsp_InitKey       bsp_key.o
    0x000038b0   0x00000044   Code   RO          495    i.bsp_InitKeyVar    bsp_key.o
    0x000038f4   0x00000088   Code   RO          882    i.bsp_InitUart      bsp_uart_fifo.o
    0x0000397c   0x00000014   Code   RO          496    i.bsp_KeyScan       bsp_key.o
    0x00003990   0x0000001c   Code   RO          497    i.bsp_PutKey        bsp_key.o
    0x000039ac   0x00000008   Code   RO          697    i.bsp_eeprom_erase  bsp_eeprom.o
    0x000039b4   0x00000008   Code   RO          698    i.bsp_eeprom_read_int  bsp_eeprom.o
    0x000039bc   0x00000008   Code   RO          699    i.bsp_eeprom_write_int  bsp_eeprom.o
    0x000039c4   0x0000004c   Code   RO          885    i.comGetChar        bsp_uart_fifo.o
    0x00003a10   0x00000072   Code   RO          886    i.comSendBuf        bsp_uart_fifo.o
    0x00003a82   0x00000018   Code   RO          750    i.delay_2d4         bsp_2d4.o
    0x00003a9a   0x0000000c   Code   RO         1826    i.fputc             retarget.o
    0x00003aa6   0x00000002   PAD
    0x00003aa8   0x00000310   Code   RO            4    i.main              main.o
    0x00003db8   0x000000a8   Code   RO         1828    i.stackDump         retarget.o
    0x00003e60   0x00000008   Code   RO          624    i.timer0_taskTimer_get  bsp_timer0.o
    0x00003e68   0x00000038   Code   RO          751    i.ucRF_DumpRxData   bsp_2d4.o
    0x00003ea0   0x0000000e   Code   RO          753    i.ucRF_GetStatus    bsp_2d4.o
    0x00003eae   0x00000002   PAD
    0x00003eb0   0x0000003c   Code   RO          754    i.ucRF_ReadReg      bsp_2d4.o
    0x00003eec   0x00000044   Code   RO          755    i.ucSPI_Read        bsp_2d4.o
    0x00003f30   0x00000005   Data   RO            5    .constdata          main.o
    0x00003f35   0x0000001e   Data   RO          205    .constdata          app_dome.o
    0x00003f53   0x0000000d   Data   RO          431    .constdata          app_uart.o
    0x00003f60   0x00000010   Data   RO          700    .constdata          bsp_eeprom.o
    0x00003f70   0x00000005   Data   RO          756    .constdata          bsp_2d4.o
    0x00003f75   0x00000003   PAD
    0x00003f78   0x00000018   Data   RO          969    .conststring        lite-log.o
    0x00003f90   0x00000020   Data   RO         2637    Region$$Table       anon$$obj.o


    Execution Region ER_RW (Base: 0x20000000, Size: 0x0000008c, Max: 0xffffffff, ABSOLUTE)

    Base Addr    Size         Type   Attr      Idx    E Section Name        Object

    0x20000000   0x00000006   Data   RW            6    .data               main.o
    0x20000006   0x00000002   Data   RW          162    .data               app_crc.o
    0x20000008   0x0000001e   Data   RW          206    .data               app_dome.o
    0x20000026   0x00000001   Data   RW          341    .data               app_2d4.o
    0x20000027   0x00000001   PAD
    0x20000028   0x00000010   Data   RW          391    .data               app_work.o
    0x20000038   0x00000004   Data   RW          432    .data               app_uart.o
    0x2000003c   0x00000008   Data   RW          500    .data               bsp_key.o
    0x20000044   0x00000004   Data   RW          665    .data               bsp_light.o
    0x20000048   0x00000017   Data   RW          757    .data               bsp_2d4.o
    0x2000005f   0x00000001   PAD
    0x20000060   0x00000018   Data   RW          970    .data               lite-log.o
    0x20000078   0x00000004   Data   RW         1041    .data               system_mini58series.o
    0x2000007c   0x0000000c   Data   RW         1042    .data               system_mini58series.o
    0x20000088   0x00000004   Data   RW         1829    .data               retarget.o


    Execution Region ER_ZI (Base: 0x2000008c, Size: 0x000009cc, Max: 0xffffffff, ABSOLUTE)

    Base Addr    Size         Type   Attr      Idx    E Section Name        Object

    0x2000008c   0x00000089   Zero   RW          204    .bss                app_dome.o
    0x20000115   0x00000020   Zero   RW          340    .bss                app_2d4.o
    0x20000135   0x00000001   PAD
    0x20000136   0x00000304   Zero   RW          430    .bss                app_uart.o
    0x2000043a   0x00000002   PAD
    0x2000043c   0x0000002d   Zero   RW          499    .bss                bsp_key.o
    0x20000469   0x00000001   PAD
    0x2000046a   0x0000000e   Zero   RW          625    .bss                bsp_timer0.o
    0x20000478   0x000002d0   Zero   RW          888    .bss                bsp_uart_fifo.o
    0x20000748   0x0000010c   Zero   RW          968    .bss                lite-log.o
    0x20000854   0x00000004   PAD
    0x20000858   0x00000200   Zero   RW         1089    STACK               startup_mini58series.o


==============================================================================

Image component sizes


      Code (inc. data)   RO Data    RW Data    ZI Data      Debug   Object Name

      1292         72          0          1         32       5088   app_2d4.o
       156         10          0          2          0       1716   app_crc.o
      1656        110         30         30        137       9079   app_dome.o
       174          4          0          0          0       2841   app_eeprom.o
      1876        100         13          4        772       5483   app_uart.o
       148         14          0         16          0       1980   app_work.o
        32          0          0          0          0        415   bsp.o
       944         70          5         23          0       9574   bsp_2d4.o
       776        504         16          0          0       2278   bsp_eeprom.o
       424         52          0          8         45       4433   bsp_key.o
       368         42          0          4          0       2268   bsp_light.o
        96         30          0          0          0       2798   bsp_relay.o
       200         34          0          0         14      10935   bsp_timer0.o
       612         54          0          0        720       7375   bsp_uart_fifo.o
       876         98          0          0          0       6379   clk.o
       284         54          0          0          0       5601   fmc.o
        40          0          0          0          0        935   gpio.o
       216         52         24         24        268       4034   lite-log.o
       878        218          5          6          0     140571   main.o
        60         10          0          0          0       1459   pwm.o
       280        132          0          4          0       4462   retarget.o
        20          4        192          0        512        684   startup_mini58series.o
        28          0          0          0          0        470   sys.o
       168         30          0         16          0     130477   system_mini58series.o
       168         24          0          0          0       1784   timer.o
       232         34          0          0          0       2971   uart.o

    ----------------------------------------------------------------------
     12014       1752        320        140       2508     366090   Object Totals
         0          0         32          0          0          0   (incl. Generated)
        10          0          3          2          8          0   (incl. Padding)

    ----------------------------------------------------------------------

      Code (inc. data)   RO Data    RW Data    ZI Data      Debug   Library Member Name

         0          0          0          0          0          0   entry.o
         0          0          0          0          0          0   entry10a.o
         0          0          0          0          0          0   entry11a.o
         8          4          0          0          0          0   entry2.o
         4          0          0          0          0          0   entry5.o
         0          0          0          0          0          0   entry7b.o
         0          0          0          0          0          0   entry8b.o
         8          4          0          0          0          0   entry9a.o
        30          0          0          0          0          0   handlers.o
        40          0          0          0          0         72   idiv.o
        36          8          0          0          0         68   init.o
         0          0          0          0          0          0   iusefp.o
        32          0          0          0          0         68   llshl.o
        38          0          0          0          0         68   llsshr.o
        34          0          0          0          0         68   llushr.o
        36          0          0          0          0         60   memcpya.o
        36          0          0          0          0        100   memseta.o
      2298        104          0          0          0        544   printfa.o
        14          0          0          0          0         60   strlen.o
        26          0          0          0          0         68   strncpy.o
        44          0          0          0          0         72   uidiv.o
        96          0          0          0          0         84   uldiv.o
        20          0          0          0          0         60   uread4.o
        18          0          0          0          0         60   uwrite4.o
        40          2          0          0          0         68   cdrcmple.o
       356          4          0          0          0        140   dadd.o
       240          6          0          0          0         84   ddiv.o
       236          0          0          0          0        216   depilogue.o
        64         10          0          0          0         68   dfixul.o
       208          6          0          0          0         88   dmul.o

    ----------------------------------------------------------------------
      3970        148          0          0          0       2116   Library Totals
         8          0          0          0          0          0   (incl. Padding)

    ----------------------------------------------------------------------

      Code (inc. data)   RO Data    RW Data    ZI Data      Debug   Library Name

      2818        120          0          0          0       1452   mc_p.l
      1144         28          0          0          0        664   mf_p.l

    ----------------------------------------------------------------------
      3970        148          0          0          0       2116   Library Totals

    ----------------------------------------------------------------------

==============================================================================


      Code (inc. data)   RO Data    RW Data    ZI Data      Debug   

     15984       1900        320        140       2508     362006   Grand Totals
     15984       1900        320        140       2508     362006   ELF Image Totals
     15984       1900        320        140          0          0   ROM Totals

==============================================================================

    Total RO  Size (Code + RO Data)                16304 (  15.92kB)
    Total RW  Size (RW Data + ZI Data)              2648 (   2.59kB)
    Total ROM Size (Code + RO Data + RW Data)      16444 (  16.06kB)

==============================================================================

