Component: ARM Compiler 5.06 update 4 (build 422) Tool: armlink [4d35d2]

==============================================================================

Small function inlining results

Inlined total of 0 calls.

==============================================================================

Memory Map of the image

  Image Entry point : 0x000000f1

  Load Region LR_1 (Base: 0x00000000, Size: 0x00001ea4, Max: 0xffffffff, ABSOLUTE)

    Execution Region ER_RO (Base: 0x00000000, Size: 0x00001e70, Max: 0xffffffff, ABSOLUTE)

    Base Addr    Size         Type   Attr      Idx    E Section Name        Object

    0x00000000   0x000000c0   Data   RO          776    RESET               startup_mini58series.o
    0x000000c0   0x00000000   Code   RO         1991  * .ARM.Collect$$$$00000000  mc_p.l(entry.o)
    0x000000c0   0x00000004   Code   RO         2279    .ARM.Collect$$$$00000001  mc_p.l(entry2.o)
    0x000000c4   0x00000004   Code   RO         2282    .ARM.Collect$$$$00000004  mc_p.l(entry5.o)
    0x000000c8   0x00000000   Code   RO         2284    .ARM.Collect$$$$00000008  mc_p.l(entry7b.o)
    0x000000c8   0x00000000   Code   RO         2286    .ARM.Collect$$$$0000000A  mc_p.l(entry8b.o)
    0x000000c8   0x00000008   Code   RO         2287    .ARM.Collect$$$$0000000B  mc_p.l(entry9a.o)
    0x000000d0   0x00000000   Code   RO         2289    .ARM.Collect$$$$0000000D  mc_p.l(entry10a.o)
    0x000000d0   0x00000000   Code   RO         2291    .ARM.Collect$$$$0000000F  mc_p.l(entry11a.o)
    0x000000d0   0x00000004   Code   RO         2280    .ARM.Collect$$$$00002712  mc_p.l(entry2.o)
    0x000000d4   0x0000001c   Code   RO         1502    .emb_text           retarget.o
    0x000000f0   0x00000014   Code   RO          777  * .text               startup_mini58series.o
    0x00000104   0x0000002c   Code   RO         1992    .text               mc_p.l(uidiv.o)
    0x00000130   0x00000024   Code   RO         1996    .text               mc_p.l(memseta.o)
    0x00000154   0x0000001a   Code   RO         1998    .text               mc_p.l(strncpy.o)
    0x0000016e   0x0000000e   Code   RO         2002    .text               mc_p.l(strlen.o)
    0x0000017c   0x00000060   Code   RO         2293    .text               mc_p.l(uldiv.o)
    0x000001dc   0x00000000   Code   RO         2295    .text               mc_p.l(iusefp.o)
    0x000001dc   0x00000164   Code   RO         2298    .text               mf_p.l(dadd.o)
    0x00000340   0x000000d0   Code   RO         2300    .text               mf_p.l(dmul.o)
    0x00000410   0x000000f0   Code   RO         2302    .text               mf_p.l(ddiv.o)
    0x00000500   0x00000040   Code   RO         2304    .text               mf_p.l(dfixul.o)
    0x00000540   0x00000028   Code   RO         2306    .text               mf_p.l(cdrcmple.o)
    0x00000568   0x00000024   Code   RO         2308    .text               mc_p.l(init.o)
    0x0000058c   0x00000020   Code   RO         2310    .text               mc_p.l(llshl.o)
    0x000005ac   0x00000022   Code   RO         2312    .text               mc_p.l(llushr.o)
    0x000005ce   0x00000026   Code   RO         2314    .text               mc_p.l(llsshr.o)
    0x000005f4   0x000000be   Code   RO         2316    .text               mf_p.l(depilogue.o)
    0x000006b2   0x00000002   PAD
    0x000006b4   0x00000010   Code   RO          879    i.CLK_DisablePLL    clk.o
    0x000006c4   0x0000001c   Code   RO          883    i.CLK_EnableModuleClock  clk.o
    0x000006e0   0x00000208   Code   RO          884    i.CLK_EnablePLL     clk.o
    0x000008e8   0x00000018   Code   RO          886    i.CLK_EnableXtalRC  clk.o
    0x00000900   0x00000058   Code   RO         1822    i.CLK_GetPLLClockFreq  uart.o
    0x00000958   0x00000080   Code   RO          893    i.CLK_SetCoreClock  clk.o
    0x000009d8   0x00000024   Code   RO          894    i.CLK_SetHCLK       clk.o
    0x000009fc   0x00000050   Code   RO          895    i.CLK_SetModuleClock  clk.o
    0x00000a4c   0x0000002c   Code   RO          898    i.CLK_WaitClockReady  clk.o
    0x00000a78   0x00000028   Code   RO         1132    i.GPIO_SetMode      gpio.o
    0x00000aa0   0x00000028   Code   RO         1504    i.Hard_Fault_Handler  retarget.o
    0x00000ac8   0x00000010   Code   RO          402    i.IsKeyDown1        bsp_key.o
    0x00000ad8   0x00000010   Code   RO          403    i.IsKeyDown2        bsp_key.o
    0x00000ae8   0x0000001c   Code   RO          648    i.LITE_openlog      lite-log.o
    0x00000b04   0x0000000c   Code   RO          650    i.LITE_set_loglevel  lite-log.o
    0x00000b10   0x000000b0   Code   RO          651    i.LITE_syslog       lite-log.o
    0x00000bc0   0x00000108   Code   RO          574    i.Light_InitHard    bsp_light.o
    0x00000cc8   0x00000010   Code   RO         1306    i.PWM_EnableOutput  pwm.o
    0x00000cd8   0x0000002c   Code   RO         1316    i.PWM_Start         pwm.o
    0x00000d04   0x0000001c   Code   RO          488    i.Relay_InitHard    bsp_relay.o
    0x00000d20   0x00000044   Code   RO            3    i.SYS_Init          main.o
    0x00000d64   0x0000001c   Code   RO         1695    i.SYS_ResetModule   sys.o
    0x00000d80   0x00000020   Code   RO         1507    i.SendChar_ToUART   retarget.o
    0x00000da0   0x000000a8   Code   RO          724    i.SystemCoreClockUpdate  system_mini58series.o
    0x00000e48   0x00000058   Code   RO         1766    i.TIMER_GetModuleClock  timer.o
    0x00000ea0   0x00000050   Code   RO         1767    i.TIMER_Open        timer.o
    0x00000ef0   0x00000060   Code   RO          537    i.TMR0_IRQHandler   bsp_timer0.o
    0x00000f50   0x00000060   Code   RO          538    i.Timer0_InitHard   bsp_timer0.o
    0x00000fb0   0x00000024   Code   RO          359    i.UART1_IRQHandler  bsp_uart.o
    0x00000fd4   0x00000080   Code   RO         1829    i.UART_Open         uart.o
    0x00001054   0x00000084   Code   RO          360    i.Uart_InitHard     bsp_uart.o
    0x000010d8   0x00000020   Code   RO         2239    i.__0printf         mc_p.l(printfa.o)
    0x000010f8   0x00000024   Code   RO         2245    i.__0vsprintf       mc_p.l(printfa.o)
    0x0000111c   0x0000002e   Code   RO         2318    i.__ARM_clz         mf_p.l(depilogue.o)
    0x0000114a   0x0000000e   Code   RO         2322    i.__scatterload_copy  mc_p.l(handlers.o)
    0x00001158   0x00000002   Code   RO         2323    i.__scatterload_null  mc_p.l(handlers.o)
    0x0000115a   0x0000000e   Code   RO         2324    i.__scatterload_zeroinit  mc_p.l(handlers.o)
    0x00001168   0x00000174   Code   RO         2246    i._fp_digits        mc_p.l(printfa.o)
    0x000012dc   0x000006ec   Code   RO         2247    i._printf_core      mc_p.l(printfa.o)
    0x000019c8   0x00000020   Code   RO         2248    i._printf_post_padding  mc_p.l(printfa.o)
    0x000019e8   0x0000002c   Code   RO         2249    i._printf_pre_padding  mc_p.l(printfa.o)
    0x00001a14   0x0000000a   Code   RO         2251    i._sputc            mc_p.l(printfa.o)
    0x00001a1e   0x00000002   PAD
    0x00001a20   0x000000b8   Code   RO          405    i.bsp_DetectKey     bsp_key.o
    0x00001ad8   0x00000024   Code   RO          406    i.bsp_GetKey        bsp_key.o
    0x00001afc   0x00000018   Code   RO          339    i.bsp_Init          bsp.o
    0x00001b14   0x00000024   Code   RO          409    i.bsp_InitKey       bsp_key.o
    0x00001b38   0x00000044   Code   RO          410    i.bsp_InitKeyVar    bsp_key.o
    0x00001b7c   0x00000014   Code   RO          411    i.bsp_KeyScan       bsp_key.o
    0x00001b90   0x0000001c   Code   RO          412    i.bsp_PutKey        bsp_key.o
    0x00001bac   0x0000000c   Code   RO         1511    i.fputc             retarget.o
    0x00001bb8   0x000001c8   Code   RO            4    i.main              main.o
    0x00001d80   0x000000a8   Code   RO         1513    i.stackDump         retarget.o
    0x00001e28   0x00000008   Code   RO          539    i.timer0_taskTimer_get  bsp_timer0.o
    0x00001e30   0x00000005   Data   RO            5    .constdata          main.o
    0x00001e35   0x00000003   PAD
    0x00001e38   0x00000018   Data   RO          654    .conststring        lite-log.o
    0x00001e50   0x00000020   Data   RO         2320    Region$$Table       anon$$obj.o


    Execution Region ER_RW (Base: 0x20000000, Size: 0x00000034, Max: 0xffffffff, ABSOLUTE)

    Base Addr    Size         Type   Attr      Idx    E Section Name        Object

    0x20000000   0x00000004   Data   RW            6    .data               main.o
    0x20000004   0x00000004   Data   RW          415    .data               bsp_key.o
    0x20000008   0x00000018   Data   RW          655    .data               lite-log.o
    0x20000020   0x00000004   Data   RW          726    .data               system_mini58series.o
    0x20000024   0x0000000c   Data   RW          727    .data               system_mini58series.o
    0x20000030   0x00000004   Data   RW         1514    .data               retarget.o


    Execution Region ER_ZI (Base: 0x20000034, Size: 0x0000034c, Max: 0xffffffff, ABSOLUTE)

    Base Addr    Size         Type   Attr      Idx    E Section Name        Object

    0x20000034   0x0000002d   Zero   RW          414    .bss                bsp_key.o
    0x20000061   0x00000001   PAD
    0x20000062   0x0000000c   Zero   RW          540    .bss                bsp_timer0.o
    0x2000006e   0x00000002   PAD
    0x20000070   0x0000010c   Zero   RW          653    .bss                lite-log.o
    0x2000017c   0x00000004   PAD
    0x20000180   0x00000200   Zero   RW          774    STACK               startup_mini58series.o


==============================================================================

Image component sizes


      Code (inc. data)   RO Data    RW Data    ZI Data      Debug   Object Name

        24          0          0          0          0        407   bsp.o
       404         50          0          4         45       4305   bsp_key.o
       264         30          0          0          0        541   bsp_light.o
        28          8          0          0          0        810   bsp_relay.o
       200         34          0          0         12       4547   bsp_timer0.o
       168         30          0          0          0       7487   bsp_uart.o
       876         98          0          0          0       6379   clk.o
        40          0          0          0          0        935   gpio.o
       216         52         24         24        268       4034   lite-log.o
       524        196          5          4          0     138790   main.o
        60         10          0          0          0       1459   pwm.o
       280        132          0          4          0       4462   retarget.o
        20          4        192          0        512        684   startup_mini58series.o
        28          0          0          0          0        470   sys.o
       168         30          0         16          0     130477   system_mini58series.o
       168         24          0          0          0       1784   timer.o
       216         34          0          0          0       1960   uart.o

    ----------------------------------------------------------------------
      3684        732        256         52        844     309531   Object Totals
         0          0         32          0          0          0   (incl. Generated)
         0          0          3          0          7          0   (incl. Padding)

    ----------------------------------------------------------------------

      Code (inc. data)   RO Data    RW Data    ZI Data      Debug   Library Member Name

         0          0          0          0          0          0   entry.o
         0          0          0          0          0          0   entry10a.o
         0          0          0          0          0          0   entry11a.o
         8          4          0          0          0          0   entry2.o
         4          0          0          0          0          0   entry5.o
         0          0          0          0          0          0   entry7b.o
         0          0          0          0          0          0   entry8b.o
         8          4          0          0          0          0   entry9a.o
        30          0          0          0          0          0   handlers.o
        36          8          0          0          0         68   init.o
         0          0          0          0          0          0   iusefp.o
        32          0          0          0          0         68   llshl.o
        38          0          0          0          0         68   llsshr.o
        34          0          0          0          0         68   llushr.o
        36          0          0          0          0        100   memseta.o
      2298        104          0          0          0        544   printfa.o
        14          0          0          0          0         60   strlen.o
        26          0          0          0          0         68   strncpy.o
        44          0          0          0          0         72   uidiv.o
        96          0          0          0          0         84   uldiv.o
        40          2          0          0          0         68   cdrcmple.o
       356          4          0          0          0        140   dadd.o
       240          6          0          0          0         84   ddiv.o
       236          0          0          0          0        216   depilogue.o
        64         10          0          0          0         68   dfixul.o
       208          6          0          0          0         88   dmul.o

    ----------------------------------------------------------------------
      3852        148          0          0          0       1864   Library Totals
         4          0          0          0          0          0   (incl. Padding)

    ----------------------------------------------------------------------

      Code (inc. data)   RO Data    RW Data    ZI Data      Debug   Library Name

      2704        120          0          0          0       1200   mc_p.l
      1144         28          0          0          0        664   mf_p.l

    ----------------------------------------------------------------------
      3852        148          0          0          0       1864   Library Totals

    ----------------------------------------------------------------------

==============================================================================


      Code (inc. data)   RO Data    RW Data    ZI Data      Debug   

      7536        880        256         52        844     308847   Grand Totals
      7536        880        256         52        844     308847   ELF Image Totals
      7536        880        256         52          0          0   ROM Totals

==============================================================================

    Total RO  Size (Code + RO Data)                 7792 (   7.61kB)
    Total RW  Size (RW Data + ZI Data)               896 (   0.88kB)
    Total ROM Size (Code + RO Data + RW Data)       7844 (   7.66kB)

==============================================================================

