Component: ARM Compiler 5.06 update 4 (build 422) Tool: armlink [4d35d2]

==============================================================================

Small function inlining results

Inlined total of 0 calls.

==============================================================================

Memory Map of the image

  Image Entry point : 0x000000f1

  Load Region LR_1 (Base: 0x00000000, Size: 0x00002f6c, Max: 0xffffffff, ABSOLUTE)

    Execution Region ER_RO (Base: 0x00000000, Size: 0x00002f14, Max: 0xffffffff, ABSOLUTE)

    Base Addr    Size         Type   Attr      Idx    E Section Name        Object

    0x00000000   0x000000c0   Data   RO         1089    RESET               startup_mini58series.o
    0x000000c0   0x00000000   Code   RO         2304  * .ARM.Collect$$$$00000000  mc_p.l(entry.o)
    0x000000c0   0x00000004   Code   RO         2592    .ARM.Collect$$$$00000001  mc_p.l(entry2.o)
    0x000000c4   0x00000004   Code   RO         2595    .ARM.Collect$$$$00000004  mc_p.l(entry5.o)
    0x000000c8   0x00000000   Code   RO         2597    .ARM.Collect$$$$00000008  mc_p.l(entry7b.o)
    0x000000c8   0x00000000   Code   RO         2599    .ARM.Collect$$$$0000000A  mc_p.l(entry8b.o)
    0x000000c8   0x00000008   Code   RO         2600    .ARM.Collect$$$$0000000B  mc_p.l(entry9a.o)
    0x000000d0   0x00000000   Code   RO         2602    .ARM.Collect$$$$0000000D  mc_p.l(entry10a.o)
    0x000000d0   0x00000000   Code   RO         2604    .ARM.Collect$$$$0000000F  mc_p.l(entry11a.o)
    0x000000d0   0x00000004   Code   RO         2593    .ARM.Collect$$$$00002712  mc_p.l(entry2.o)
    0x000000d4   0x0000001c   Code   RO         1815    .emb_text           retarget.o
    0x000000f0   0x00000014   Code   RO         1090  * .text               startup_mini58series.o
    0x00000104   0x0000002c   Code   RO         2305    .text               mc_p.l(uidiv.o)
    0x00000130   0x00000024   Code   RO         2307    .text               mc_p.l(memcpya.o)
    0x00000154   0x00000024   Code   RO         2309    .text               mc_p.l(memseta.o)
    0x00000178   0x0000001a   Code   RO         2311    .text               mc_p.l(strncpy.o)
    0x00000192   0x0000000e   Code   RO         2315    .text               mc_p.l(strlen.o)
    0x000001a0   0x00000012   Code   RO         2582    .text               mc_p.l(uwrite4.o)
    0x000001b2   0x00000060   Code   RO         2606    .text               mc_p.l(uldiv.o)
    0x00000212   0x00000000   Code   RO         2608    .text               mc_p.l(iusefp.o)
    0x00000212   0x00000002   PAD
    0x00000214   0x00000164   Code   RO         2611    .text               mf_p.l(dadd.o)
    0x00000378   0x000000d0   Code   RO         2613    .text               mf_p.l(dmul.o)
    0x00000448   0x000000f0   Code   RO         2615    .text               mf_p.l(ddiv.o)
    0x00000538   0x00000040   Code   RO         2617    .text               mf_p.l(dfixul.o)
    0x00000578   0x00000028   Code   RO         2619    .text               mf_p.l(cdrcmple.o)
    0x000005a0   0x00000024   Code   RO         2621    .text               mc_p.l(init.o)
    0x000005c4   0x00000020   Code   RO         2623    .text               mc_p.l(llshl.o)
    0x000005e4   0x00000022   Code   RO         2625    .text               mc_p.l(llushr.o)
    0x00000606   0x00000026   Code   RO         2627    .text               mc_p.l(llsshr.o)
    0x0000062c   0x000000be   Code   RO         2629    .text               mf_p.l(depilogue.o)
    0x000006ea   0x00000002   PAD
    0x000006ec   0x00000010   Code   RO         1192    i.CLK_DisablePLL    clk.o
    0x000006fc   0x0000001c   Code   RO         1196    i.CLK_EnableModuleClock  clk.o
    0x00000718   0x00000208   Code   RO         1197    i.CLK_EnablePLL     clk.o
    0x00000920   0x00000018   Code   RO         1199    i.CLK_EnableXtalRC  clk.o
    0x00000938   0x00000058   Code   RO         2135    i.CLK_GetPLLClockFreq  uart.o
    0x00000990   0x00000080   Code   RO         1206    i.CLK_SetCoreClock  clk.o
    0x00000a10   0x00000024   Code   RO         1207    i.CLK_SetHCLK       clk.o
    0x00000a34   0x00000050   Code   RO         1208    i.CLK_SetModuleClock  clk.o
    0x00000a84   0x0000002c   Code   RO         1211    i.CLK_WaitClockReady  clk.o
    0x00000ab0   0x0000001c   Code   RO          875    i.ComToUart         bsp_uart_fifo.o
    0x00000acc   0x000002f0   Code   RO          699    i.EEPROM_InitHard   bsp_eeprom.o
    0x00000dbc   0x00000010   Code   RO         1334    i.FMC_Close         fmc.o
    0x00000dcc   0x00000014   Code   RO         1336    i.FMC_GetBootSource  fmc.o
    0x00000de0   0x00000010   Code   RO         1339    i.FMC_Open          fmc.o
    0x00000df0   0x0000001c   Code   RO         1340    i.FMC_Read          fmc.o
    0x00000e0c   0x0000001c   Code   RO         1341    i.FMC_ReadCID       fmc.o
    0x00000e28   0x0000000c   Code   RO         1343    i.FMC_ReadDataFlashBaseAddr  fmc.o
    0x00000e34   0x0000001c   Code   RO         1344    i.FMC_ReadPID       fmc.o
    0x00000e50   0x00000020   Code   RO         1345    i.FMC_ReadUCID      fmc.o
    0x00000e70   0x0000001c   Code   RO         1346    i.FMC_ReadUID       fmc.o
    0x00000e8c   0x00000028   Code   RO         1445    i.GPIO_SetMode      gpio.o
    0x00000eb4   0x00000028   Code   RO         1817    i.Hard_Fault_Handler  retarget.o
    0x00000edc   0x00000014   Code   RO          492    i.IsKeyDown1        bsp_key.o
    0x00000ef0   0x00000014   Code   RO          493    i.IsKeyDown2        bsp_key.o
    0x00000f04   0x0000001c   Code   RO          961    i.LITE_openlog      lite-log.o
    0x00000f20   0x0000000c   Code   RO          963    i.LITE_set_loglevel  lite-log.o
    0x00000f2c   0x000000b0   Code   RO          964    i.LITE_syslog       lite-log.o
    0x00000fdc   0x00000104   Code   RO          667    i.Light_InitHard    bsp_light.o
    0x000010e0   0x00000040   Code   RO          668    i.Light_RGB_set     bsp_light.o
    0x00001120   0x00000030   Code   RO          669    i.Light_bright_set  bsp_light.o
    0x00001150   0x00000010   Code   RO         1619    i.PWM_EnableOutput  pwm.o
    0x00001160   0x0000002c   Code   RO         1629    i.PWM_Start         pwm.o
    0x0000118c   0x00000014   Code   RO          739    i.RF_ClearFIFO      bsp_2d4.o
    0x000011a0   0x0000000c   Code   RO          740    i.RF_ClearStatus    bsp_2d4.o
    0x000011ac   0x00000108   Code   RO          741    i.RF_Init           bsp_2d4.o
    0x000012b4   0x0000003c   Code   RO          742    i.RF_ReadBuf        bsp_2d4.o
    0x000012f0   0x0000002c   Code   RO          743    i.RF_RxMode         bsp_2d4.o
    0x0000131c   0x00000034   Code   RO          745    i.RF_TxData         bsp_2d4.o
    0x00001350   0x00000014   Code   RO          746    i.RF_TxMode         bsp_2d4.o
    0x00001364   0x0000002c   Code   RO          747    i.RF_WriteBuf       bsp_2d4.o
    0x00001390   0x00000020   Code   RO          748    i.RF_WriteReg       bsp_2d4.o
    0x000013b0   0x0000001c   Code   RO          578    i.Relay_InitHard    bsp_relay.o
    0x000013cc   0x0000000c   Code   RO          579    i.Relay_IsOn        bsp_relay.o
    0x000013d8   0x0000000c   Code   RO          580    i.Relay_off         bsp_relay.o
    0x000013e4   0x0000000c   Code   RO          581    i.Relay_on          bsp_relay.o
    0x000013f0   0x00000010   Code   RO          583    i.Relay_toggle      bsp_relay.o
    0x00001400   0x00000050   Code   RO          749    i.SPI_WR            bsp_2d4.o
    0x00001450   0x00000040   Code   RO          750    i.SPI_WW            bsp_2d4.o
    0x00001490   0x00000044   Code   RO            3    i.SYS_Init          main.o
    0x000014d4   0x0000001c   Code   RO         2008    i.SYS_ResetModule   sys.o
    0x000014f0   0x00000020   Code   RO         1820    i.SendChar_ToUART   retarget.o
    0x00001510   0x000000a8   Code   RO         1037    i.SystemCoreClockUpdate  system_mini58series.o
    0x000015b8   0x00000058   Code   RO         2079    i.TIMER_GetModuleClock  timer.o
    0x00001610   0x00000050   Code   RO         2080    i.TIMER_Open        timer.o
    0x00001660   0x00000060   Code   RO          627    i.TMR0_IRQHandler   bsp_timer0.o
    0x000016c0   0x00000060   Code   RO          628    i.Timer0_InitHard   bsp_timer0.o
    0x00001720   0x00000008   Code   RO         2141    i.UART_EnableInt    uart.o
    0x00001728   0x00000080   Code   RO         2142    i.UART_Open         uart.o
    0x000017a8   0x00000064   Code   RO          879    i.UartVarInit       bsp_uart_fifo.o
    0x0000180c   0x00000028   Code   RO          752    i.Wireless2d4_InitHard  bsp_2d4.o
    0x00001834   0x00000020   Code   RO         2552    i.__0printf         mc_p.l(printfa.o)
    0x00001854   0x00000024   Code   RO         2558    i.__0vsprintf       mc_p.l(printfa.o)
    0x00001878   0x0000002e   Code   RO         2631    i.__ARM_clz         mf_p.l(depilogue.o)
    0x000018a6   0x0000001a   Code   RO           27    i.__ARM_common_switch8  main.o
    0x000018c0   0x0000000e   Code   RO         2635    i.__scatterload_copy  mc_p.l(handlers.o)
    0x000018ce   0x00000002   Code   RO         2636    i.__scatterload_null  mc_p.l(handlers.o)
    0x000018d0   0x0000000e   Code   RO         2637    i.__scatterload_zeroinit  mc_p.l(handlers.o)
    0x000018de   0x00000002   PAD
    0x000018e0   0x00000174   Code   RO         2559    i._fp_digits        mc_p.l(printfa.o)
    0x00001a54   0x000006ec   Code   RO         2560    i._printf_core      mc_p.l(printfa.o)
    0x00002140   0x00000020   Code   RO         2561    i._printf_post_padding  mc_p.l(printfa.o)
    0x00002160   0x0000002c   Code   RO         2562    i._printf_pre_padding  mc_p.l(printfa.o)
    0x0000218c   0x0000000a   Code   RO         2564    i._sputc            mc_p.l(printfa.o)
    0x00002196   0x00000002   PAD
    0x00002198   0x000003ec   Code   RO          350    i.app_2d4_Rcv       app_2d4.o
    0x00002584   0x0000002c   Code   RO          351    i.app_2d4_init      app_2d4.o
    0x000025b0   0x00000060   Code   RO          352    i.app_2d4_pro       app_2d4.o
    0x00002610   0x0000003c   Code   RO          353    i.app_2d4_send      app_2d4.o
    0x0000264c   0x00000048   Code   RO          158    i.app_CalcCRC8      app_crc.o
    0x00002694   0x00000034   Code   RO          189    i.app_color_blink_next  app_dome.o
    0x000026c8   0x00000030   Code   RO          190    i.app_color_blink_previous  app_dome.o
    0x000026f8   0x00000014   Code   RO          192    i.app_dome_get_current_Name  app_dome.o
    0x0000270c   0x00000024   Code   RO          194    i.app_dome_next     app_dome.o
    0x00002730   0x00000020   Code   RO          195    i.app_dome_previous  app_dome.o
    0x00002750   0x00000024   Code   RO          196    i.app_dome_rgb      app_dome.o
    0x00002774   0x000000a0   Code   RO          198    i.app_dome_start    app_dome.o
    0x00002814   0x00000018   Code   RO          199    i.app_dome_start_current  app_dome.o
    0x0000282c   0x0000001c   Code   RO          200    i.app_dome_stop_current  app_dome.o
    0x00002848   0x0000007c   Code   RO          434    i.app_uart_send     app_uart.o
    0x000028c4   0x00000002   Code   RO          395    i.app_work_Init     app_work.o
    0x000028c6   0x00000002   PAD
    0x000028c8   0x000000b8   Code   RO          495    i.bsp_DetectKey     bsp_key.o
    0x00002980   0x00000024   Code   RO          496    i.bsp_GetKey        bsp_key.o
    0x000029a4   0x00000020   Code   RO          472    i.bsp_Init          bsp.o
    0x000029c4   0x00000030   Code   RO          499    i.bsp_InitKey       bsp_key.o
    0x000029f4   0x00000044   Code   RO          500    i.bsp_InitKeyVar    bsp_key.o
    0x00002a38   0x00000074   Code   RO          880    i.bsp_InitUart      bsp_uart_fifo.o
    0x00002aac   0x00000014   Code   RO          501    i.bsp_KeyScan       bsp_key.o
    0x00002ac0   0x0000001c   Code   RO          502    i.bsp_PutKey        bsp_key.o
    0x00002adc   0x00000072   Code   RO          884    i.comSendBuf        bsp_uart_fifo.o
    0x00002b4e   0x0000000e   Code   RO          753    i.delay_2d4         bsp_2d4.o
    0x00002b5c   0x0000000c   Code   RO         1824    i.fputc             retarget.o
    0x00002b68   0x000001d4   Code   RO            4    i.main              main.o
    0x00002d3c   0x000000a8   Code   RO         1826    i.stackDump         retarget.o
    0x00002de4   0x00000008   Code   RO          629    i.timer0_taskTimer_get  bsp_timer0.o
    0x00002dec   0x00000038   Code   RO          754    i.ucRF_DumpRxData   bsp_2d4.o
    0x00002e24   0x0000000e   Code   RO          756    i.ucRF_GetStatus    bsp_2d4.o
    0x00002e32   0x00000002   PAD
    0x00002e34   0x0000002c   Code   RO          757    i.ucRF_ReadReg      bsp_2d4.o
    0x00002e60   0x00000044   Code   RO          758    i.ucSPI_Read        bsp_2d4.o
    0x00002ea4   0x00000005   Data   RO            5    .constdata          main.o
    0x00002ea9   0x0000001e   Data   RO          203    .constdata          app_dome.o
    0x00002ec7   0x00000010   Data   RO          703    .constdata          bsp_eeprom.o
    0x00002ed7   0x00000005   Data   RO          759    .constdata          bsp_2d4.o
    0x00002edc   0x00000018   Data   RO          967    .conststring        lite-log.o
    0x00002ef4   0x00000020   Data   RO         2633    Region$$Table       anon$$obj.o


    Execution Region ER_RW (Base: 0x20000000, Size: 0x00000058, Max: 0xffffffff, ABSOLUTE)

    Base Addr    Size         Type   Attr      Idx    E Section Name        Object

    0x20000000   0x00000004   Data   RW            6    .data               main.o
    0x20000004   0x00000002   Data   RW          160    .data               app_crc.o
    0x20000006   0x00000002   PAD
    0x20000008   0x00000016   Data   RW          204    .data               app_dome.o
    0x2000001e   0x00000001   Data   RW          355    .data               app_2d4.o
    0x2000001f   0x00000001   PAD
    0x20000020   0x00000004   Data   RW          396    .data               app_work.o
    0x20000024   0x00000008   Data   RW          505    .data               bsp_key.o
    0x2000002c   0x00000018   Data   RW          968    .data               lite-log.o
    0x20000044   0x00000004   Data   RW         1039    .data               system_mini58series.o
    0x20000048   0x0000000c   Data   RW         1040    .data               system_mini58series.o
    0x20000054   0x00000004   Data   RW         1827    .data               retarget.o


    Execution Region ER_ZI (Base: 0x20000058, Size: 0x000009c8, Max: 0xffffffff, ABSOLUTE)

    Base Addr    Size         Type   Attr      Idx    E Section Name        Object

    0x20000058   0x00000089   Zero   RW          202    .bss                app_dome.o
    0x200000e1   0x00000020   Zero   RW          354    .bss                app_2d4.o
    0x20000101   0x00000001   PAD
    0x20000102   0x00000304   Zero   RW          435    .bss                app_uart.o
    0x20000406   0x00000002   PAD
    0x20000408   0x0000002d   Zero   RW          504    .bss                bsp_key.o
    0x20000435   0x00000001   PAD
    0x20000436   0x0000000c   Zero   RW          630    .bss                bsp_timer0.o
    0x20000442   0x00000002   PAD
    0x20000444   0x000002d0   Zero   RW          886    .bss                bsp_uart_fifo.o
    0x20000714   0x0000010c   Zero   RW          966    .bss                lite-log.o
    0x20000820   0x00000200   Zero   RW         1087    STACK               startup_mini58series.o


==============================================================================

Image component sizes


      Code (inc. data)   RO Data    RW Data    ZI Data      Debug   Object Name

      1204         58          0          1         32       3980   app_2d4.o
        72          6          0          2          0       1019   app_crc.o
       436         54         30         22        137       6462   app_dome.o
       124          8          0          0        772       1376   app_uart.o
         2          0          0          4          0       1062   app_work.o
        32          0          0          0          0        415   bsp.o
       928         88          5          0          0       9553   bsp_2d4.o
       752        504         16          0          0        766   bsp_eeprom.o
       424         52          0          8         45       4433   bsp_key.o
       372         50          0          0          0       2156   bsp_light.o
        80         26          0          0          0       2330   bsp_relay.o
       200         34          0          0         12      10935   bsp_timer0.o
       358         40          0          0        720       4876   bsp_uart_fifo.o
       876         98          0          0          0       6379   clk.o
       208         42          0          0          0       4617   fmc.o
        40          0          0          0          0        935   gpio.o
       216         52         24         24        268       4034   lite-log.o
       562        210          5          4          0     138706   main.o
        60         10          0          0          0       1459   pwm.o
       280        132          0          4          0       4462   retarget.o
        20          4        192          0        512        684   startup_mini58series.o
        28          0          0          0          0        470   sys.o
       168         30          0         16          0     130477   system_mini58series.o
       168         24          0          0          0       1784   timer.o
       224         34          0          0          0       2465   uart.o

    ----------------------------------------------------------------------
      7838       1556        304         88       2504     345835   Object Totals
         0          0         32          0          0          0   (incl. Generated)
         4          0          0          3          6          0   (incl. Padding)

    ----------------------------------------------------------------------

      Code (inc. data)   RO Data    RW Data    ZI Data      Debug   Library Member Name

         0          0          0          0          0          0   entry.o
         0          0          0          0          0          0   entry10a.o
         0          0          0          0          0          0   entry11a.o
         8          4          0          0          0          0   entry2.o
         4          0          0          0          0          0   entry5.o
         0          0          0          0          0          0   entry7b.o
         0          0          0          0          0          0   entry8b.o
         8          4          0          0          0          0   entry9a.o
        30          0          0          0          0          0   handlers.o
        36          8          0          0          0         68   init.o
         0          0          0          0          0          0   iusefp.o
        32          0          0          0          0         68   llshl.o
        38          0          0          0          0         68   llsshr.o
        34          0          0          0          0         68   llushr.o
        36          0          0          0          0         60   memcpya.o
        36          0          0          0          0        100   memseta.o
      2298        104          0          0          0        544   printfa.o
        14          0          0          0          0         60   strlen.o
        26          0          0          0          0         68   strncpy.o
        44          0          0          0          0         72   uidiv.o
        96          0          0          0          0         84   uldiv.o
        18          0          0          0          0         60   uwrite4.o
        40          2          0          0          0         68   cdrcmple.o
       356          4          0          0          0        140   dadd.o
       240          6          0          0          0         84   ddiv.o
       236          0          0          0          0        216   depilogue.o
        64         10          0          0          0         68   dfixul.o
       208          6          0          0          0         88   dmul.o

    ----------------------------------------------------------------------
      3910        148          0          0          0       1984   Library Totals
         8          0          0          0          0          0   (incl. Padding)

    ----------------------------------------------------------------------

      Code (inc. data)   RO Data    RW Data    ZI Data      Debug   Library Name

      2758        120          0          0          0       1320   mc_p.l
      1144         28          0          0          0        664   mf_p.l

    ----------------------------------------------------------------------
      3910        148          0          0          0       1984   Library Totals

    ----------------------------------------------------------------------

==============================================================================


      Code (inc. data)   RO Data    RW Data    ZI Data      Debug   

     11748       1704        304         88       2504     342895   Grand Totals
     11748       1704        304         88       2504     342895   ELF Image Totals
     11748       1704        304         88          0          0   ROM Totals

==============================================================================

    Total RO  Size (Code + RO Data)                12052 (  11.77kB)
    Total RW  Size (RW Data + ZI Data)              2592 (   2.53kB)
    Total ROM Size (Code + RO Data + RW Data)      12140 (  11.86kB)

==============================================================================

