Component: ARM Compiler 5.06 update 2 (build 183) Tool: armlink [4d35b7]

==============================================================================

Small function inlining results

Inlined total of 0 calls.

==============================================================================

Memory Map of the image

  Image Entry point : 0x000000f1

  Load Region LR_1 (Base: 0x00000000, Size: 0x00003c0c, Max: 0xffffffff, ABSOLUTE)

    Execution Region ER_RO (Base: 0x00000000, Size: 0x00003bac, Max: 0xffffffff, ABSOLUTE)

    Base Addr    Size         Type   Attr      Idx    E Section Name        Object

    0x00000000   0x000000c0   Data   RO         1072    RESET               startup_mini58series.o
    0x000000c0   0x00000000   Code   RO         2287  * .ARM.Collect$$$$00000000  mc_p.l(entry.o)
    0x000000c0   0x00000004   Code   RO         2577    .ARM.Collect$$$$00000001  mc_p.l(entry2.o)
    0x000000c4   0x00000004   Code   RO         2580    .ARM.Collect$$$$00000004  mc_p.l(entry5.o)
    0x000000c8   0x00000000   Code   RO         2582    .ARM.Collect$$$$00000008  mc_p.l(entry7b.o)
    0x000000c8   0x00000000   Code   RO         2584    .ARM.Collect$$$$0000000A  mc_p.l(entry8b.o)
    0x000000c8   0x00000008   Code   RO         2585    .ARM.Collect$$$$0000000B  mc_p.l(entry9a.o)
    0x000000d0   0x00000000   Code   RO         2587    .ARM.Collect$$$$0000000D  mc_p.l(entry10a.o)
    0x000000d0   0x00000000   Code   RO         2589    .ARM.Collect$$$$0000000F  mc_p.l(entry11a.o)
    0x000000d0   0x00000004   Code   RO         2578    .ARM.Collect$$$$00002712  mc_p.l(entry2.o)
    0x000000d4   0x0000001c   Code   RO         1798    .emb_text           retarget.o
    0x000000f0   0x00000014   Code   RO         1073  * .text               startup_mini58series.o
    0x00000104   0x0000002c   Code   RO         2288    .text               mc_p.l(uidiv.o)
    0x00000130   0x00000028   Code   RO         2290    .text               mc_p.l(idiv.o)
    0x00000158   0x00000024   Code   RO         2292    .text               mc_p.l(memcpya.o)
    0x0000017c   0x00000024   Code   RO         2294    .text               mc_p.l(memseta.o)
    0x000001a0   0x0000001a   Code   RO         2296    .text               mc_p.l(strncpy.o)
    0x000001ba   0x0000000e   Code   RO         2300    .text               mc_p.l(strlen.o)
    0x000001c8   0x00000014   Code   RO         2565    .text               mc_p.l(uread4.o)
    0x000001dc   0x00000012   Code   RO         2567    .text               mc_p.l(uwrite4.o)
    0x000001ee   0x00000060   Code   RO         2591    .text               mc_p.l(uldiv.o)
    0x0000024e   0x00000000   Code   RO         2593    .text               mc_p.l(iusefp.o)
    0x0000024e   0x00000002   PAD
    0x00000250   0x00000164   Code   RO         2596    .text               mf_p.l(dadd.o)
    0x000003b4   0x000000d0   Code   RO         2598    .text               mf_p.l(dmul.o)
    0x00000484   0x000000f0   Code   RO         2600    .text               mf_p.l(ddiv.o)
    0x00000574   0x00000040   Code   RO         2602    .text               mf_p.l(dfixul.o)
    0x000005b4   0x00000028   Code   RO         2604    .text               mf_p.l(cdrcmple.o)
    0x000005dc   0x00000024   Code   RO         2606    .text               mc_p.l(init.o)
    0x00000600   0x00000020   Code   RO         2608    .text               mc_p.l(llshl.o)
    0x00000620   0x00000022   Code   RO         2610    .text               mc_p.l(llushr.o)
    0x00000642   0x00000026   Code   RO         2612    .text               mc_p.l(llsshr.o)
    0x00000668   0x000000be   Code   RO         2614    .text               mf_p.l(depilogue.o)
    0x00000726   0x00000002   PAD
    0x00000728   0x00000010   Code   RO         1175    i.CLK_DisablePLL    clk.o
    0x00000738   0x0000001c   Code   RO         1179    i.CLK_EnableModuleClock  clk.o
    0x00000754   0x00000208   Code   RO         1180    i.CLK_EnablePLL     clk.o
    0x0000095c   0x00000018   Code   RO         1182    i.CLK_EnableXtalRC  clk.o
    0x00000974   0x00000058   Code   RO         2118    i.CLK_GetPLLClockFreq  uart.o
    0x000009cc   0x00000080   Code   RO         1189    i.CLK_SetCoreClock  clk.o
    0x00000a4c   0x00000024   Code   RO         1190    i.CLK_SetHCLK       clk.o
    0x00000a70   0x00000050   Code   RO         1191    i.CLK_SetModuleClock  clk.o
    0x00000ac0   0x0000002c   Code   RO         1194    i.CLK_WaitClockReady  clk.o
    0x00000aec   0x0000001c   Code   RO          858    i.ComToUart         bsp_uart_fifo.o
    0x00000b08   0x000002f0   Code   RO          681    i.EEPROM_InitHard   bsp_eeprom.o
    0x00000df8   0x00000010   Code   RO         1317    i.FMC_Close         fmc.o
    0x00000e08   0x00000030   Code   RO         1318    i.FMC_Erase         fmc.o
    0x00000e38   0x00000014   Code   RO         1319    i.FMC_GetBootSource  fmc.o
    0x00000e4c   0x00000010   Code   RO         1322    i.FMC_Open          fmc.o
    0x00000e5c   0x0000001c   Code   RO         1323    i.FMC_Read          fmc.o
    0x00000e78   0x0000001c   Code   RO         1324    i.FMC_ReadCID       fmc.o
    0x00000e94   0x0000000c   Code   RO         1326    i.FMC_ReadDataFlashBaseAddr  fmc.o
    0x00000ea0   0x0000001c   Code   RO         1327    i.FMC_ReadPID       fmc.o
    0x00000ebc   0x00000020   Code   RO         1328    i.FMC_ReadUCID      fmc.o
    0x00000edc   0x0000001c   Code   RO         1329    i.FMC_ReadUID       fmc.o
    0x00000ef8   0x0000001c   Code   RO         1331    i.FMC_Write         fmc.o
    0x00000f14   0x00000028   Code   RO         1428    i.GPIO_SetMode      gpio.o
    0x00000f3c   0x00000028   Code   RO         1800    i.Hard_Fault_Handler  retarget.o
    0x00000f64   0x00000014   Code   RO          474    i.IsKeyDown1        bsp_key.o
    0x00000f78   0x00000014   Code   RO          475    i.IsKeyDown2        bsp_key.o
    0x00000f8c   0x0000001c   Code   RO          944    i.LITE_openlog      lite-log.o
    0x00000fa8   0x0000000c   Code   RO          946    i.LITE_set_loglevel  lite-log.o
    0x00000fb4   0x000000b0   Code   RO          947    i.LITE_syslog       lite-log.o
    0x00001064   0x00000104   Code   RO          649    i.Light_InitHard    bsp_light.o
    0x00001168   0x00000040   Code   RO          650    i.Light_RGB_set     bsp_light.o
    0x000011a8   0x00000030   Code   RO          651    i.Light_bright_set  bsp_light.o
    0x000011d8   0x00000010   Code   RO         1602    i.PWM_EnableOutput  pwm.o
    0x000011e8   0x0000002c   Code   RO         1612    i.PWM_Start         pwm.o
    0x00001214   0x00000014   Code   RO          721    i.RF_ClearFIFO      bsp_2d4.o
    0x00001228   0x0000000c   Code   RO          722    i.RF_ClearStatus    bsp_2d4.o
    0x00001234   0x00000108   Code   RO          723    i.RF_Init           bsp_2d4.o
    0x0000133c   0x0000003c   Code   RO          724    i.RF_ReadBuf        bsp_2d4.o
    0x00001378   0x00000022   Code   RO          725    i.RF_RxMode         bsp_2d4.o
    0x0000139a   0x00000030   Code   RO          727    i.RF_TxData         bsp_2d4.o
    0x000013ca   0x0000001a   Code   RO          728    i.RF_TxMode         bsp_2d4.o
    0x000013e4   0x0000002c   Code   RO          729    i.RF_WriteBuf       bsp_2d4.o
    0x00001410   0x00000030   Code   RO          730    i.RF_WriteReg       bsp_2d4.o
    0x00001440   0x0000001c   Code   RO          560    i.Relay_InitHard    bsp_relay.o
    0x0000145c   0x0000000c   Code   RO          561    i.Relay_IsOn        bsp_relay.o
    0x00001468   0x0000000c   Code   RO          562    i.Relay_off         bsp_relay.o
    0x00001474   0x0000000c   Code   RO          563    i.Relay_on          bsp_relay.o
    0x00001480   0x00000010   Code   RO          564    i.Relay_set         bsp_relay.o
    0x00001490   0x00000010   Code   RO          565    i.Relay_toggle      bsp_relay.o
    0x000014a0   0x00000054   Code   RO          731    i.SPI_WR            bsp_2d4.o
    0x000014f4   0x00000048   Code   RO          732    i.SPI_WW            bsp_2d4.o
    0x0000153c   0x00000044   Code   RO            3    i.SYS_Init          main.o
    0x00001580   0x0000001c   Code   RO         1991    i.SYS_ResetModule   sys.o
    0x0000159c   0x00000020   Code   RO         1803    i.SendChar_ToUART   retarget.o
    0x000015bc   0x000000a8   Code   RO         1020    i.SystemCoreClockUpdate  system_mini58series.o
    0x00001664   0x00000058   Code   RO         2062    i.TIMER_GetModuleClock  timer.o
    0x000016bc   0x00000050   Code   RO         2063    i.TIMER_Open        timer.o
    0x0000170c   0x00000060   Code   RO          609    i.TMR0_IRQHandler   bsp_timer0.o
    0x0000176c   0x00000060   Code   RO          610    i.Timer0_InitHard   bsp_timer0.o
    0x000017cc   0x00000008   Code   RO         2124    i.UART_EnableInt    uart.o
    0x000017d4   0x00000080   Code   RO         2125    i.UART_Open         uart.o
    0x00001854   0x00000064   Code   RO          862    i.UartVarInit       bsp_uart_fifo.o
    0x000018b8   0x00000028   Code   RO          734    i.Wireless2d4_InitHard  bsp_2d4.o
    0x000018e0   0x00000020   Code   RO         2537    i.__0printf         mc_p.l(printfa.o)
    0x00001900   0x00000024   Code   RO         2543    i.__0vsprintf       mc_p.l(printfa.o)
    0x00001924   0x0000002e   Code   RO         2616    i.__ARM_clz         mf_p.l(depilogue.o)
    0x00001952   0x0000001a   Code   RO           27    i.__ARM_common_switch8  main.o
    0x0000196c   0x0000000e   Code   RO         2620    i.__scatterload_copy  mc_p.l(handlers.o)
    0x0000197a   0x00000002   Code   RO         2621    i.__scatterload_null  mc_p.l(handlers.o)
    0x0000197c   0x0000000e   Code   RO         2622    i.__scatterload_zeroinit  mc_p.l(handlers.o)
    0x0000198a   0x00000002   PAD
    0x0000198c   0x00000158   Code   RO         2544    i._fp_digits        mc_p.l(printfa.o)
    0x00001ae4   0x000006ec   Code   RO         2545    i._printf_core      mc_p.l(printfa.o)
    0x000021d0   0x00000020   Code   RO         2546    i._printf_post_padding  mc_p.l(printfa.o)
    0x000021f0   0x0000002c   Code   RO         2547    i._printf_pre_padding  mc_p.l(printfa.o)
    0x0000221c   0x0000000a   Code   RO         2549    i._sputc            mc_p.l(printfa.o)
    0x00002226   0x00000002   PAD
    0x00002228   0x000003ec   Code   RO          332    i.app_2d4_Rcv       app_2d4.o
    0x00002614   0x0000002c   Code   RO          333    i.app_2d4_init      app_2d4.o
    0x00002640   0x00000060   Code   RO          334    i.app_2d4_pro       app_2d4.o
    0x000026a0   0x0000003c   Code   RO          335    i.app_2d4_send      app_2d4.o
    0x000026dc   0x00000048   Code   RO          158    i.app_CalcCRC8      app_crc.o
    0x00002724   0x00000054   Code   RO          159    i.app_CalcCRC8_cycle  app_crc.o
    0x00002778   0x00000530   Code   RO          413    i.app_RC_Receiver_cmd_pro  app_uart.o
    0x00002ca8   0x00000034   Code   RO          189    i.app_color_blink_next  app_dome.o
    0x00002cdc   0x00000030   Code   RO          190    i.app_color_blink_previous  app_dome.o
    0x00002d0c   0x00000064   Code   RO          191    i.app_dome_Init     app_dome.o
    0x00002d70   0x00000014   Code   RO          192    i.app_dome_get_current_Name  app_dome.o
    0x00002d84   0x00000394   Code   RO          193    i.app_dome_interrupter  app_dome.o
    0x00003118   0x00000024   Code   RO          194    i.app_dome_next     app_dome.o
    0x0000313c   0x00000020   Code   RO          195    i.app_dome_previous  app_dome.o
    0x0000315c   0x00000024   Code   RO          196    i.app_dome_rgb      app_dome.o
    0x00003180   0x000000a0   Code   RO          198    i.app_dome_start    app_dome.o
    0x00003220   0x00000018   Code   RO          199    i.app_dome_start_current  app_dome.o
    0x00003238   0x0000001c   Code   RO          200    i.app_dome_stop_current  app_dome.o
    0x00003254   0x00000018   Code   RO          201    i.app_dome_subDome_pro  app_dome.o
    0x0000326c   0x0000000e   Code   RO          289    i.app_eeprom_erase  app_eeprom.o
    0x0000327a   0x0000000e   Code   RO          291    i.app_eeprom_read_int  app_eeprom.o
    0x00003288   0x0000000e   Code   RO          292    i.app_eeprom_write_int  app_eeprom.o
    0x00003296   0x00000002   PAD
    0x00003298   0x00000014   Code   RO          414    i.app_uart_Init     app_uart.o
    0x000032ac   0x000000e4   Code   RO          415    i.app_uart_pro      app_uart.o
    0x00003390   0x0000007c   Code   RO          416    i.app_uart_send     app_uart.o
    0x0000340c   0x00000002   Code   RO          377    i.app_work_Init     app_work.o
    0x0000340e   0x00000002   PAD
    0x00003410   0x000000b8   Code   RO          477    i.bsp_DetectKey     bsp_key.o
    0x000034c8   0x00000024   Code   RO          478    i.bsp_GetKey        bsp_key.o
    0x000034ec   0x00000020   Code   RO          454    i.bsp_Init          bsp.o
    0x0000350c   0x00000030   Code   RO          481    i.bsp_InitKey       bsp_key.o
    0x0000353c   0x00000044   Code   RO          482    i.bsp_InitKeyVar    bsp_key.o
    0x00003580   0x00000088   Code   RO          863    i.bsp_InitUart      bsp_uart_fifo.o
    0x00003608   0x00000014   Code   RO          483    i.bsp_KeyScan       bsp_key.o
    0x0000361c   0x0000001c   Code   RO          484    i.bsp_PutKey        bsp_key.o
    0x00003638   0x00000008   Code   RO          682    i.bsp_eeprom_erase  bsp_eeprom.o
    0x00003640   0x00000008   Code   RO          683    i.bsp_eeprom_read_int  bsp_eeprom.o
    0x00003648   0x00000008   Code   RO          684    i.bsp_eeprom_write_int  bsp_eeprom.o
    0x00003650   0x0000004c   Code   RO          866    i.comGetChar        bsp_uart_fifo.o
    0x0000369c   0x00000072   Code   RO          867    i.comSendBuf        bsp_uart_fifo.o
    0x0000370e   0x0000000e   Code   RO          735    i.delay_2d4         bsp_2d4.o
    0x0000371c   0x0000000c   Code   RO         1807    i.fputc             retarget.o
    0x00003728   0x0000028c   Code   RO            4    i.main              main.o
    0x000039b4   0x000000a8   Code   RO         1809    i.stackDump         retarget.o
    0x00003a5c   0x00000008   Code   RO          611    i.timer0_taskTimer_get  bsp_timer0.o
    0x00003a64   0x00000038   Code   RO          736    i.ucRF_DumpRxData   bsp_2d4.o
    0x00003a9c   0x0000000e   Code   RO          738    i.ucRF_GetStatus    bsp_2d4.o
    0x00003aaa   0x00000002   PAD
    0x00003aac   0x0000003c   Code   RO          739    i.ucRF_ReadReg      bsp_2d4.o
    0x00003ae8   0x00000044   Code   RO          740    i.ucSPI_Read        bsp_2d4.o
    0x00003b2c   0x00000005   Data   RO            5    .constdata          main.o
    0x00003b31   0x0000001e   Data   RO          203    .constdata          app_dome.o
    0x00003b4f   0x0000000d   Data   RO          418    .constdata          app_uart.o
    0x00003b5c   0x00000010   Data   RO          685    .constdata          bsp_eeprom.o
    0x00003b6c   0x00000005   Data   RO          741    .constdata          bsp_2d4.o
    0x00003b71   0x00000003   PAD
    0x00003b74   0x00000018   Data   RO          950    .conststring        lite-log.o
    0x00003b8c   0x00000020   Data   RO         2618    Region$$Table       anon$$obj.o


    Execution Region ER_RW (Base: 0x20000000, Size: 0x00000060, Max: 0xffffffff, ABSOLUTE)

    Base Addr    Size         Type   Attr      Idx    E Section Name        Object

    0x20000000   0x00000008   Data   RW            6    .data               main.o
    0x20000008   0x00000002   Data   RW          160    .data               app_crc.o
    0x2000000a   0x00000002   PAD
    0x2000000c   0x00000016   Data   RW          204    .data               app_dome.o
    0x20000022   0x00000001   Data   RW          337    .data               app_2d4.o
    0x20000023   0x00000001   PAD
    0x20000024   0x00000004   Data   RW          378    .data               app_work.o
    0x20000028   0x00000004   Data   RW          419    .data               app_uart.o
    0x2000002c   0x00000008   Data   RW          487    .data               bsp_key.o
    0x20000034   0x00000018   Data   RW          951    .data               lite-log.o
    0x2000004c   0x00000004   Data   RW         1022    .data               system_mini58series.o
    0x20000050   0x0000000c   Data   RW         1023    .data               system_mini58series.o
    0x2000005c   0x00000004   Data   RW         1810    .data               retarget.o


    Execution Region ER_ZI (Base: 0x20000060, Size: 0x000009c8, Max: 0xffffffff, ABSOLUTE)

    Base Addr    Size         Type   Attr      Idx    E Section Name        Object

    0x20000060   0x00000089   Zero   RW          202    .bss                app_dome.o
    0x200000e9   0x00000020   Zero   RW          336    .bss                app_2d4.o
    0x20000109   0x00000001   PAD
    0x2000010a   0x00000304   Zero   RW          417    .bss                app_uart.o
    0x2000040e   0x00000002   PAD
    0x20000410   0x0000002d   Zero   RW          486    .bss                bsp_key.o
    0x2000043d   0x00000001   PAD
    0x2000043e   0x0000000c   Zero   RW          612    .bss                bsp_timer0.o
    0x2000044a   0x00000002   PAD
    0x2000044c   0x000002d0   Zero   RW          869    .bss                bsp_uart_fifo.o
    0x2000071c   0x0000010c   Zero   RW          949    .bss                lite-log.o
    0x20000828   0x00000200   Zero   RW         1070    STACK               startup_mini58series.o


==============================================================================

Image component sizes


      Code (inc. data)   RO Data    RW Data    ZI Data      Debug   Object Name

      1204         58          0          1         32       4092   app_2d4.o
       156         10          0          2          0       1808   app_crc.o
      1476         74         30         22        137       8802   app_dome.o
        42          0          0          0          0       1908   app_eeprom.o
      1700         88         13          4        772       5279   app_uart.o
         2          0          0          4          0       1126   app_work.o
        32          0          0          0          0        435   bsp.o
       964         84          5          0          0       9875   bsp_2d4.o
       776        504         16          0          0       2362   bsp_eeprom.o
       424         52          0          8         45       4637   bsp_key.o
       372         50          0          0          0       2236   bsp_light.o
        96         30          0          0          0       2942   bsp_relay.o
       200         34          0          0         12      11083   bsp_timer0.o
       454         42          0          0        720       6073   bsp_uart_fifo.o
       876         98          0          0          0       6563   clk.o
       284         54          0          0          0       5853   fmc.o
        40          0          0          0          0        979   gpio.o
       216         52         24         24        268       4162   lite-log.o
       746        200          5          8          0     140243   main.o
        60         10          0          0          0       1519   pwm.o
       280        132          0          4          0       4614   retarget.o
        20          4        192          0        512        704   startup_mini58series.o
        28          0          0          0          0        490   sys.o
       168         30          0         16          0     130565   system_mini58series.o
       168         24          0          0          0       1844   timer.o
       224         34          0          0          0       2545   uart.o

    ----------------------------------------------------------------------
     11014       1664        320         96       2504     362739   Object Totals
         0          0         32          0          0          0   (incl. Generated)
         6          0          3          3          6          0   (incl. Padding)

    ----------------------------------------------------------------------

      Code (inc. data)   RO Data    RW Data    ZI Data      Debug   Library Member Name

         0          0          0          0          0          0   entry.o
         0          0          0          0          0          0   entry10a.o
         0          0          0          0          0          0   entry11a.o
         8          4          0          0          0          0   entry2.o
         4          0          0          0          0          0   entry5.o
         0          0          0          0          0          0   entry7b.o
         0          0          0          0          0          0   entry8b.o
         8          4          0          0          0          0   entry9a.o
        30          0          0          0          0          0   handlers.o
        40          0          0          0          0         72   idiv.o
        36          8          0          0          0         68   init.o
         0          0          0          0          0          0   iusefp.o
        32          0          0          0          0         68   llshl.o
        38          0          0          0          0         68   llsshr.o
        34          0          0          0          0         68   llushr.o
        36          0          0          0          0         60   memcpya.o
        36          0          0          0          0        100   memseta.o
      2270        104          0          0          0        544   printfa.o
        14          0          0          0          0         60   strlen.o
        26          0          0          0          0         68   strncpy.o
        44          0          0          0          0         72   uidiv.o
        96          0          0          0          0         84   uldiv.o
        20          0          0          0          0         60   uread4.o
        18          0          0          0          0         60   uwrite4.o
        40          2          0          0          0         68   cdrcmple.o
       356          4          0          0          0        140   dadd.o
       240          6          0          0          0         84   ddiv.o
       236          0          0          0          0        216   depilogue.o
        64         10          0          0          0         68   dfixul.o
       208          6          0          0          0         88   dmul.o

    ----------------------------------------------------------------------
      3942        148          0          0          0       2116   Library Totals
         8          0          0          0          0          0   (incl. Padding)

    ----------------------------------------------------------------------

      Code (inc. data)   RO Data    RW Data    ZI Data      Debug   Library Name

      2790        120          0          0          0       1452   mc_p.l
      1144         28          0          0          0        664   mf_p.l

    ----------------------------------------------------------------------
      3942        148          0          0          0       2116   Library Totals

    ----------------------------------------------------------------------

==============================================================================


      Code (inc. data)   RO Data    RW Data    ZI Data      Debug   

     14956       1812        320         96       2504     359095   Grand Totals
     14956       1812        320         96       2504     359095   ELF Image Totals
     14956       1812        320         96          0          0   ROM Totals

==============================================================================

    Total RO  Size (Code + RO Data)                15276 (  14.92kB)
    Total RW  Size (RW Data + ZI Data)              2600 (   2.54kB)
    Total ROM Size (Code + RO Data + RW Data)      15372 (  15.01kB)

==============================================================================

