BL51 BANKED LINKER/LOCATER V6.22                                                        11/20/2017  00:30:12  PAGE 1


BL51 BANKED LINKER/LOCATER V6.22, INVOKED BY:
C:\KEIL_V5\C51\BIN\BL51.EXE .\Out\Objects\main.obj, .\Out\Objects\app_work.obj, .\Out\Objects\app_repeat_exe.obj, .\Out\
>> Objects\app_2d4.obj, .\Out\Objects\app_uart.obj, .\Out\Objects\app_crc.obj, .\Out\Objects\app_dome.obj, .\Out\Objects
>> \app_eeprom.obj, .\Out\Objects\bsp.obj, .\Out\Objects\bsp_uart.obj, .\Out\Objects\bsp_timer0.obj, .\Out\Objects\bsp_2
>> d4.obj, .\Out\Objects\bsp_light.obj, .\Out\Objects\bsp_relay.obj, .\Out\Objects\bsp_eeprom.obj, .\Out\Objects\bsp_key
>> .obj, .\Out\Objects\Common.obj, .\Out\Objects\Delay.obj, .\Out\Objects\Version.obj, .\Out\Objects\STARTUP.obj TO .\Ou
>> t\Objects\project PRINT (.\Out\Listings\project.m51) RAMSIZE (256) DISABLEWARNING (16)


MEMORY MODEL: LARGE


INPUT MODULES INCLUDED:
  .\Out\Objects\main.obj (MAIN)
  .\Out\Objects\app_work.obj (APP_WORK)
  .\Out\Objects\app_repeat_exe.obj (APP_REPEAT_EXE)
  .\Out\Objects\app_2d4.obj (APP_2D4)
  .\Out\Objects\app_uart.obj (APP_UART)
  .\Out\Objects\app_crc.obj (APP_CRC)
  .\Out\Objects\app_dome.obj (APP_DOME)
  .\Out\Objects\app_eeprom.obj (APP_EEPROM)
  .\Out\Objects\bsp.obj (BSP)
  .\Out\Objects\bsp_uart.obj (BSP_UART)
  .\Out\Objects\bsp_timer0.obj (BSP_TIMER0)
  .\Out\Objects\bsp_2d4.obj (BSP_2D4)
  .\Out\Objects\bsp_light.obj (BSP_LIGHT)
  .\Out\Objects\bsp_relay.obj (BSP_RELAY)
  .\Out\Objects\bsp_eeprom.obj (BSP_EEPROM)
  .\Out\Objects\bsp_key.obj (BSP_KEY)
  .\Out\Objects\Common.obj (COMMON)
  .\Out\Objects\Delay.obj (DELAY)
  .\Out\Objects\Version.obj (VERSION)
  .\Out\Objects\STARTUP.obj (?C_STARTUP)
  C:\KEIL_V5\C51\LIB\C51L.LIB (?C_INIT)
  C:\KEIL_V5\C51\LIB\C51L.LIB (?C?COPY)
  C:\KEIL_V5\C51\LIB\C51L.LIB (?C?CLDPTR)
  C:\KEIL_V5\C51\LIB\C51L.LIB (?C?CLDOPTR)
  C:\KEIL_V5\C51\LIB\C51L.LIB (?C?CILDOPTR)
  C:\KEIL_V5\C51\LIB\C51L.LIB (?C?CSTOPTR)
  C:\KEIL_V5\C51\LIB\C51L.LIB (?C?IMUL)
  C:\KEIL_V5\C51\LIB\C51L.LIB (?C?UIDIV)
  C:\KEIL_V5\C51\LIB\C51L.LIB (?C?SIDIV)
  C:\KEIL_V5\C51\LIB\C51L.LIB (?C?IILDX)
  C:\KEIL_V5\C51\LIB\C51L.LIB (?C?ILDOPTR)
  C:\KEIL_V5\C51\LIB\C51L.LIB (?C?IILDOPTR)
  C:\KEIL_V5\C51\LIB\C51L.LIB (?C?ISTOPTR)
  C:\KEIL_V5\C51\LIB\C51L.LIB (?C?LADD)
  C:\KEIL_V5\C51\LIB\C51L.LIB (?C?LSUB)
  C:\KEIL_V5\C51\LIB\C51L.LIB (?C?LMUL)
  C:\KEIL_V5\C51\LIB\C51L.LIB (?C?ULDIV)
  C:\KEIL_V5\C51\LIB\C51L.LIB (?C?ULCMP)
  C:\KEIL_V5\C51\LIB\C51L.LIB (?C?ULSHR)
  C:\KEIL_V5\C51\LIB\C51L.LIB (?C?LLDXDATA)
  C:\KEIL_V5\C51\LIB\C51L.LIB (?C?LLDXDATA0)
  C:\KEIL_V5\C51\LIB\C51L.LIB (?C?LSTXDATA)
  C:\KEIL_V5\C51\LIB\C51L.LIB (?C?LSTKXDATA)
  C:\KEIL_V5\C51\LIB\C51L.LIB (?C?PSTIDATA)
  C:\KEIL_V5\C51\LIB\C51L.LIB (?C?PLDXDATA)
BL51 BANKED LINKER/LOCATER V6.22                                                      11/20/2017  00:30:12  PAGE 2


  C:\KEIL_V5\C51\LIB\C51L.LIB (?C?PLDIXDATA)
  C:\KEIL_V5\C51\LIB\C51L.LIB (?C?PSTXDATA)
  C:\KEIL_V5\C51\LIB\C51L.LIB (?C?PLDPTR)
  C:\KEIL_V5\C51\LIB\C51L.LIB (?C?CCASE)
  C:\KEIL_V5\C51\LIB\C51L.LIB (?C?ICALL)
  C:\KEIL_V5\C51\LIB\C51L.LIB (PRINTF)
  C:\KEIL_V5\C51\LIB\C51L.LIB (ABS)
  C:\KEIL_V5\C51\LIB\C51L.LIB (?C?MEMSET)
  C:\KEIL_V5\C51\LIB\C51L.LIB (?C?CSTPTR)
  C:\KEIL_V5\C51\LIB\C51L.LIB (?C?PLDIDATA)
  C:\KEIL_V5\C51\LIB\C51L.LIB (?C?PLDPDATA)
  C:\KEIL_V5\C51\LIB\C51L.LIB (?C?PLDCODE)
  C:\KEIL_V5\C51\LIB\C51L.LIB (PUTCHAR)


LINK MAP OF MODULE:  .\Out\Objects\project (MAIN)


            TYPE    BASE      LENGTH    RELOCATION   SEGMENT NAME
            -----------------------------------------------------

            * * * * * * *   D A T A   M E M O R Y   * * * * * * *
            REG     0000H     0008H     ABSOLUTE     "REG BANK 0"
            DATA    0008H     0005H     UNIT         ?DT?PRINTF?PRINTF
                    000DH     0013H                  *** GAP ***
            BIT     0020H.0   0001H.1   UNIT         ?BI?PRINTF?PRINTF
            BIT     0021H.1   0000H.1   UNIT         ?BI?BSP
                    0021H.2   0000H.6                *** GAP ***
            IDATA   0022H     0023H     UNIT         ?ID?BSP_KEY
            IDATA   0045H     0001H     UNIT         ?STACK

            * * * * * * *  X D A T A   M E M O R Y  * * * * * * *
            XDATA   0000H     00A3H     UNIT         ?XD?BSP_UART
            XDATA   00A3H     009EH     UNIT         ?XD?APP_DOME
            XDATA   0141H     0029H     UNIT         ?XD?APP_2D4
            XDATA   016AH     0028H     UNIT         ?XD?PRINTF?PRINTF
            XDATA   0192H     0018H     UNIT         _XDATA_GROUP_
            XDATA   01AAH     0017H     UNIT         ?XD?APP_UART
            XDATA   01C1H     0013H     UNIT         ?XD?_RF_CARRIER?BSP_2D4
            XDATA   01D4H     0012H     UNIT         ?XD?APP_REPEAT_EXE
            XDATA   01E6H     000CH     UNIT         ?XD?BSP_TIMER0
            XDATA   01F2H     0006H     UNIT         ?XD?_APP_EEPROM_WRITE_BUF?APP_EEPROM
            XDATA   01F8H     0006H     UNIT         ?XD?_WRITE_DATAFLASH_BUF?BSP_EEPROM
            XDATA   01FEH     0005H     UNIT         ?XD?BSP_2D4
            XDATA   0203H     0004H     UNIT         ?XD?_INITIALUART1_TIMER3?COMMON
            XDATA   0207H     0004H     UNIT         ?XD?_TIMER0_DELAY100US?DELAY
            XDATA   020BH     0004H     UNIT         ?XD?_TIMER0_DELAY1MS?DELAY
            XDATA   020FH     0004H     UNIT         ?XD?_TIMER1_DELAY10MS?DELAY
            XDATA   0213H     0004H     UNIT         ?XD?_TIMER2_DELAY500US?DELAY
            XDATA   0217H     0004H     UNIT         ?XD?_TIMER3_DELAY100MS?DELAY
            XDATA   021BH     0004H     UNIT         ?XD?_TIMER3_DELAY10US?DELAY
            XDATA   021FH     0003H     UNIT         ?XD?BSP_KEY
            XDATA   0222H     0002H     UNIT         ?XD?APP_WORK
            XDATA   0224H     0002H     UNIT         ?XD?APP_CRC
            XDATA   0226H     0001H     UNIT         ?XD?MAIN
            XDATA   0227H     0001H     UNIT         ?XD?BSP_EEPROM

BL51 BANKED LINKER/LOCATER V6.22                                                      11/20/2017  00:30:12  PAGE 3


            * * * * * * *   C O D E   M E M O R Y   * * * * * * *
            CODE    0000H     0003H     ABSOLUTE     
            CODE    0003H     0008H     UNIT         ?PR?_READ_APROM_BYTE?BSP_EEPROM
            CODE    000BH     0003H     ABSOLUTE     
            CODE    000EH     0015H     UNIT         ?PR?BSP_INIT?BSP
            CODE    0023H     0003H     ABSOLUTE     
            CODE    0026H     0BE2H     UNIT         ?PR?APP_UART_PRO?APP_UART
            CODE    0C08H     0841H     UNIT         ?PR?APP_DOME_INTERRUPTER?APP_DOME
            CODE    1449H     07DDH     UNIT         ?PR?_APP_2D4_RCV?APP_2D4
            CODE    1C26H     0581H     UNIT         ?C?LIB_CODE
            CODE    21A7H     0365H     UNIT         ?PR?PRINTF?PRINTF
            CODE    250CH     013DH     UNIT         ?PR?_BSP_DETECTKEY?BSP_KEY
            CODE    2649H     012EH     UNIT         ?PR?RF_INIT?BSP_2D4
            CODE    2777H     0112H     UNIT         ?CO?VERSION
            CODE    2889H     0103H     UNIT         ?PR?_APP_DOME_START?APP_DOME
            CODE    298CH     00F0H     UNIT         ?PR?_APP_UART_SEND?APP_UART
            CODE    2A7CH     00EFH     UNIT         ?PR?_LIGHT_RGB_SET?BSP_LIGHT
            CODE    2B6BH     00E7H     UNIT         ?PR?MAIN?MAIN
            CODE    2C52H     00E3H     UNIT         ?PR?_RF_CARRIER?BSP_2D4
            CODE    2D35H     00B5H     UNIT         ?PR?REPEAT_PRO?APP_REPEAT_EXE
            CODE    2DEAH     00A1H     UNIT         ?PR?_WRITE_DATAFLASH_BUF?BSP_EEPROM
            CODE    2E8BH     009AH     UNIT         ?C_C51STARTUP
            CODE    2F25H     0089H     UNIT         ?C_INITSEG
            CODE    2FAEH     0081H     UNIT         ?PR?TIMER0_ISR?BSP_TIMER0
            CODE    302FH     007FH     UNIT         ?PR?_APP_2D4_SEND?APP_2D4
            CODE    30AEH     007EH     UNIT         ?PR?_APP_CALCCRC8_CYCLE?APP_CRC
            CODE    312CH     006DH     UNIT         ?PR?_WRITE_DATAFLASH_BYTE?BSP_EEPROM
            CODE    3199H     0065H     UNIT         ?PR?_INITIALUART0_TIMER3?COMMON
            CODE    31FEH     005FH     UNIT         ?PR?SHOW_FW_VERSION_NUMBER_TO_PC?VERSION
            CODE    325DH     005EH     UNIT         ?PR?_INITIALUART1_TIMER3?COMMON
            CODE    32BBH     005AH     UNIT         ?PR?_APP_DOME_SINGLE_CYCLE?APP_DOME
            CODE    3315H     005AH     UNIT         ?PR?_APP_EEPROM_GET_DOME_WITH_INDEX?APP_EEPROM
            CODE    336FH     0059H     UNIT         ?PR?_APP_CALCCRC8?APP_CRC
            CODE    33C8H     0057H     UNIT         ?PR?BSP_INITKEYVAR?BSP_KEY
            CODE    341FH     0052H     UNIT         ?PR?LIGHT_INITHARD?BSP_LIGHT
            CODE    3471H     004FH     UNIT         ?PR?APP_2D4_PRO?APP_2D4
            CODE    34C0H     004FH     UNIT         ?PR?APP_DOME_INIT?APP_DOME
            CODE    350FH     004EH     UNIT         ?PR?_TIMER2_DELAY500US?DELAY
            CODE    355DH     004DH     UNIT         ?PR?APP_COLOR_BLINK_PREVIOUS?APP_DOME
            CODE    35AAH     004DH     UNIT         ?PR?_TIMER3_DELAY100MS?DELAY
            CODE    35F7H     004DH     UNIT         ?PR?_TIMER3_DELAY10US?DELAY
            CODE    3644H     004BH     UNIT         ?PR?APP_COLOR_BLINK_NEXT?APP_DOME
            CODE    368FH     004BH     UNIT         ?PR?_TIMER0_DELAY100US?DELAY
            CODE    36DAH     004BH     UNIT         ?PR?_TIMER0_DELAY1MS?DELAY
            CODE    3725H     004BH     UNIT         ?PR?_TIMER1_DELAY10MS?DELAY
            CODE    3770H     0047H     UNIT         ?PR?SERIALPORT0_ISR?BSP_UART
            CODE    37B7H     0045H     UNIT         ?PR?_ERASE_DATAFLASH?BSP_EEPROM
            CODE    37FCH     0044H     UNIT         ?PR?_APP_DOME_RGB?APP_DOME
            CODE    3840H     0043H     UNIT         ?PR?_APP_DOME_SUBDOME_PRO?APP_DOME
            CODE    3883H     003FH     UNIT         ?PR?_RF_TXDATA?BSP_2D4
            CODE    38C2H     003BH     UNIT         ?PR?_INITIALUART0_TIMER1?COMMON
            CODE    38FDH     0039H     UNIT         ?PR?_RF_WRITEBUF?BSP_2D4
            CODE    3936H     0035H     UNIT         ?PR?_RF_READBUF?BSP_2D4
            CODE    396BH     0033H     UNIT         ?PR?_LIGHT_RED_SET?BSP_LIGHT
            CODE    399EH     0032H     UNIT         ?PR?_REPEAT_START?APP_REPEAT_EXE
            CODE    39D0H     0032H     UNIT         ?PR?_APP_DOME_GET_CURRENT_NAME?APP_DOME
            CODE    3A02H     0029H     UNIT         ?PR?_UCRF_DUMPRXDATA?BSP_2D4
BL51 BANKED LINKER/LOCATER V6.22                                                      11/20/2017  00:30:12  PAGE 4


            CODE    3A2BH     0027H     UNIT         ?PR?APP_2D4_INIT?APP_2D4
            CODE    3A52H     0027H     UNIT         ?PR?PUTCHAR?PUTCHAR
            CODE    3A79H     0026H     UNIT         ?PR?RF_RXMODE?BSP_2D4
            CODE    3A9FH     0024H     UNIT         ?CO?BSP_2D4
            CODE    3AC3H     0024H     UNIT         ?PR?_LIGHT_BRIGHT_SET?BSP_LIGHT
            CODE    3AE7H     0024H     UNIT         ?PR?_BSP_SETKEYPARAM?BSP_KEY
            CODE    3B0BH     0023H     UNIT         ?PR?_SPI_WR?BSP_2D4
            CODE    3B2EH     0020H     UNIT         ?PR?TIMER0_INITHARD?BSP_TIMER0
            CODE    3B4EH     001EH     UNIT         ?CO?APP_DOME
            CODE    3B6CH     001DH     UNIT         ?PR?UART_INITHARD?BSP_UART
            CODE    3B89H     001DH     UNIT         ?PR?_SPI_WW?BSP_2D4
            CODE    3BA6H     001CH     UNIT         ?PR?TIMER0_PARAMINIT?BSP_TIMER0
            CODE    3BC2H     001CH     UNIT         ?PR?BSP_GETKEY?BSP_KEY
            CODE    3BDEH     001CH     UNIT         ?PR?BSP_GETKEY2?BSP_KEY
            CODE    3BFAH     001BH     UNIT         ?PR?APP_DOME_STOP_CURRENT?APP_DOME
            CODE    3C15H     001BH     UNIT         ?PR?BSP_KEYSCAN?BSP_KEY
            CODE    3C30H     001AH     UNIT         ?PR?APP_DOME_PREVIOUS?APP_DOME
            CODE    3C4AH     0019H     UNIT         ?PR?UCSPI_READ?BSP_2D4
            CODE    3C63H     0018H     UNIT         ?PR?APP_UART_INIT?APP_UART
            CODE    3C7BH     0018H     UNIT         ?PR?APP_DOME_NEXT?APP_DOME
            CODE    3C93H     0017H     UNIT         ?PR?APP_DOME_START_CURRENT?APP_DOME
            CODE    3CAAH     0014H     UNIT         ?PR?REPEAT_STOP?APP_REPEAT_EXE
            CODE    3CBEH     0014H     UNIT         ?PR?_BSP_PUTKEY?BSP_KEY
            CODE    3CD2H     0013H     UNIT         ?PR?WIRELESS2D4_INITHARD?BSP_2D4
            CODE    3CE5H     0013H     UNIT         ?PR?_RF_WRITEREG?BSP_2D4
            CODE    3CF8H     0013H     UNIT         ?PR?_UCRF_READREG?BSP_2D4
            CODE    3D0BH     0012H     UNIT         ?PR?_APP_EEPROM_WRITE_BUF?APP_EEPROM
            CODE    3D1DH     000EH     UNIT         ?PR?REPEAT_START_EXE?APP_REPEAT_EXE
            CODE    3D2BH     000EH     UNIT         ?PR?REPEAT_STOP_EXE?APP_REPEAT_EXE
            CODE    3D39H     000EH     UNIT         ?PR?RF_TXMODE?BSP_2D4
            CODE    3D47H     000EH     UNIT         ?PR?_RF_SETCHANNEL?BSP_2D4
            CODE    3D55H     000DH     UNIT         ?PR?_LIGHT_GREEN_SET?BSP_LIGHT
            CODE    3D62H     000DH     UNIT         ?PR?_LIGHT_BLUE_SET?BSP_LIGHT
            CODE    3D6FH     000DH     UNIT         ?PR?BSP_INITKEYHARD?BSP_KEY
            CODE    3D7CH     000CH     UNIT         ?PR?RF_CLEARFIFO?BSP_2D4
            CODE    3D88H     000CH     UNIT         ?PR?_ABS?ABS
            CODE    3D94H     000BH     UNIT         ?PR?_BSP_GETKEYSTATE?BSP_KEY
            CODE    3D9FH     000AH     UNIT         ?PR?_APP_EEPROM_ERASE?APP_EEPROM
            CODE    3DA9H     000AH     UNIT         ?PR?_APP_EEPROM_WRITE_BYTE?APP_EEPROM
            CODE    3DB3H     000AH     UNIT         ?PR?UCRF_GETSTATUS?BSP_2D4
            CODE    3DBDH     000AH     UNIT         ?PR?_RELAY_SET?BSP_RELAY
            CODE    3DC7H     0009H     UNIT         ?PR?RELAY_INITHARD?BSP_RELAY
            CODE    3DD0H     0008H     UNIT         ?PR?RECEIVE_DATA_FROM_UART0?COMMON
            CODE    3DD8H     0008H     UNIT         ?PR?_SEND_DATA_TO_UART0?COMMON
            CODE    3DE0H     0008H     UNIT         ?PR?RECEIVE_DATA_FROM_UART1?COMMON
            CODE    3DE8H     0008H     UNIT         ?PR?_SEND_DATA_TO_UART1?COMMON
            CODE    3DF0H     0007H     UNIT         ?PR?RF_CLEARSTATUS?BSP_2D4
            CODE    3DF7H     0007H     UNIT         ?PR?ISKEYDOWN1?BSP_KEY
            CODE    3DFEH     0007H     UNIT         ?PR?ISKEYDOWN2?BSP_KEY
            CODE    3E05H     0006H     UNIT         ?PR?_REPEAT_SETSTART?APP_REPEAT_EXE
            CODE    3E0BH     0006H     UNIT         ?PR?_REPEAT_SETSTOP?APP_REPEAT_EXE
            CODE    3E11H     0006H     UNIT         ?PR?UCRF_GETRSSI?BSP_2D4
            CODE    3E17H     0006H     UNIT         ?PR?RELAY_ISON?BSP_RELAY
            CODE    3E1DH     0006H     UNIT         ?PR?BSP_INITKEY?BSP_KEY
            CODE    3E23H     0006H     UNIT         ?PR?BSP_CLEARKEY?BSP_KEY
            CODE    3E29H     0003H     UNIT         ?PR?RELAY_ON?BSP_RELAY
            CODE    3E2CH     0003H     UNIT         ?PR?RELAY_OFF?BSP_RELAY
BL51 BANKED LINKER/LOCATER V6.22                                                      11/20/2017  00:30:12  PAGE 5


            CODE    3E2FH     0003H     UNIT         ?PR?RELAY_TOGGLE?BSP_RELAY
            CODE    3E32H     0001H     UNIT         ?PR?APP_WORK_INIT?APP_WORK
            CODE    3E33H     0001H     UNIT         ?PR?APP_WORK_1S_PRO?APP_WORK
            CODE    3E34H     0001H     UNIT         ?PR?APP_WORK_100MS_PRO?APP_WORK
            CODE    3E35H     0001H     UNIT         ?PR?APP_WORK_PRO?APP_WORK
            CODE    3E36H     0001H     UNIT         ?PR?APP_EEPROM_INIT?APP_EEPROM
            CODE    3E37H     0001H     UNIT         ?PR?APP_EEPROM_100MS_PRO?APP_EEPROM
            CODE    3E38H     0001H     UNIT         ?PR?APP_EEPROM_PRO?APP_EEPROM
            CODE    3E39H     0001H     UNIT         ?PR?SPI_INIT?BSP_2D4
            CODE    3E3AH     0001H     UNIT         ?PR?EEPROM_INITHARD?BSP_EEPROM



OVERLAY MAP OF MODULE:   .\Out\Objects\project (MAIN)


SEGMENT                                            XDATA_GROUP
  +--> CALLED SEGMENT                            START    LENGTH
----------------------------------------------------------------
?C_C51STARTUP                                    -----    -----
  +--> ?PR?MAIN?MAIN
  +--> ?C_INITSEG

?PR?MAIN?MAIN                                    0192H    0001H
  +--> ?PR?BSP_INIT?BSP
  +--> ?PR?APP_EEPROM_INIT?APP_EEPROM
  +--> ?PR?APP_2D4_INIT?APP_2D4
  +--> ?PR?APP_WORK_INIT?APP_WORK
  +--> ?PR?APP_UART_INIT?APP_UART
  +--> ?PR?APP_DOME_INIT?APP_DOME
  +--> ?PR?APP_DOME_INTERRUPTER?APP_DOME
  +--> ?PR?BSP_KEYSCAN?BSP_KEY
  +--> ?PR?APP_UART_PRO?APP_UART
  +--> ?PR?APP_2D4_PRO?APP_2D4
  +--> ?PR?BSP_GETKEY?BSP_KEY
  +--> ?PR?APP_DOME_STOP_CURRENT?APP_DOME
  +--> ?PR?_APP_DOME_START?APP_DOME
  +--> ?PR?RELAY_TOGGLE?BSP_RELAY

?PR?BSP_INIT?BSP                                 -----    -----
  +--> ?PR?WIRELESS2D4_INITHARD?BSP_2D4
  +--> ?PR?RELAY_INITHARD?BSP_RELAY
  +--> ?PR?BSP_INITKEY?BSP_KEY
  +--> ?PR?LIGHT_INITHARD?BSP_LIGHT
  +--> ?PR?TIMER0_INITHARD?BSP_TIMER0
  +--> ?PR?UART_INITHARD?BSP_UART

?PR?RELAY_INITHARD?BSP_RELAY                     -----    -----
  +--> ?PR?RELAY_OFF?BSP_RELAY

?PR?BSP_INITKEY?BSP_KEY                          -----    -----
  +--> ?PR?BSP_INITKEYVAR?BSP_KEY
  +--> ?PR?BSP_INITKEYHARD?BSP_KEY

?PR?BSP_INITKEYVAR?BSP_KEY                       -----    -----
  +--> ?PR?ISKEYDOWN1?BSP_KEY
  +--> ?PR?ISKEYDOWN2?BSP_KEY
BL51 BANKED LINKER/LOCATER V6.22                                                      11/20/2017  00:30:12  PAGE 6



?PR?LIGHT_INITHARD?BSP_LIGHT                     -----    -----
  +--> ?PR?_LIGHT_RGB_SET?BSP_LIGHT

?PR?_LIGHT_RGB_SET?BSP_LIGHT                     019DH    000AH
  +--> ?PR?_LIGHT_RED_SET?BSP_LIGHT
  +--> ?PR?_LIGHT_GREEN_SET?BSP_LIGHT
  +--> ?PR?_LIGHT_BLUE_SET?BSP_LIGHT

?PR?TIMER0_INITHARD?BSP_TIMER0                   -----    -----
  +--> ?PR?TIMER0_PARAMINIT?BSP_TIMER0

?PR?UART_INITHARD?BSP_UART                       -----    -----
  +--> ?PR?_INITIALUART0_TIMER3?COMMON

?PR?_INITIALUART0_TIMER3?COMMON                  0193H    0004H

?PR?APP_2D4_INIT?APP_2D4                         -----    -----
  +--> ?PR?RF_INIT?BSP_2D4
  +--> ?PR?RF_RXMODE?BSP_2D4

?PR?RF_INIT?BSP_2D4                              0193H    0012H
  +--> ?CO?BSP_2D4
  +--> ?PR?SPI_INIT?BSP_2D4
  +--> ?PR?_RF_WRITEREG?BSP_2D4
  +--> ?PR?_RF_WRITEBUF?BSP_2D4

?PR?_RF_WRITEREG?BSP_2D4                         -----    -----
  +--> ?PR?_SPI_WW?BSP_2D4

?PR?_RF_WRITEBUF?BSP_2D4                         01A5H    0005H
  +--> ?PR?_SPI_WW?BSP_2D4

?PR?RF_RXMODE?BSP_2D4                            -----    -----
  +--> ?PR?_RF_WRITEREG?BSP_2D4

?PR?APP_DOME_INIT?APP_DOME                       -----    -----
  +--> ?PR?APP_DOME_STOP_CURRENT?APP_DOME

?PR?APP_DOME_STOP_CURRENT?APP_DOME               -----    -----
  +--> ?PR?_LIGHT_RGB_SET?BSP_LIGHT

?PR?APP_DOME_INTERRUPTER?APP_DOME                0193H    0004H
  +--> ?PR?_ABS?ABS
  +--> ?PR?_LIGHT_RGB_SET?BSP_LIGHT
  +--> ?PR?_APP_DOME_SUBDOME_PRO?APP_DOME

?PR?_APP_DOME_SUBDOME_PRO?APP_DOME               0197H    0001H
  +--> ?PR?APP_DOME_NEXT?APP_DOME
  +--> ?PR?_APP_DOME_SINGLE_CYCLE?APP_DOME

?PR?APP_DOME_NEXT?APP_DOME                       -----    -----
  +--> ?PR?_APP_DOME_START?APP_DOME

?PR?_APP_DOME_START?APP_DOME                     019AH    0003H
  +--> ?PR?_APP_EEPROM_GET_DOME_WITH_INDEX?A...
  +--> ?PR?_LIGHT_RGB_SET?BSP_LIGHT
BL51 BANKED LINKER/LOCATER V6.22                                                      11/20/2017  00:30:12  PAGE 7



?PR?_APP_EEPROM_GET_DOME_WITH_INDEX?A...         019DH    0005H
  +--> ?PR?_READ_APROM_BYTE?BSP_EEPROM

?PR?_APP_DOME_SINGLE_CYCLE?APP_DOME              0198H    0001H

?PR?BSP_KEYSCAN?BSP_KEY                          0193H    0001H
  +--> ?PR?_BSP_DETECTKEY?BSP_KEY

?PR?_BSP_DETECTKEY?BSP_KEY                       0194H    0001H
  +--> ?PR?_BSP_PUTKEY?BSP_KEY

?PR?APP_UART_PRO?APP_UART                        0193H    0004H
  +--> ?PR?_APP_CALCCRC8_CYCLE?APP_CRC
  +--> ?PR?_APP_EEPROM_ERASE?APP_EEPROM
  +--> ?PR?_APP_EEPROM_WRITE_BYTE?APP_EEPROM
  +--> ?PR?_APP_UART_SEND?APP_UART
  +--> ?PR?APP_DOME_START_CURRENT?APP_DOME
  +--> ?PR?APP_DOME_STOP_CURRENT?APP_DOME
  +--> ?PR?_APP_DOME_GET_CURRENT_NAME?APP_DOME
  +--> ?PR?_APP_2D4_SEND?APP_2D4
  +--> ?PR?_APP_DOME_RGB?APP_DOME
  +--> ?PR?_LIGHT_BRIGHT_SET?BSP_LIGHT
  +--> ?PR?_APP_DOME_START?APP_DOME
  +--> ?PR?_RELAY_SET?BSP_RELAY

?PR?_APP_CALCCRC8_CYCLE?APP_CRC                  0197H    0006H

?PR?_APP_EEPROM_ERASE?APP_EEPROM                 -----    -----
  +--> ?PR?_ERASE_DATAFLASH?BSP_EEPROM

?PR?_APP_EEPROM_WRITE_BYTE?APP_EEPROM            -----    -----
  +--> ?PR?_WRITE_DATAFLASH_BYTE?BSP_EEPROM

?PR?_APP_UART_SEND?APP_UART                      019AH    0005H
  +--> ?PR?_APP_CALCCRC8?APP_CRC
  +--> ?PR?_SEND_DATA_TO_UART0?COMMON

?PR?_APP_CALCCRC8?APP_CRC                        019FH    0003H

?PR?APP_DOME_START_CURRENT?APP_DOME              -----    -----
  +--> ?PR?_APP_DOME_START?APP_DOME

?PR?_APP_DOME_GET_CURRENT_NAME?APP_DOME          019AH    0003H

?PR?_APP_2D4_SEND?APP_2D4                        019AH    0004H
  +--> ?PR?RF_TXMODE?BSP_2D4

?PR?RF_TXMODE?BSP_2D4                            -----    -----
  +--> ?PR?_RF_WRITEREG?BSP_2D4

?PR?_APP_DOME_RGB?APP_DOME                       019AH    0003H
  +--> ?PR?APP_DOME_STOP_CURRENT?APP_DOME
  +--> ?PR?_LIGHT_RGB_SET?BSP_LIGHT

?PR?_LIGHT_BRIGHT_SET?BSP_LIGHT                  -----    -----
  +--> ?PR?_LIGHT_RGB_SET?BSP_LIGHT
BL51 BANKED LINKER/LOCATER V6.22                                                      11/20/2017  00:30:12  PAGE 8



?PR?_RELAY_SET?BSP_RELAY                         -----    -----
  +--> ?PR?RELAY_ON?BSP_RELAY
  +--> ?PR?RELAY_OFF?BSP_RELAY

?PR?APP_2D4_PRO?APP_2D4                          -----    -----
  +--> ?PR?UCRF_GETSTATUS?BSP_2D4
  +--> ?PR?RF_CLEARFIFO?BSP_2D4
  +--> ?PR?RF_CLEARSTATUS?BSP_2D4
  +--> ?PR?RF_RXMODE?BSP_2D4
  +--> ?PR?_RF_TXDATA?BSP_2D4
  +--> ?PR?_UCRF_DUMPRXDATA?BSP_2D4
  +--> ?PR?_APP_2D4_RCV?APP_2D4

?PR?UCRF_GETSTATUS?BSP_2D4                       -----    -----
  +--> ?PR?_UCRF_READREG?BSP_2D4

?PR?_UCRF_READREG?BSP_2D4                        -----    -----
  +--> ?PR?_SPI_WR?BSP_2D4
  +--> ?PR?UCSPI_READ?BSP_2D4

?PR?RF_CLEARFIFO?BSP_2D4                         -----    -----
  +--> ?PR?_RF_WRITEREG?BSP_2D4

?PR?RF_CLEARSTATUS?BSP_2D4                       -----    -----
  +--> ?PR?_RF_WRITEREG?BSP_2D4

?PR?_RF_TXDATA?BSP_2D4                           0193H    0002H
  +--> ?PR?UCRF_GETSTATUS?BSP_2D4
  +--> ?PR?_RF_WRITEBUF?BSP_2D4
  +--> ?PR?_RF_WRITEREG?BSP_2D4

?PR?_UCRF_DUMPRXDATA?BSP_2D4                     -----    -----
  +--> ?PR?UCRF_GETSTATUS?BSP_2D4
  +--> ?PR?_RF_WRITEREG?BSP_2D4
  +--> ?PR?_RF_READBUF?BSP_2D4
  +--> ?PR?RF_CLEARFIFO?BSP_2D4
  +--> ?PR?RF_CLEARSTATUS?BSP_2D4

?PR?_RF_READBUF?BSP_2D4                          0193H    0005H
  +--> ?PR?_SPI_WR?BSP_2D4
  +--> ?PR?UCSPI_READ?BSP_2D4

?PR?_APP_2D4_RCV?APP_2D4                         0193H    0007H
  +--> ?PR?RELAY_ON?BSP_RELAY
  +--> ?PR?RELAY_OFF?BSP_RELAY
  +--> ?PR?RELAY_TOGGLE?BSP_RELAY
  +--> ?PR?RELAY_ISON?BSP_RELAY
  +--> ?PR?APP_DOME_START_CURRENT?APP_DOME
  +--> ?PR?APP_DOME_PREVIOUS?APP_DOME
  +--> ?PR?_APP_DOME_GET_CURRENT_NAME?APP_DOME
  +--> ?PR?APP_DOME_NEXT?APP_DOME
  +--> ?PR?_APP_UART_SEND?APP_UART
  +--> ?PR?_APP_DOME_START?APP_DOME
  +--> ?PR?APP_DOME_STOP_CURRENT?APP_DOME
  +--> ?PR?_APP_2D4_SEND?APP_2D4
  +--> ?PR?APP_COLOR_BLINK_NEXT?APP_DOME
BL51 BANKED LINKER/LOCATER V6.22                                                      11/20/2017  00:30:12  PAGE 9


  +--> ?PR?APP_COLOR_BLINK_PREVIOUS?APP_DOME
  +--> ?PR?_LIGHT_BRIGHT_SET?BSP_LIGHT

?PR?APP_DOME_PREVIOUS?APP_DOME                   -----    -----
  +--> ?PR?_APP_DOME_START?APP_DOME

?PR?APP_COLOR_BLINK_NEXT?APP_DOME                -----    -----
  +--> ?CO?APP_DOME
  +--> ?PR?_APP_DOME_RGB?APP_DOME

?PR?APP_COLOR_BLINK_PREVIOUS?APP_DOME            -----    -----
  +--> ?CO?APP_DOME
  +--> ?PR?_APP_DOME_RGB?APP_DOME



SYMBOL TABLE OF MODULE:  .\Out\Objects\project (MAIN)

  VALUE           TYPE          NAME
  ----------------------------------

  -------         MODULE        MAIN
  C:0000H         SYMBOL        _ICE_DUMMY_
  D:0080H         PUBLIC        P0
  D:0090H         PUBLIC        P1
  D:00A0H         PUBLIC        P2
  D:00B0H         PUBLIC        P3
  D:00D8H         PUBLIC        PWMCON0
  D:00A8H         PUBLIC        IE
  D:00B8H         PUBLIC        IP
  C:2B6BH         PUBLIC        main
  D:0098H         PUBLIC        SCON
  D:0088H         PUBLIC        TCON
  D:00F8H         PUBLIC        SCON_1
  X:0226H         SYMBOL        dome_cnt
  D:00E8H         PUBLIC        ADCCON0
  D:00C0H         PUBLIC        I2CON
  D:00C8H         PUBLIC        T2CON
  D:00D0H         PUBLIC        PSW
  -------         PROC          MAIN
  -------         DO            
  X:0192H         SYMBOL        ucKeyCode
  -------         ENDDO         
  C:2B6BH         LINE#         5
  C:2B6BH         LINE#         29
  C:2B6EH         LINE#         32
  C:2B71H         LINE#         33
  C:2B74H         LINE#         34
  C:2B77H         LINE#         35
  C:2B7AH         LINE#         36
  C:2B7DH         LINE#         39
  C:2B7DH         LINE#         42
  C:2B83H         LINE#         43
  C:2B85H         LINE#         46
  C:2B8BH         LINE#         47
  C:2B95H         LINE#         48
  C:2BBAH         LINE#         49
BL51 BANKED LINKER/LOCATER V6.22                                                      11/20/2017  00:30:12  PAGE 10


  C:2BBAH         LINE#         50
  C:2BBAH         LINE#         51
  C:2BBAH         LINE#         52
  C:2BBCH         LINE#         53
  C:2BDEH         LINE#         54
  C:2BE0H         LINE#         55
  C:2BE3H         LINE#         56
  C:2BE3H         LINE#         57
  C:2BE3H         LINE#         59
  C:2BE3H         LINE#         61
  C:2BE9H         LINE#         62
  C:2BEBH         LINE#         64
  C:2BEEH         LINE#         66
  C:2BEEH         LINE#         67
  C:2BF4H         LINE#         68
  C:2BF6H         LINE#         70
  C:2BF9H         LINE#         71
  C:2BFCH         LINE#         75
  C:2BFCH         LINE#         76
  C:2C02H         LINE#         77
  C:2C04H         LINE#         80
  C:2C04H         LINE#         81
  C:2C0AH         LINE#         82
  C:2C0CH         LINE#         90
  C:2C0CH         LINE#         93
  C:2C14H         LINE#         94
  C:2C19H         LINE#         95
  C:2C25H         LINE#         96
  C:2C25H         LINE#         97
  C:2C25H         LINE#         98
  C:2C25H         LINE#         99
  C:2C2DH         LINE#         100
  C:2C30H         LINE#         101
  C:2C33H         LINE#         102
  C:2C36H         LINE#         103
  C:2C39H         LINE#         104
  C:2C40H         LINE#         105
  C:2C43H         LINE#         107
  C:2C49H         LINE#         109
  C:2C49H         LINE#         111
  C:2C49H         LINE#         112
  C:2C4CH         LINE#         113
  C:2C4CH         LINE#         114
  C:2C4CH         LINE#         115
  C:2C4CH         LINE#         116
  C:2C4CH         LINE#         117
  C:2C4CH         LINE#         119
  C:2C4FH         LINE#         120
  -------         ENDPROC       MAIN
  -------         ENDMOD        MAIN

  -------         MODULE        APP_WORK
  C:0000H         SYMBOL        _ICE_DUMMY_
  D:0080H         PUBLIC        P0
  D:0090H         PUBLIC        P1
  D:00A0H         PUBLIC        P2
  D:00B0H         PUBLIC        P3
BL51 BANKED LINKER/LOCATER V6.22                                                      11/20/2017  00:30:12  PAGE 11


  D:00D8H         PUBLIC        PWMCON0
  D:00A8H         PUBLIC        IE
  D:00B8H         PUBLIC        IP
  C:3E35H         SYMBOL        app_work_pro
  C:3E33H         PUBLIC        app_work_1s_pro
  D:0098H         PUBLIC        SCON
  D:0088H         PUBLIC        TCON
  D:00F8H         PUBLIC        SCON_1
  D:00E8H         PUBLIC        ADCCON0
  D:00C0H         PUBLIC        I2CON
  C:3E32H         PUBLIC        app_work_Init
  X:0222H         PUBLIC        g_tWork
  D:00C8H         PUBLIC        T2CON
  C:3E34H         PUBLIC        app_work_100ms_pro
  D:00D0H         PUBLIC        PSW
  -------         PROC          APP_WORK_INIT
  C:3E32H         LINE#         13
  C:3E32H         LINE#         20
  -------         ENDPROC       APP_WORK_INIT
  -------         PROC          APP_WORK_1S_PRO
  C:3E33H         LINE#         22
  C:3E33H         LINE#         24
  -------         ENDPROC       APP_WORK_1S_PRO
  -------         PROC          APP_WORK_100MS_PRO
  C:3E34H         LINE#         25
  C:3E34H         LINE#         27
  -------         ENDPROC       APP_WORK_100MS_PRO
  -------         PROC          APP_WORK_PRO
  C:3E35H         LINE#         29
  C:3E35H         LINE#         31
  -------         ENDPROC       APP_WORK_PRO
  -------         ENDMOD        APP_WORK

  -------         MODULE        APP_REPEAT_EXE
  C:0000H         SYMBOL        _ICE_DUMMY_
  D:0080H         PUBLIC        P0
  D:0090H         PUBLIC        P1
  D:00A0H         PUBLIC        P2
  D:00B0H         PUBLIC        P3
  C:3E05H         PUBLIC        _Repeat_SetStart
  D:00D8H         PUBLIC        PWMCON0
  D:00A8H         PUBLIC        IE
  C:3D2BH         SYMBOL        Repeat_Stop_exe
  D:00B8H         PUBLIC        IP
  C:3E0BH         PUBLIC        _Repeat_SetStop
  X:01D4H         SYMBOL        g_tRepeat
  D:0098H         PUBLIC        SCON
  D:0088H         PUBLIC        TCON
  D:00F8H         PUBLIC        SCON_1
  C:399EH         PUBLIC        _Repeat_Start
  D:00E8H         PUBLIC        ADCCON0
  D:00C0H         PUBLIC        I2CON
  D:00C8H         PUBLIC        T2CON
  C:3CAAH         PUBLIC        Repeat_Stop
  C:2D35H         PUBLIC        Repeat_Pro
  C:3D1DH         SYMBOL        Repeat_Start_exe
  D:00D0H         PUBLIC        PSW
BL51 BANKED LINKER/LOCATER V6.22                                                      11/20/2017  00:30:12  PAGE 12


  -------         PROC          _REPEAT_SETSTART
  D:0001H         SYMBOL        fun
  C:3E05H         LINE#         12
  C:3E05H         LINE#         13
  -------         ENDPROC       _REPEAT_SETSTART
  -------         PROC          _REPEAT_SETSTOP
  D:0001H         SYMBOL        fun
  C:3E0BH         LINE#         16
  C:3E0BH         LINE#         17
  -------         ENDPROC       _REPEAT_SETSTOP
  -------         PROC          REPEAT_START_EXE
  C:3D1DH         LINE#         20
  C:3D1DH         LINE#         21
  C:3D27H         LINE#         22
  C:3D2AH         LINE#         23
  C:3D2AH         LINE#         24
  -------         ENDPROC       REPEAT_START_EXE
  -------         PROC          REPEAT_STOP_EXE
  C:3D2BH         LINE#         26
  C:3D2BH         LINE#         27
  C:3D35H         LINE#         28
  C:3D38H         LINE#         29
  C:3D38H         LINE#         30
  -------         ENDPROC       REPEAT_STOP_EXE
  -------         PROC          _REPEAT_START
  D:0006H         SYMBOL        _usStartTime
  D:0004H         SYMBOL        _usStopTime
  D:0002H         SYMBOL        _usCycle
  C:399EH         LINE#         42
  C:399EH         LINE#         43
  C:399EH         LINE#         44
  C:39A2H         LINE#         46
  C:39A2H         LINE#         48
  C:39AAH         LINE#         49
  C:39B2H         LINE#         50
  C:39BAH         LINE#         51
  C:39BFH         LINE#         52
  C:39C3H         LINE#         53
  C:39C7H         LINE#         54
  C:39CCH         LINE#         56
  C:39CFH         LINE#         57
  -------         ENDPROC       _REPEAT_START
  -------         PROC          REPEAT_STOP
  C:3CAAH         LINE#         67
  C:3CAAH         LINE#         68
  C:3CAFH         LINE#         69
  C:3CB2H         LINE#         70
  C:3CBBH         LINE#         71
  -------         ENDPROC       REPEAT_STOP
  -------         PROC          REPEAT_PRO
  C:2D35H         LINE#         83
  C:2D35H         LINE#         85
  C:2D4CH         LINE#         87
  C:2D4CH         LINE#         89
  C:2D52H         LINE#         90
  C:2D5EH         LINE#         91
  C:2D5EH         LINE#         92
BL51 BANKED LINKER/LOCATER V6.22                                                      11/20/2017  00:30:12  PAGE 13


  C:2D77H         LINE#         93
  C:2D7AH         LINE#         94
  C:2D81H         LINE#         95
  C:2D86H         LINE#         96
  C:2D86H         LINE#         97
  C:2D87H         LINE#         99
  C:2D87H         LINE#         100
  C:2D8FH         LINE#         101
  C:2DA7H         LINE#         103
  C:2DB6H         LINE#         104
  C:2DC9H         LINE#         106
  C:2DCEH         LINE#         107
  C:2DCEH         LINE#         109
  C:2DD4H         LINE#         110
  C:2DDBH         LINE#         112
  C:2DDBH         LINE#         113
  C:2DDBH         LINE#         114
  C:2DE2H         LINE#         115
  C:2DE6H         LINE#         117
  C:2DE9H         LINE#         118
  C:2DE9H         LINE#         119
  C:2DE9H         LINE#         121
  -------         ENDPROC       REPEAT_PRO
  -------         ENDMOD        APP_REPEAT_EXE

  -------         MODULE        APP_2D4
  C:0000H         SYMBOL        _ICE_DUMMY_
  D:0080H         PUBLIC        P0
  D:0090H         PUBLIC        P1
  D:00A0H         PUBLIC        P2
  D:00B0H         PUBLIC        P3
  C:3A2BH         PUBLIC        app_2d4_init
  D:00D8H         PUBLIC        PWMCON0
  D:00A8H         PUBLIC        IE
  D:00B8H         PUBLIC        IP
  C:3471H         PUBLIC        app_2d4_pro
  D:0098H         PUBLIC        SCON
  D:0088H         PUBLIC        TCON
  D:00F8H         PUBLIC        SCON_1
  X:0141H         PUBLIC        sendBuf
  X:0151H         SYMBOL        sendRcv_flag
  D:00E8H         PUBLIC        ADCCON0
  D:00C0H         PUBLIC        I2CON
  D:00C8H         PUBLIC        T2CON
  X:0152H         SYMBOL        rcvBuf
  X:0162H         PUBLIC        tmpBuf
  C:1449H         SYMBOL        _app_2d4_Rcv
  C:3039H         PUBLIC        _app_2d4_send
  D:00D0H         PUBLIC        PSW
  -------         PROC          APP_2D4_INIT
  C:3A2BH         LINE#         22
  C:3A2BH         LINE#         24
  C:3A30H         LINE#         25
  C:3A3DH         LINE#         26
  C:3A4CH         LINE#         28
  C:3A4FH         LINE#         31
  -------         ENDPROC       APP_2D4_INIT
BL51 BANKED LINKER/LOCATER V6.22                                                      11/20/2017  00:30:12  PAGE 14


  -------         PROC          L?0139
  -------         ENDPROC       L?0139
  -------         PROC          _APP_2D4_SEND
  X:019AH         SYMBOL        d
  X:019DH         SYMBOL        len
  -------         DO            
  D:0006H         SYMBOL        i
  -------         ENDDO         
  C:3039H         LINE#         41
  C:3044H         LINE#         45
  C:3047H         LINE#         46
  C:3047H         LINE#         47
  C:3048H         LINE#         48
  C:3049H         LINE#         49
  C:304AH         LINE#         51
  C:3055H         LINE#         52
  C:3058H         LINE#         53
  C:305EH         LINE#         55
  C:3061H         LINE#         56
  C:3062H         LINE#         57
  C:3063H         LINE#         58
  C:3064H         LINE#         59
  C:3065H         LINE#         60
  C:3070H         LINE#         62
  C:3088H         LINE#         63
  C:3097H         LINE#         64
  C:30ADH         LINE#         65
  C:30ADH         LINE#         66
  -------         ENDPROC       _APP_2D4_SEND
  -------         PROC          _APP_2D4_RCV
  X:0193H         SYMBOL        buf
  -------         DO            
  X:0196H         SYMBOL        tmp
  X:0197H         SYMBOL        i
  X:0198H         SYMBOL        index
  X:0199H         SYMBOL        check
  -------         ENDDO         
  C:1449H         LINE#         70
  C:144FH         LINE#         71
  C:1454H         LINE#         72
  C:1456H         LINE#         73
  C:1458H         LINE#         74
  C:145AH         LINE#         81
  C:1464H         LINE#         83
  C:1464H         LINE#         84
  C:1478H         LINE#         86
  C:1478H         LINE#         87
  C:149FH         LINE#         88
  C:14BAH         LINE#         89
  C:14C2H         LINE#         90
  C:14E3H         LINE#         92
  C:14E3H         LINE#         94
  C:14F2H         LINE#         95
  C:14F7H         LINE#         96
  C:155EH         LINE#         97
  C:155EH         LINE#         119
  C:155EH         LINE#         121
BL51 BANKED LINKER/LOCATER V6.22                                                      11/20/2017  00:30:12  PAGE 15


  C:1561H         LINE#         150
  C:1561H         LINE#         151
  C:1570H         LINE#         152
  C:1573H         LINE#         153
  C:1584H         LINE#         154
  C:1587H         LINE#         155
  C:1598H         LINE#         156
  C:159BH         LINE#         157
  C:159BH         LINE#         158
  C:15AFH         LINE#         159
  C:15C3H         LINE#         160
  C:15E3H         LINE#         161
  C:15ECH         LINE#         162
  C:15FDH         LINE#         163
  C:15FFH         LINE#         164
  C:1610H         LINE#         165
  C:1610H         LINE#         166
  C:1632H         LINE#         167
  C:164EH         LINE#         168
  C:1656H         LINE#         169
  C:1656H         LINE#         170
  C:1656H         LINE#         171
  C:1660H         LINE#         172
  C:1663H         LINE#         173
  C:166AH         LINE#         174
  C:1670H         LINE#         175
  C:1673H         LINE#         176
  C:1687H         LINE#         177
  C:169BH         LINE#         178
  C:16AFH         LINE#         179
  C:16C1H         LINE#         180
  C:16C8H         LINE#         181
  C:16E7H         LINE#         182
  C:1703H         LINE#         183
  C:170BH         LINE#         184
  C:170BH         LINE#         185
  C:170BH         LINE#         186
  C:170BH         LINE#         187
  C:170EH         LINE#         191
  C:170EH         LINE#         192
  C:1718H         LINE#         193
  C:171BH         LINE#         194
  C:1722H         LINE#         195
  C:1728H         LINE#         196
  C:172BH         LINE#         197
  C:173FH         LINE#         198
  C:1753H         LINE#         199
  C:1767H         LINE#         200
  C:1779H         LINE#         201
  C:1780H         LINE#         202
  C:179FH         LINE#         203
  C:17BBH         LINE#         204
  C:17C3H         LINE#         205
  C:17C3H         LINE#         206
  C:17C3H         LINE#         207
  C:17C3H         LINE#         208
  C:17C6H         LINE#         212
BL51 BANKED LINKER/LOCATER V6.22                                                      11/20/2017  00:30:12  PAGE 16


  C:17C6H         LINE#         214
  C:17C6H         LINE#         215
  C:17C6H         LINE#         220
  C:17CDH         LINE#         221
  C:17D0H         LINE#         222
  C:17D2H         LINE#         223
  C:17D9H         LINE#         224
  C:17D9H         LINE#         225
  C:17EDH         LINE#         226
  C:1801H         LINE#         227
  C:1815H         LINE#         228
  C:1833H         LINE#         229
  C:1853H         LINE#         230
  C:1865H         LINE#         231
  C:1874H         LINE#         232
  C:1890H         LINE#         233
  C:1890H         LINE#         234
  C:18ACH         LINE#         235
  C:18ACH         LINE#         236
  C:18B4H         LINE#         237
  C:18BBH         LINE#         238
  C:18DAH         LINE#         239
  C:18F6H         LINE#         240
  C:18FEH         LINE#         241
  C:18FEH         LINE#         242
  C:18FEH         LINE#         243
  C:1901H         LINE#         244
  C:1901H         LINE#         245
  C:1901H         LINE#         246
  C:1903H         LINE#         247
  C:1903H         LINE#         248
  C:1903H         LINE#         249
  C:1905H         LINE#         250
  C:1905H         LINE#         251
  C:1905H         LINE#         252
  C:1907H         LINE#         253
  C:1907H         LINE#         254
  C:1914H         LINE#         255
  C:1916H         LINE#         256
  C:1916H         LINE#         257
  C:1923H         LINE#         258
  C:1925H         LINE#         260
  C:1925H         LINE#         261
  C:1932H         LINE#         262
  C:1934H         LINE#         263
  C:1934H         LINE#         264
  C:1941H         LINE#         265
  C:1943H         LINE#         266
  C:1943H         LINE#         267
  C:1950H         LINE#         268
  C:1952H         LINE#         269
  C:1952H         LINE#         270
  C:195FH         LINE#         271
  C:1961H         LINE#         272
  C:1961H         LINE#         273
  C:196EH         LINE#         274
  C:1970H         LINE#         275
BL51 BANKED LINKER/LOCATER V6.22                                                      11/20/2017  00:30:12  PAGE 17


  C:1970H         LINE#         277
  C:1970H         LINE#         278
  C:1970H         LINE#         279
  C:197DH         LINE#         280
  C:197FH         LINE#         281
  C:198FH         LINE#         283
  C:1992H         LINE#         284
  C:1992H         LINE#         285
  C:199AH         LINE#         286
  C:199DH         LINE#         287
  C:19A0H         LINE#         289
  C:19A6H         LINE#         291
  C:19A8H         LINE#         292
  C:19AFH         LINE#         293
  C:19B2H         LINE#         295
  C:19B5H         LINE#         296
  C:19B8H         LINE#         297
  C:19B8H         LINE#         298
  C:19CCH         LINE#         299
  C:19E0H         LINE#         300
  C:19F4H         LINE#         301
  C:1A1AH         LINE#         302
  C:1A2CH         LINE#         303
  C:1A3BH         LINE#         304
  C:1A57H         LINE#         305
  C:1A57H         LINE#         306
  C:1A73H         LINE#         307
  C:1A73H         LINE#         308
  C:1A7BH         LINE#         309
  C:1A82H         LINE#         310
  C:1AA1H         LINE#         311
  C:1ABDH         LINE#         312
  C:1AC5H         LINE#         313
  C:1AC9H         LINE#         314
  C:1ACCH         LINE#         315
  C:1ACFH         LINE#         316
  C:1ACFH         LINE#         317
  C:1AD6H         LINE#         318
  C:1AD9H         LINE#         319
  C:1ADCH         LINE#         320
  C:1ADFH         LINE#         321
  C:1ADFH         LINE#         322
  C:1AEBH         LINE#         323
  C:1AEFH         LINE#         324
  C:1AF8H         LINE#         325
  C:1AFBH         LINE#         326
  C:1AFBH         LINE#         327
  C:1AFBH         LINE#         328
  C:1AFEH         LINE#         329
  C:1AFEH         LINE#         333
  C:1B05H         LINE#         335
  C:1B0BH         LINE#         336
  C:1B0EH         LINE#         337
  C:1B0EH         LINE#         338
  C:1B1AH         LINE#         339
  C:1B1EH         LINE#         340
  C:1B1EH         LINE#         341
BL51 BANKED LINKER/LOCATER V6.22                                                      11/20/2017  00:30:12  PAGE 18


  C:1B21H         LINE#         342
  C:1B21H         LINE#         343
  C:1B24H         LINE#         344
  C:1B27H         LINE#         345
  C:1B27H         LINE#         347
  C:1B2EH         LINE#         348
  C:1B31H         LINE#         349
  C:1B34H         LINE#         350
  C:1B37H         LINE#         351
  C:1B37H         LINE#         352
  C:1B40H         LINE#         353
  C:1B44H         LINE#         354
  C:1B4AH         LINE#         355
  C:1B4DH         LINE#         356
  C:1B4DH         LINE#         357
  C:1B4DH         LINE#         358
  C:1B4DH         LINE#         359
  C:1B4FH         LINE#         360
  C:1B4FH         LINE#         361
  C:1B52H         LINE#         362
  C:1B55H         LINE#         363
  C:1B55H         LINE#         364
  C:1B5EH         LINE#         365
  C:1B62H         LINE#         366
  C:1B62H         LINE#         367
  C:1B6AH         LINE#         369
  C:1B6DH         LINE#         370
  C:1B6DH         LINE#         371
  C:1B70H         LINE#         372
  C:1B84H         LINE#         373
  C:1B98H         LINE#         374
  C:1BACH         LINE#         375
  C:1BB5H         LINE#         376
  C:1BC6H         LINE#         377
  C:1BC8H         LINE#         378
  C:1BD9H         LINE#         379
  C:1BD9H         LINE#         380
  C:1BF8H         LINE#         381
  C:1C14H         LINE#         382
  C:1C1CH         LINE#         383
  C:1C1CH         LINE#         384
  C:1C1CH         LINE#         385
  C:1C1CH         LINE#         386
  C:1C1CH         LINE#         390
  C:1C1CH         LINE#         391
  C:1C1CH         LINE#         392
  C:1C1CH         LINE#         393
  C:1C1CH         LINE#         394
  C:1C1CH         LINE#         397
  C:1C1CH         LINE#         398
  C:1C22H         LINE#         399
  C:1C22H         LINE#         400
  C:1C25H         LINE#         401
  C:1C25H         LINE#         403
  -------         ENDPROC       _APP_2D4_RCV
  -------         PROC          APP_2D4_PRO
  C:3471H         LINE#         405
BL51 BANKED LINKER/LOCATER V6.22                                                      11/20/2017  00:30:12  PAGE 19


  C:3471H         LINE#         407
  C:3477H         LINE#         409
  C:3487H         LINE#         410
  C:3487H         LINE#         412
  C:348AH         LINE#         413
  C:348DH         LINE#         415
  C:3492H         LINE#         416
  C:3495H         LINE#         420
  C:3495H         LINE#         421
  C:3495H         LINE#         423
  C:3495H         LINE#         424
  C:3495H         LINE#         425
  C:3497H         LINE#         426
  C:3497H         LINE#         428
  C:349AH         LINE#         429
  C:349DH         LINE#         430
  C:349DH         LINE#         431
  C:349DH         LINE#         433
  C:34A8H         LINE#         435
  C:34A8H         LINE#         436
  C:34A8H         LINE#         438
  C:34A8H         LINE#         439
  C:34B6H         LINE#         440
  C:34BFH         LINE#         441
  C:34BFH         LINE#         442
  C:34BFH         LINE#         443
  -------         ENDPROC       APP_2D4_PRO
  -------         ENDMOD        APP_2D4

  -------         MODULE        APP_UART
  C:0000H         SYMBOL        _ICE_DUMMY_
  D:0080H         PUBLIC        P0
  D:0090H         PUBLIC        P1
  D:00A0H         PUBLIC        P2
  D:00B0H         PUBLIC        P3
  D:00D8H         PUBLIC        PWMCON0
  D:00A8H         PUBLIC        IE
  C:0026H         PUBLIC        app_uart_pro
  D:00B8H         PUBLIC        IP
  X:01AAH         SYMBOL        index
  D:0098H         PUBLIC        SCON
  D:0088H         PUBLIC        TCON
  X:01ABH         SYMBOL        len
  D:00F8H         PUBLIC        SCON_1
  X:01ACH         SYMBOL        tmp
  C:3C63H         PUBLIC        app_uart_Init
  D:00E8H         PUBLIC        ADCCON0
  D:00C0H         PUBLIC        I2CON
  X:01AEH         SYMBOL        u8_tmp
  D:00C8H         PUBLIC        T2CON
  X:01AFH         SYMBOL        i
  X:01B0H         SYMBOL        j
  X:01B1H         SYMBOL        uart_sendBuf
  C:298CH         PUBLIC        _app_uart_send
  D:00D0H         PUBLIC        PSW
  -------         PROC          APP_UART_INIT
  C:3C63H         LINE#         25
BL51 BANKED LINKER/LOCATER V6.22                                                      11/20/2017  00:30:12  PAGE 20


  C:3C63H         LINE#         26
  C:3C68H         LINE#         27
  C:3C6AH         LINE#         28
  C:3C6EH         LINE#         30
  -------         ENDPROC       APP_UART_INIT
  -------         PROC          _APP_UART_SEND
  D:0007H         SYMBOL        cmd
  X:019BH         SYMBOL        ptr
  X:019EH         SYMBOL        len
  C:298CH         LINE#         33
  C:2992H         LINE#         34
  C:2997H         LINE#         36
  C:29A8H         LINE#         37
  C:29BCH         LINE#         38
  C:29D5H         LINE#         39
  C:29E8H         LINE#         40
  C:29FBH         LINE#         41
  C:2A1DH         LINE#         42
  C:2A25H         LINE#         43
  C:2A45H         LINE#         45
  C:2A64H         LINE#         46
  C:2A73H         LINE#         47
  C:2A7BH         LINE#         48
  -------         ENDPROC       _APP_UART_SEND
  -------         PROC          APP_UART_PRO
  -------         DO            
  X:0193H         SYMBOL        index
  X:0193H         SYMBOL        switchData
  -------         DO            
  X:0195H         SYMBOL        addr
  -------         ENDDO         
  -------         ENDDO         
  -------         DO            
  X:0193H         SYMBOL        switchData
  -------         ENDDO         
  C:0026H         LINE#         50
  C:0026H         LINE#         51
  C:002FH         LINE#         52
  C:0031H         LINE#         53
  C:0054H         LINE#         54
  C:008BH         LINE#         55
  C:008BH         LINE#         56
  C:00A8H         LINE#         57
  C:00D8H         LINE#         58
  C:00D8H         LINE#         59
  C:0124H         LINE#         61
  C:0124H         LINE#         62
  C:0124H         LINE#         63
  C:0127H         LINE#         64
  C:012CH         LINE#         65
  C:0139H         LINE#         66
  C:018FH         LINE#         67
  C:018FH         LINE#         68
  C:018FH         LINE#         69
  C:0196H         LINE#         70
  C:01BAH         LINE#         73
  C:01C5H         LINE#         74
BL51 BANKED LINKER/LOCATER V6.22                                                      11/20/2017  00:30:12  PAGE 21


  C:01C5H         LINE#         75
  C:01C5H         LINE#         76
  C:01CFH         LINE#         77
  C:01D5H         LINE#         78
  C:01E4H         LINE#         79
  C:01EFH         LINE#         80
  C:01F7H         LINE#         81
  C:01F7H         LINE#         92
  C:021EH         LINE#         98
  C:0244H         LINE#         99
  C:025DH         LINE#         101
  C:0287H         LINE#         104
  C:0287H         LINE#         98
  C:028FH         LINE#         107
  C:0298H         LINE#         108
  C:02A9H         LINE#         109
  C:02A9H         LINE#         110
  C:02ACH         LINE#         111
  C:02ACH         LINE#         112
  C:02C0H         LINE#         113
  C:02D8H         LINE#         114
  C:02ECH         LINE#         115
  C:0300H         LINE#         116
  C:0338H         LINE#         118
  C:0340H         LINE#         119
  C:035FH         LINE#         120
  C:037BH         LINE#         121
  C:0383H         LINE#         122
  C:0383H         LINE#         123
  C:0383H         LINE#         124
  C:0386H         LINE#         125
  C:0386H         LINE#         126
  C:039AH         LINE#         127
  C:03B2H         LINE#         128
  C:03C6H         LINE#         129
  C:03DAH         LINE#         130
  C:0412H         LINE#         132
  C:041AH         LINE#         133
  C:0439H         LINE#         134
  C:0455H         LINE#         135
  C:045DH         LINE#         136
  C:045DH         LINE#         137
  C:045DH         LINE#         138
  C:0460H         LINE#         155
  C:0460H         LINE#         156
  C:0474H         LINE#         157
  C:048CH         LINE#         158
  C:04A0H         LINE#         159
  C:04B4H         LINE#         160
  C:04ECH         LINE#         162
  C:04F4H         LINE#         163
  C:0513H         LINE#         164
  C:052FH         LINE#         165
  C:0537H         LINE#         166
  C:053DH         LINE#         167
  C:0547H         LINE#         168
  C:0547H         LINE#         169
BL51 BANKED LINKER/LOCATER V6.22                                                      11/20/2017  00:30:12  PAGE 22


  C:0547H         LINE#         170
  C:054AH         LINE#         171
  C:054AH         LINE#         172
  C:055EH         LINE#         173
  C:0576H         LINE#         174
  C:058AH         LINE#         175
  C:059EH         LINE#         176
  C:05D6H         LINE#         178
  C:05DEH         LINE#         179
  C:05FDH         LINE#         180
  C:0619H         LINE#         181
  C:0621H         LINE#         182
  C:0627H         LINE#         183
  C:0631H         LINE#         184
  C:0631H         LINE#         185
  C:0631H         LINE#         186
  C:0634H         LINE#         187
  C:0634H         LINE#         188
  C:0648H         LINE#         189
  C:0660H         LINE#         190
  C:0674H         LINE#         191
  C:0688H         LINE#         192
  C:06C0H         LINE#         194
  C:06C8H         LINE#         195
  C:06E7H         LINE#         196
  C:0703H         LINE#         197
  C:070BH         LINE#         198
  C:0711H         LINE#         199
  C:071BH         LINE#         200
  C:071BH         LINE#         201
  C:071BH         LINE#         202
  C:071EH         LINE#         203
  C:071EH         LINE#         204
  C:0732H         LINE#         205
  C:074AH         LINE#         206
  C:075EH         LINE#         207
  C:0772H         LINE#         208
  C:07AAH         LINE#         210
  C:07B2H         LINE#         211
  C:07D1H         LINE#         212
  C:07EDH         LINE#         213
  C:07F5H         LINE#         214
  C:07FBH         LINE#         216
  C:0805H         LINE#         217
  C:0805H         LINE#         218
  C:0805H         LINE#         219
  C:0808H         LINE#         220
  C:0808H         LINE#         221
  C:081CH         LINE#         222
  C:0834H         LINE#         223
  C:0848H         LINE#         224
  C:085CH         LINE#         225
  C:0894H         LINE#         227
  C:089CH         LINE#         228
  C:08BBH         LINE#         229
  C:08D7H         LINE#         230
  C:08DFH         LINE#         231
BL51 BANKED LINKER/LOCATER V6.22                                                      11/20/2017  00:30:12  PAGE 23


  C:08DFH         LINE#         232
  C:08DFH         LINE#         233
  C:08E2H         LINE#         234
  C:08E2H         LINE#         235
  C:08F6H         LINE#         236
  C:090EH         LINE#         237
  C:0922H         LINE#         239
  C:0936H         LINE#         240
  C:096EH         LINE#         242
  C:0976H         LINE#         243
  C:0995H         LINE#         244
  C:09B1H         LINE#         245
  C:09B9H         LINE#         246
  C:09BFH         LINE#         247
  C:09C9H         LINE#         248
  C:09D2H         LINE#         249
  C:09D2H         LINE#         250
  C:09D5H         LINE#         252
  C:09D5H         LINE#         253
  C:09DDH         LINE#         255
  C:09E0H         LINE#         256
  C:09E3H         LINE#         257
  C:09E6H         LINE#         258
  C:09E8H         LINE#         260
  C:09EFH         LINE#         261
  C:09F2H         LINE#         262
  C:09F5H         LINE#         263
  C:09F5H         LINE#         264
  C:0A09H         LINE#         265
  C:0A1DH         LINE#         266
  C:0A31H         LINE#         267
  C:0A57H         LINE#         268
  C:0A69H         LINE#         269
  C:0A70H         LINE#         270
  C:0A8FH         LINE#         271
  C:0AABH         LINE#         272
  C:0AB3H         LINE#         273
  C:0AB9H         LINE#         274
  C:0AC4H         LINE#         275
  C:0AC7H         LINE#         276
  C:0AC7H         LINE#         280
  C:0ACEH         LINE#         282
  C:0AD1H         LINE#         284
  C:0AD4H         LINE#         285
  C:0AD4H         LINE#         287
  C:0B36H         LINE#         294
  C:0B39H         LINE#         295
  C:0B39H         LINE#         296
  C:0B5AH         LINE#         298
  C:0B5DH         LINE#         300
  C:0B5FH         LINE#         301
  C:0B5FH         LINE#         302
  C:0B7FH         LINE#         304
  C:0B81H         LINE#         305
  C:0B81H         LINE#         306
  C:0B88H         LINE#         307
  C:0B8BH         LINE#         308
BL51 BANKED LINKER/LOCATER V6.22                                                      11/20/2017  00:30:12  PAGE 24


  C:0BADH         LINE#         311
  C:0BAFH         LINE#         312
  C:0BAFH         LINE#         313
  C:0BCFH         LINE#         315
  C:0BD6H         LINE#         316
  C:0BDDH         LINE#         317
  C:0BDDH         LINE#         318
  C:0BDDH         LINE#         319
  C:0BDDH         LINE#         321
  C:0BDDH         LINE#         322
  C:0BDDH         LINE#         323
  C:0BDDH         LINE#         324
  C:0BEAH         LINE#         326
  C:0BF3H         LINE#         330
  C:0BF3H         LINE#         331
  C:0BF3H         LINE#         332
  C:0BF3H         LINE#         333
  C:0BF9H         LINE#         334
  C:0BF9H         LINE#         335
  C:0C04H         LINE#         336
  C:0C04H         LINE#         337
  C:0C07H         LINE#         339
  -------         ENDPROC       APP_UART_PRO
  -------         ENDMOD        APP_UART

  -------         MODULE        APP_CRC
  C:0000H         SYMBOL        _ICE_DUMMY_
  D:0080H         PUBLIC        P0
  D:0090H         PUBLIC        P1
  D:00A0H         PUBLIC        P2
  D:00B0H         PUBLIC        P3
  D:00D8H         PUBLIC        PWMCON0
  D:00A8H         PUBLIC        IE
  D:00B8H         PUBLIC        IP
  C:30AEH         PUBLIC        _app_CalcCRC8_cycle
  C:336FH         PUBLIC        _app_CalcCRC8
  D:0098H         PUBLIC        SCON
  D:0088H         PUBLIC        TCON
  X:0224H         SYMBOL        crc
  D:00F8H         PUBLIC        SCON_1
  D:00E8H         PUBLIC        ADCCON0
  D:00C0H         PUBLIC        I2CON
  D:00C8H         PUBLIC        T2CON
  X:0225H         SYMBOL        i
  D:00D0H         PUBLIC        PSW
  -------         PROC          _APP_CALCCRC8
  X:019FH         SYMBOL        ptr
  D:0006H         SYMBOL        len
  C:336FH         LINE#         12
  C:3377H         LINE#         14
  C:337CH         LINE#         15
  C:3382H         LINE#         16
  C:3399H         LINE#         17
  C:33A5H         LINE#         18
  C:33ACH         LINE#         19
  C:33B3H         LINE#         21
  C:33BAH         LINE#         22
BL51 BANKED LINKER/LOCATER V6.22                                                      11/20/2017  00:30:12  PAGE 25


  C:33C2H         LINE#         23
  C:33C2H         LINE#         24
  C:33C7H         LINE#         25
  -------         ENDPROC       _APP_CALCCRC8
  -------         PROC          _APP_CALCCRC8_CYCLE
  X:0197H         SYMBOL        ptr
  D:0006H         SYMBOL        len
  X:019BH         SYMBOL        pos
  X:019CH         SYMBOL        bufLen
  C:30AEH         LINE#         27
  C:30B6H         LINE#         28
  C:30B6H         LINE#         29
  C:30BBH         LINE#         30
  C:30C1H         LINE#         31
  C:30D8H         LINE#         32
  C:30DEH         LINE#         33
  C:30E9H         LINE#         34
  C:30EBH         LINE#         35
  C:30FBH         LINE#         36
  C:30FBH         LINE#         37
  C:3109H         LINE#         38
  C:3110H         LINE#         39
  C:3117H         LINE#         41
  C:311EH         LINE#         42
  C:3126H         LINE#         43
  C:3126H         LINE#         44
  C:312BH         LINE#         45
  -------         ENDPROC       _APP_CALCCRC8_CYCLE
  -------         ENDMOD        APP_CRC

  -------         MODULE        APP_DOME
  C:0000H         SYMBOL        _ICE_DUMMY_
  D:0080H         PUBLIC        P0
  D:0090H         PUBLIC        P1
  D:00A0H         PUBLIC        P2
  X:00A3H         PUBLIC        dome_running_param
  D:00B0H         PUBLIC        P3
  D:00D8H         PUBLIC        PWMCON0
  D:00A8H         PUBLIC        IE
  X:00ABH         SYMBOL        color_blink_index
  D:00B8H         PUBLIC        IP
  X:00ACH         PUBLIC        dome_blink
  C:355DH         PUBLIC        app_color_blink_previous
  C:32BBH         PUBLIC        _app_dome_single_cycle
  C:3C30H         PUBLIC        app_dome_previous
  X:011EH         SYMBOL        subDome_Assist
  C:3840H         SYMBOL        _app_dome_subDome_pro
  D:0098H         PUBLIC        SCON
  D:0088H         PUBLIC        TCON
  C:39D0H         PUBLIC        _app_dome_get_current_Name
  X:0124H         SYMBOL        cyc
  C:34C0H         PUBLIC        app_dome_Init
  C:3C93H         PUBLIC        app_dome_start_current
  D:00F8H         PUBLIC        SCON_1
  X:0125H         SYMBOL        tmp
  X:0129H         SYMBOL        subDome
  X:0136H         SYMBOL        domePro
BL51 BANKED LINKER/LOCATER V6.22                                                      11/20/2017  00:30:12  PAGE 26


  D:00E8H         PUBLIC        ADCCON0
  C:3644H         PUBLIC        app_color_blink_next
  C:3BFAH         PUBLIC        app_dome_stop_current
  C:2889H         PUBLIC        _app_dome_start
  D:00C0H         PUBLIC        I2CON
  C:37FCH         PUBLIC        _app_dome_rgb
  D:00C8H         PUBLIC        T2CON
  C:3C7BH         PUBLIC        app_dome_next
  C:3B4EH         PUBLIC        color_blink_buffer
  X:0137H         SYMBOL        domeHeader
  C:0C08H         PUBLIC        app_dome_interrupter
  D:00D0H         PUBLIC        PSW
  -------         PROC          APP_DOME_INIT
  C:34C0H         LINE#         376
  C:34C0H         LINE#         377
  C:34C6H         LINE#         380
  C:34D5H         LINE#         382
  C:34E4H         LINE#         383
  C:34F3H         LINE#         384
  C:3502H         LINE#         386
  C:3508H         LINE#         387
  C:350CH         LINE#         389
  -------         ENDPROC       APP_DOME_INIT
  -------         PROC          APP_COLOR_BLINK_PREVIOUS
  C:355DH         LINE#         392
  C:355DH         LINE#         393
  C:3563H         LINE#         394
  C:3565H         LINE#         395
  C:3567H         LINE#         396
  C:356DH         LINE#         397
  C:356DH         LINE#         398
  -------         ENDPROC       APP_COLOR_BLINK_PREVIOUS
  -------         PROC          APP_COLOR_BLINK_NEXT
  C:3644H         LINE#         402
  C:3644H         LINE#         403
  C:364AH         LINE#         404
  C:3650H         LINE#         405
  C:3652H         LINE#         406
  C:3652H         LINE#         407
  -------         ENDPROC       APP_COLOR_BLINK_NEXT
  -------         PROC          APP_DOME_PREVIOUS
  C:3C30H         LINE#         412
  C:3C30H         LINE#         413
  C:3C36H         LINE#         414
  C:3C38H         LINE#         415
  C:3C3AH         LINE#         416
  C:3C40H         LINE#         417
  C:3C40H         LINE#         418
  -------         ENDPROC       APP_DOME_PREVIOUS
  -------         PROC          APP_DOME_NEXT
  C:3C7BH         LINE#         420
  C:3C7BH         LINE#         421
  C:3C81H         LINE#         422
  C:3C87H         LINE#         423
  C:3C89H         LINE#         424
  C:3C89H         LINE#         426
  -------         ENDPROC       APP_DOME_NEXT
BL51 BANKED LINKER/LOCATER V6.22                                                      11/20/2017  00:30:12  PAGE 27


  -------         PROC          _APP_DOME_GET_CURRENT_NAME
  X:019AH         SYMBOL        name
  D:0005H         SYMBOL        len
  C:39D0H         LINE#         429
  C:39D6H         LINE#         430
  C:39DCH         LINE#         431
  C:39E8H         LINE#         433
  C:39E8H         LINE#         434
  C:3A01H         LINE#         435
  -------         ENDPROC       _APP_DOME_GET_CURRENT_NAME
  -------         PROC          APP_DOME_START_CURRENT
  C:3C93H         LINE#         436
  C:3C93H         LINE#         437
  C:3C99H         LINE#         439
  C:3CA0H         LINE#         440
  -------         ENDPROC       APP_DOME_START_CURRENT
  -------         PROC          APP_DOME_STOP_CURRENT
  C:3BFAH         LINE#         442
  C:3BFAH         LINE#         443
  C:3C01H         LINE#         445
  C:3C06H         LINE#         446
  C:3C0CH         LINE#         447
  -------         ENDPROC       APP_DOME_STOP_CURRENT
  -------         PROC          _APP_DOME_SINGLE_CYCLE
  X:0198H         SYMBOL        subIndex
  C:32BBH         LINE#         449
  C:32C0H         LINE#         450
  C:32D3H         LINE#         451
  C:32D7H         LINE#         452
  C:32E1H         LINE#         454
  C:32E3H         LINE#         456
  C:3302H         LINE#         457
  C:3302H         LINE#         458
  -------         ENDPROC       _APP_DOME_SINGLE_CYCLE
  -------         PROC          _APP_DOME_START
  X:019AH         SYMBOL        domeIndex
  X:019BH         SYMBOL        dir
  -------         DO            
  X:019CH         SYMBOL        i
  X:019CH         SYMBOL        i
  -------         ENDDO         
  -------         DO            
  X:019CH         SYMBOL        i
  -------         ENDDO         
  C:2889H         LINE#         465
  C:2894H         LINE#         466
  C:2899H         LINE#         467
  C:28A1H         LINE#         468
  C:28A6H         LINE#         471
  C:28ACH         LINE#         472
  C:28B2H         LINE#         473
  C:28B6H         LINE#         474
  C:28B8H         LINE#         475
  C:28C0H         LINE#         476
  C:28C0H         LINE#         477
  C:28C6H         LINE#         478
  C:28D4H         LINE#         479
BL51 BANKED LINKER/LOCATER V6.22                                                      11/20/2017  00:30:12  PAGE 28


  C:28DEH         LINE#         480
  C:28DEH         LINE#         481
  C:28DEH         LINE#         482
  C:28E8H         LINE#         483
  C:28EAH         LINE#         484
  C:28EBH         LINE#         485
  C:28F9H         LINE#         486
  C:2900H         LINE#         487
  C:2906H         LINE#         488
  C:2906H         LINE#         489
  C:2908H         LINE#         490
  C:2908H         LINE#         491
  C:290EH         LINE#         492
  C:2914H         LINE#         493
  C:2916H         LINE#         495
  C:2916H         LINE#         496
  C:2916H         LINE#         497
  C:2916H         LINE#         498
  C:2916H         LINE#         499
  C:2924H         LINE#         500
  C:292CH         LINE#         501
  C:292EH         LINE#         502
  C:292FH         LINE#         503
  C:293DH         LINE#         504
  C:2944H         LINE#         505
  C:294AH         LINE#         506
  C:294CH         LINE#         507
  C:294EH         LINE#         508
  C:2958H         LINE#         509
  C:295AH         LINE#         510
  C:295AH         LINE#         511
  C:295AH         LINE#         512
  C:295AH         LINE#         513
  C:295AH         LINE#         514
  C:2966H         LINE#         515
  C:2966H         LINE#         523
  C:2979H         LINE#         526
  -------         ENDPROC       _APP_DOME_START
  -------         PROC          _APP_DOME_SUBDOME_PRO
  X:0197H         SYMBOL        subIndex
  C:3840H         LINE#         531
  C:3845H         LINE#         533
  C:384AH         LINE#         534
  C:3852H         LINE#         535
  C:3858H         LINE#         537
  C:385FH         LINE#         538
  C:3865H         LINE#         539
  C:386BH         LINE#         540
  C:386BH         LINE#         541
  C:386DH         LINE#         542
  C:3872H         LINE#         543
  C:3875H         LINE#         544
  C:3875H         LINE#         545
  C:3875H         LINE#         546
  C:387AH         LINE#         547
  C:3882H         LINE#         548
  C:3882H         LINE#         549
BL51 BANKED LINKER/LOCATER V6.22                                                      11/20/2017  00:30:12  PAGE 29


  -------         ENDPROC       _APP_DOME_SUBDOME_PRO
  -------         PROC          _APP_DOME_RGB
  X:019AH         SYMBOL        r
  X:019BH         SYMBOL        g
  X:019CH         SYMBOL        b
  C:37FCH         LINE#         551
  C:3807H         LINE#         552
  C:380AH         LINE#         553
  C:3815H         LINE#         554
  C:3820H         LINE#         555
  C:382FH         LINE#         557
  -------         ENDPROC       _APP_DOME_RGB
  -------         PROC          APP_DOME_INTERRUPTER
  -------         DO            
  X:0193H         SYMBOL        tt
  -------         ENDDO         
  C:0C08H         LINE#         567
  C:0C08H         LINE#         571
  C:0C12H         LINE#         573
  C:0C12H         LINE#         575
  C:0C18H         LINE#         576
  C:0C1BH         LINE#         578
  C:0C1BH         LINE#         580
  C:0C2EH         LINE#         582
  C:0C2EH         LINE#         584
  C:0C48H         LINE#         585
  C:0C48H         LINE#         586
  C:0C48H         LINE#         587
  C:0C61H         LINE#         589
  C:0C6FH         LINE#         590
  C:0CD1H         LINE#         594
  C:0CD1H         LINE#         595
  C:0CD3H         LINE#         596
  C:0D41H         LINE#         600
  C:0D62H         LINE#         601
  C:0D62H         LINE#         602
  C:0D70H         LINE#         604
  C:0D7EH         LINE#         605
  C:0DE0H         LINE#         609
  C:0DE0H         LINE#         611
  C:0DE2H         LINE#         612
  C:0E50H         LINE#         616
  C:0E71H         LINE#         618
  C:0E71H         LINE#         619
  C:0E7FH         LINE#         621
  C:0E8DH         LINE#         622
  C:0EEFH         LINE#         626
  C:0EEFH         LINE#         628
  C:0EF1H         LINE#         629
  C:0F5FH         LINE#         633
  C:0F80H         LINE#         635
  C:0F80H         LINE#         636
  C:0F90H         LINE#         637
  C:0FA1H         LINE#         640
  C:0FB8H         LINE#         641
  C:0FC2H         LINE#         667
  C:0FC8H         LINE#         668
BL51 BANKED LINKER/LOCATER V6.22                                                      11/20/2017  00:30:12  PAGE 30


  C:0FCAH         LINE#         669
  C:0FCAH         LINE#         672
  C:0FCAH         LINE#         673
  C:0FD3H         LINE#         680
  C:0FD3H         LINE#         683
  C:0FD3H         LINE#         684
  C:0FD3H         LINE#         685
  C:0FD6H         LINE#         686
  C:0FD6H         LINE#         687
  C:0FD6H         LINE#         688
  C:0FDCH         LINE#         689
  C:0FECH         LINE#         690
  C:0FEEH         LINE#         691
  C:0FFAH         LINE#         692
  C:1016H         LINE#         693
  C:1016H         LINE#         694
  C:1016H         LINE#         696
  C:1057H         LINE#         697
  C:1078H         LINE#         698
  C:1086H         LINE#         700
  C:10C7H         LINE#         701
  C:10E8H         LINE#         702
  C:10F6H         LINE#         704
  C:1137H         LINE#         705
  C:1158H         LINE#         706
  C:1168H         LINE#         707
  C:1179H         LINE#         710
  C:11A1H         LINE#         711
  C:11A1H         LINE#         712
  C:11A7H         LINE#         713
  C:11A9H         LINE#         714
  C:11ABH         LINE#         715
  C:11B0H         LINE#         716
  C:11B6H         LINE#         717
  C:11B8H         LINE#         718
  C:11B8H         LINE#         719
  C:11B8H         LINE#         720
  C:11B8H         LINE#         721
  C:11C1H         LINE#         727
  C:11C1H         LINE#         729
  C:11C1H         LINE#         730
  C:11C1H         LINE#         731
  C:11C4H         LINE#         732
  C:11C4H         LINE#         733
  C:11C4H         LINE#         734
  C:11CEH         LINE#         735
  C:11E2H         LINE#         736
  C:1217H         LINE#         737
  C:1225H         LINE#         739
  C:125AH         LINE#         740
  C:1268H         LINE#         742
  C:129DH         LINE#         743
  C:12ADH         LINE#         744
  C:12BEH         LINE#         746
  C:12BEH         LINE#         747
  C:12CFH         LINE#         748
  C:12E4H         LINE#         749
BL51 BANKED LINKER/LOCATER V6.22                                                      11/20/2017  00:30:12  PAGE 31


  C:1319H         LINE#         750
  C:1327H         LINE#         752
  C:135CH         LINE#         753
  C:136AH         LINE#         755
  C:139FH         LINE#         756
  C:13AFH         LINE#         757
  C:13C0H         LINE#         759
  C:13C0H         LINE#         760
  C:13D9H         LINE#         761
  C:13E3H         LINE#         762
  C:1413H         LINE#         763
  C:1425H         LINE#         764
  C:142FH         LINE#         765
  C:1435H         LINE#         766
  C:1437H         LINE#         767
  C:1437H         LINE#         768
  C:1437H         LINE#         769
  C:143DH         LINE#         775
  C:1448H         LINE#         777
  C:1448H         LINE#         778
  C:1448H         LINE#         779
  C:1448H         LINE#         780
  C:1448H         LINE#         782
  C:1448H         LINE#         783
  C:1448H         LINE#         786
  -------         ENDPROC       APP_DOME_INTERRUPTER
  -------         ENDMOD        APP_DOME

  -------         MODULE        APP_EEPROM
  C:0000H         SYMBOL        _ICE_DUMMY_
  D:0080H         PUBLIC        P0
  D:0090H         PUBLIC        P1
  D:00A0H         PUBLIC        P2
  D:00B0H         PUBLIC        P3
  D:00D8H         PUBLIC        PWMCON0
  D:00A8H         PUBLIC        IE
  D:00B8H         PUBLIC        IP
  C:3D9FH         PUBLIC        _app_eeprom_erase
  C:3E36H         PUBLIC        app_eeprom_Init
  D:0098H         PUBLIC        SCON
  D:0088H         PUBLIC        TCON
  C:3E37H         PUBLIC        app_eeprom_100ms_pro
  D:00F8H         PUBLIC        SCON_1
  C:3DA9H         PUBLIC        _app_eeprom_write_byte
  D:00E8H         PUBLIC        ADCCON0
  D:00C0H         PUBLIC        I2CON
  C:3D0BH         PUBLIC        _app_eeprom_write_buf
  C:3E38H         SYMBOL        app_eeprom_pro
  D:00C8H         PUBLIC        T2CON
  C:3315H         PUBLIC        _app_eeprom_get_dome_with_index
  D:00D0H         PUBLIC        PSW
  -------         PROC          APP_EEPROM_INIT
  C:3E36H         LINE#         12
  C:3E36H         LINE#         14
  -------         ENDPROC       APP_EEPROM_INIT
  -------         PROC          _APP_EEPROM_GET_DOME_WITH_INDEX
  X:019DH         SYMBOL        dd
BL51 BANKED LINKER/LOCATER V6.22                                                      11/20/2017  00:30:12  PAGE 32


  X:01A0H         SYMBOL        index
  -------         DO            
  X:01A1H         SYMBOL        i
  D:0007H         SYMBOL        n
  -------         ENDDO         
  C:3315H         LINE#         16
  C:3320H         LINE#         17
  C:3323H         LINE#         18
  C:3323H         LINE#         19
  C:3325H         LINE#         21
  C:3329H         LINE#         22
  C:3329H         LINE#         23
  C:3329H         LINE#         24
  C:3338H         LINE#         25
  C:3366H         LINE#         27
  C:336EH         LINE#         28
  -------         ENDPROC       _APP_EEPROM_GET_DOME_WITH_INDEX
  -------         PROC          _APP_EEPROM_ERASE
  D:0006H         SYMBOL        addr
  C:3D9FH         LINE#         29
  C:3D9FH         LINE#         30
  -------         ENDPROC       _APP_EEPROM_ERASE
  -------         PROC          _APP_EEPROM_WRITE_BYTE
  D:0006H         SYMBOL        addr
  D:0005H         SYMBOL        d
  C:3DA9H         LINE#         32
  C:3DA9H         LINE#         33
  -------         ENDPROC       _APP_EEPROM_WRITE_BYTE
  -------         PROC          _APP_EEPROM_WRITE_BUF
  D:0006H         SYMBOL        addr
  D:0001H         SYMBOL        pt
  X:01F7H         SYMBOL        len
  C:3D0BH         LINE#         35
  C:3D0BH         LINE#         36
  -------         ENDPROC       _APP_EEPROM_WRITE_BUF
  -------         PROC          APP_EEPROM_100MS_PRO
  C:3E37H         LINE#         38
  C:3E37H         LINE#         40
  -------         ENDPROC       APP_EEPROM_100MS_PRO
  -------         PROC          APP_EEPROM_PRO
  C:3E38H         LINE#         42
  C:3E38H         LINE#         44
  -------         ENDPROC       APP_EEPROM_PRO
  -------         ENDMOD        APP_EEPROM

  -------         MODULE        BSP
  C:0000H         SYMBOL        _ICE_DUMMY_
  D:0080H         PUBLIC        P0
  D:0090H         PUBLIC        P1
  D:00A0H         PUBLIC        P2
  D:00B0H         PUBLIC        P3
  B:00A8H.7       PUBLIC        EA
  D:00D8H         PUBLIC        PWMCON0
  D:00A8H         PUBLIC        IE
  D:00B8H         PUBLIC        IP
  B:0021H.1       PUBLIC        BIT_TMP
  D:0098H         PUBLIC        SCON
BL51 BANKED LINKER/LOCATER V6.22                                                      11/20/2017  00:30:12  PAGE 33


  D:0088H         PUBLIC        TCON
  C:000EH         PUBLIC        bsp_Init
  D:00F8H         PUBLIC        SCON_1
  D:00E8H         PUBLIC        ADCCON0
  D:00C0H         PUBLIC        I2CON
  D:00C8H         PUBLIC        T2CON
  D:00D0H         PUBLIC        PSW
  -------         PROC          BSP_INIT
  C:000EH         LINE#         5
  C:000EH         LINE#         13
  C:0011H         LINE#         14
  C:0014H         LINE#         16
  C:0017H         LINE#         22
  C:001AH         LINE#         23
  C:001DH         LINE#         26
  C:0020H         LINE#         28
  C:0022H         LINE#         30
[...]
  D:00B3H         PUBLIC        P1M1
  D:00B2H         PUBLIC        P0M2
  D:0080H         PUBLIC        P0
  D:00B4H         PUBLIC        P1M2
  D:0090H         PUBLIC        P1
  D:00A0H         PUBLIC        P2
  D:00B0H         PUBLIC        P3
  D:00D8H         PUBLIC        PWMCON0
  D:00A8H         PUBLIC        IE
  B:00A8H.4       PUBLIC        ES
  D:00B8H         PUBLIC        IP
  B:0098H.0       PUBLIC        RI
  B:0098H.1       PUBLIC        TI
  B:00F8H.0       PUBLIC        RI_1
  B:00F8H.1       PUBLIC        TI_1
  D:0099H         PUBLIC        SBUF
  D:0087H         PUBLIC        PCON
  D:0098H         PUBLIC        SCON
  D:0089H         PUBLIC        TMOD
  D:0088H         PUBLIC        TCON
  D:009AH         PUBLIC        SBUF_1
  D:00F8H         PUBLIC        SCON_1
  D:00C6H         PUBLIC        RH3
  D:008DH         PUBLIC        TH1
  D:00C5H         PUBLIC        RL3
  C:38C2H         PUBLIC        _InitialUART0_Timer1
  C:3199H         PUBLIC        _InitialUART0_Timer3
  C:325DH         PUBLIC        _InitialUART1_Timer3
  B:0088H.6       PUBLIC        TR1
  D:00E8H         PUBLIC        ADCCON0
  C:3DD8H         PUBLIC        _Send_Data_To_UART0
  C:3DE8H         PUBLIC        _Send_Data_To_UART1
  D:00C0H         PUBLIC        I2CON
  D:00C8H         PUBLIC        T2CON
  D:00C4H         PUBLIC        T3CON
  C:3DD0H         PUBLIC        Receive_Data_From_UART0
  C:3DE0H         PUBLIC        Receive_Data_From_UART1
  D:008EH         PUBLIC        CKCON
  D:00D0H         PUBLIC        PSW
  -------         PROC          _INITIALUART0_TIMER1
  D:0004H         SYMBOL        u32Baudrate
  C:38C2H         LINE#         21
  C:38C2H         LINE#         22
  C:38C2H         LINE#         23
  C:38C8H         LINE#         25
  C:38CEH         LINE#         28
  C:38D1H         LINE#         29
  C:38D4H         LINE#         31
BL51 BANKED LINKER/LOCATER V6.22                                                      11/20/2017  00:30:12  PAGE 51


  C:38D7H         LINE#         32
  C:38DAH         LINE#         33
  C:38DDH         LINE#         36
  C:38F6H         LINE#         42
  C:38F8H         LINE#         45
  C:38FAH         LINE#         46
  C:38FCH         LINE#         48
  -------         ENDPROC       _INITIALUART0_TIMER1
  -------         PROC          _INITIALUART0_TIMER3
  X:0193H         SYMBOL        u32Baudrate
  C:3199H         LINE#         50
  C:319FH         LINE#         51
  C:319FH         LINE#         52
  C:31A5H         LINE#         54
  C:31ABH         LINE#         57
  C:31AEH         LINE#         58
  C:31B1H         LINE#         59
  C:31B4H         LINE#         60
  C:31B7H         LINE#         63
  C:31DEH         LINE#         64
  C:31F6H         LINE#         70
  C:31F9H         LINE#         71
  C:31FBH         LINE#         73
  C:31FDH         LINE#         74
  -------         ENDPROC       _INITIALUART0_TIMER3
  -------         PROC          RECEIVE_DATA_FROM_UART0
  -------         DO            
  D:0007H         SYMBOL        c
  -------         ENDDO         
  C:3DD0H         LINE#         76
  C:3DD0H         LINE#         78
  C:3DD3H         LINE#         80
  C:3DD5H         LINE#         81
  C:3DD7H         LINE#         82
  C:3DD7H         LINE#         83
  -------         ENDPROC       RECEIVE_DATA_FROM_UART0
  -------         PROC          _SEND_DATA_TO_UART0
  D:0007H         SYMBOL        c
  C:3DD8H         LINE#         85
  C:3DD8H         LINE#         86
  C:3DDAH         LINE#         87
  C:3DDCH         LINE#         88
  C:3DDFH         LINE#         90
  -------         ENDPROC       _SEND_DATA_TO_UART0
  -------         PROC          _INITIALUART1_TIMER3
  X:0203H         SYMBOL        u32Baudrate
  C:325DH         LINE#         95
  C:3263H         LINE#         96
  C:3263H         LINE#         97
  C:3269H         LINE#         99
  C:326FH         LINE#         102
  C:3272H         LINE#         103
  C:3275H         LINE#         104
  C:3278H         LINE#         107
  C:329FH         LINE#         108
  C:32B7H         LINE#         114
  C:32BAH         LINE#         115
BL51 BANKED LINKER/LOCATER V6.22                                                      11/20/2017  00:30:12  PAGE 52


  -------         ENDPROC       _INITIALUART1_TIMER3
  -------         PROC          RECEIVE_DATA_FROM_UART1
  -------         DO            
  D:0007H         SYMBOL        c
  -------         ENDDO         
  C:3DE0H         LINE#         117
  C:3DE0H         LINE#         120
  C:3DE3H         LINE#         122
  C:3DE5H         LINE#         123
  C:3DE7H         LINE#         124
  C:3DE7H         LINE#         125
  -------         ENDPROC       RECEIVE_DATA_FROM_UART1
  -------         PROC          _SEND_DATA_TO_UART1
  D:0007H         SYMBOL        c
  C:3DE8H         LINE#         127
  C:3DE8H         LINE#         128
  C:3DEAH         LINE#         129
  C:3DECH         LINE#         130
  C:3DEFH         LINE#         132
  -------         ENDPROC       _SEND_DATA_TO_UART1
  -------         ENDMOD        COMMON

  -------         MODULE        DELAY
  C:0000H         SYMBOL        _ICE_DUMMY_
  D:0080H         PUBLIC        P0
  D:0090H         PUBLIC        P1
  D:00A0H         PUBLIC        P2
  C:368FH         PUBLIC        _Timer0_Delay100us
  D:00B0H         PUBLIC        P3
  D:00D8H         PUBLIC        PWMCON0
  C:350FH         PUBLIC        _Timer2_Delay500us
  D:00A8H         PUBLIC        IE
  D:00B8H         PUBLIC        IP
  C:36DAH         PUBLIC        _Timer0_Delay1ms
  D:0098H         PUBLIC        SCON
  D:0089H         PUBLIC        TMOD
  D:0088H         PUBLIC        TCON
  D:00F8H         PUBLIC        SCON_1
  B:0088H.5       PUBLIC        TF0
  C:3725H         PUBLIC        _Timer1_Delay10ms
  B:0088H.7       PUBLIC        TF1
  B:00C8H.7       PUBLIC        TF2
  D:008CH         PUBLIC        TH0
  D:00C6H         PUBLIC        RH3
  D:008DH         PUBLIC        TH1
  D:00CDH         PUBLIC        TH2
  D:008AH         PUBLIC        TL0
  D:00C5H         PUBLIC        RL3
  D:008BH         PUBLIC        TL1
  D:00CCH         PUBLIC        TL2
  C:35F7H         PUBLIC        _Timer3_Delay10us
  B:0088H.4       PUBLIC        TR0
  B:0088H.6       PUBLIC        TR1
  B:00C8H.2       PUBLIC        TR2
  D:00E8H         PUBLIC        ADCCON0
  D:00C0H         PUBLIC        I2CON
  D:00C9H         PUBLIC        T2MOD
BL51 BANKED LINKER/LOCATER V6.22                                                      11/20/2017  00:30:12  PAGE 53


  D:00C8H         PUBLIC        T2CON
  D:00C4H         PUBLIC        T3CON
  D:008EH         PUBLIC        CKCON
  D:00D0H         PUBLIC        PSW
  C:35AAH         PUBLIC        _Timer3_Delay100ms
  -------         PROC          _TIMER0_DELAY100US
  X:0207H         SYMBOL        u32CNT
  C:368FH         LINE#         21
  C:3695H         LINE#         22
  C:3695H         LINE#         23
  C:3698H         LINE#         24
  C:369BH         LINE#         25
  C:369DH         LINE#         26
  C:36AEH         LINE#         27
  C:36AEH         LINE#         28
  C:36B1H         LINE#         29
  C:36B4H         LINE#         30
  C:36B7H         LINE#         31
  C:36B9H         LINE#         32
  C:36D5H         LINE#         33
  C:36D7H         LINE#         34
  C:36D9H         LINE#         35
  -------         ENDPROC       _TIMER0_DELAY100US
  -------         PROC          _TIMER0_DELAY1MS
  X:020BH         SYMBOL        u32CNT
  C:36DAH         LINE#         37
  C:36E0H         LINE#         38
  C:36E0H         LINE#         39
  C:36E3H         LINE#         40
  C:36E6H         LINE#         41
  C:36E8H         LINE#         42
  C:36F9H         LINE#         43
  C:36F9H         LINE#         44
  C:36FCH         LINE#         45
  C:36FFH         LINE#         46
  C:3702H         LINE#         47
  C:3704H         LINE#         48
  C:3720H         LINE#         49
  C:3722H         LINE#         50
  C:3724H         LINE#         51
  -------         ENDPROC       _TIMER0_DELAY1MS
  -------         PROC          _TIMER1_DELAY10MS
  X:020FH         SYMBOL        u32CNT
  C:3725H         LINE#         54
  C:372BH         LINE#         55
  C:372BH         LINE#         56
  C:372EH         LINE#         57
  C:3731H         LINE#         58
  C:3733H         LINE#         59
  C:3744H         LINE#         60
  C:3744H         LINE#         61
  C:3747H         LINE#         62
  C:374AH         LINE#         63
  C:374DH         LINE#         64
  C:374FH         LINE#         65
  C:376BH         LINE#         66
  C:376DH         LINE#         67
BL51 BANKED LINKER/LOCATER V6.22                                                      11/20/2017  00:30:12  PAGE 54


  C:376FH         LINE#         68
  -------         ENDPROC       _TIMER1_DELAY10MS
  -------         PROC          _TIMER2_DELAY500US
  X:0213H         SYMBOL        u32CNT
  C:350FH         LINE#         70
  C:3515H         LINE#         71
  C:3515H         LINE#         72
  C:3518H         LINE#         73
  C:351BH         LINE#         74
  C:351EH         LINE#         75
  C:3520H         LINE#         76
  C:3531H         LINE#         77
  C:3531H         LINE#         78
  C:3534H         LINE#         79
  C:3537H         LINE#         80
  C:353AH         LINE#         81
  C:353CH         LINE#         82
  C:3558H         LINE#         83
  C:355AH         LINE#         84
  C:355CH         LINE#         85
  -------         ENDPROC       _TIMER2_DELAY500US
  -------         PROC          _TIMER3_DELAY100MS
  X:0217H         SYMBOL        u32CNT
  C:35AAH         LINE#         87
  C:35B0H         LINE#         88
  C:35B0H         LINE#         89
  C:35B3H         LINE#         90
  C:35B6H         LINE#         91
  C:35C7H         LINE#         92
  C:35C7H         LINE#         93
  C:35CAH         LINE#         94
  C:35CDH         LINE#         95
  C:35D2H         LINE#         96
  C:35D5H         LINE#         97
  C:35F1H         LINE#         98
  C:35F3H         LINE#         99
  C:35F6H         LINE#         100
  -------         ENDPROC       _TIMER3_DELAY100MS
  -------         PROC          _TIMER3_DELAY10US
  X:021BH         SYMBOL        u32CNT
  C:35F7H         LINE#         102
  C:35FDH         LINE#         103
  C:35FDH         LINE#         104
  C:3600H         LINE#         105
  C:3603H         LINE#         106
  C:3614H         LINE#         107
  C:3614H         LINE#         108
  C:3617H         LINE#         109
  C:361AH         LINE#         110
  C:361FH         LINE#         111
  C:3622H         LINE#         112
  C:363EH         LINE#         113
  C:3640H         LINE#         114
  C:3643H         LINE#         115
  -------         ENDPROC       _TIMER3_DELAY10US
  -------         ENDMOD        DELAY

BL51 BANKED LINKER/LOCATER V6.22                                                      11/20/2017  00:30:12  PAGE 55


  -------         MODULE        VERSION
  C:0000H         SYMBOL        _ICE_DUMMY_
  D:0080H         PUBLIC        P0
  D:0090H         PUBLIC        P1
  D:00A0H         PUBLIC        P2
  D:00B0H         PUBLIC        P3
  D:00D8H         PUBLIC        PWMCON0
  D:00A8H         PUBLIC        IE
  D:00B8H         PUBLIC        IP
  D:0098H         PUBLIC        SCON
  D:0088H         PUBLIC        TCON
  D:00F8H         PUBLIC        SCON_1
  C:31FEH         PUBLIC        Show_FW_Version_Number_To_PC
  D:00E8H         PUBLIC        ADCCON0
  D:00C0H         PUBLIC        I2CON
  D:00C8H         PUBLIC        T2CON
  D:00D0H         PUBLIC        PSW
  -------         PROC          SHOW_FW_VERSION_NUMBER_TO_PC
  C:31FEH         LINE#         30
  C:31FEH         LINE#         31
  C:31FEH         LINE#         32
  C:3207H         LINE#         33
  C:3210H         LINE#         34
  C:3219H         LINE#         35
  C:3233H         LINE#         36
  C:3254H         LINE#         37
  -------         ENDPROC       SHOW_FW_VERSION_NUMBER_TO_PC
  -------         ENDMOD        VERSION

  -------         MODULE        ?C_STARTUP
  C:2E8BH         SEGMENT       ?C_C51STARTUP
  I:0045H         SEGMENT       ?STACK
  C:0000H         PUBLIC        ?C_STARTUP
  D:00E0H         SYMBOL        ACC
  D:00F0H         SYMBOL        B
  D:0083H         SYMBOL        DPH
  D:0082H         SYMBOL        DPL
  N:0000H         SYMBOL        IBPSTACK
  N:0100H         SYMBOL        IBPSTACKTOP
  N:0080H         SYMBOL        IDATALEN
  C:2E8EH         SYMBOL        IDATALOOP
  N:0000H         SYMBOL        PBPSTACK
  N:0000H         SYMBOL        PBPSTACKTOP
  N:0000H         SYMBOL        PDATALEN
  N:0000H         SYMBOL        PDATASTART
  N:0000H         SYMBOL        PPAGE
  N:0000H         SYMBOL        PPAGEENABLE
  D:00A0H         SYMBOL        PPAGE_SFR
  D:0081H         SYMBOL        SP
  C:2E8BH         SYMBOL        STARTUP1
  N:0000H         SYMBOL        XBPSTACK
  N:0000H         SYMBOL        XBPSTACKTOP
  N:02FFH         SYMBOL        XDATALEN
  C:2E99H         SYMBOL        XDATALOOP
  N:0000H         SYMBOL        XDATASTART
  C:0000H         LINE#         92
  C:2E8BH         LINE#         99
BL51 BANKED LINKER/LOCATER V6.22                                                      11/20/2017  00:30:12  PAGE 56


  C:2E8DH         LINE#         100
  C:2E8EH         LINE#         101
  C:2E8FH         LINE#         102
  C:2E91H         LINE#         106
  C:2E94H         LINE#         107
  C:2E96H         LINE#         109
  C:2E98H         LINE#         113
  C:2E99H         LINE#         114
  C:2E9AH         LINE#         115
  C:2E9BH         LINE#         116
  C:2E9DH         LINE#         117
  C:2E9FH         LINE#         151
  C:2EA2H         LINE#         155
  -------         ENDMOD        ?C_STARTUP

  -------         MODULE        ?C?COPY
  C:1CF6H         PUBLIC        ?C?COPY
  -------         ENDMOD        ?C?COPY

  -------         MODULE        ?C?CLDPTR
  C:1D1CH         PUBLIC        ?C?CLDPTR
  -------         ENDMOD        ?C?CLDPTR

  -------         MODULE        ?C?CLDOPTR
  C:1D35H         PUBLIC        ?C?CLDOPTR
  -------         ENDMOD        ?C?CLDOPTR

  -------         MODULE        ?C?CILDOPTR
  C:1D62H         PUBLIC        ?C?CILDOPTR
  -------         ENDMOD        ?C?CILDOPTR

  -------         MODULE        ?C?CSTOPTR
  C:1D95H         PUBLIC        ?C?CSTOPTR
  -------         ENDMOD        ?C?CSTOPTR

  -------         MODULE        ?C?IMUL
  C:1DB7H         PUBLIC        ?C?IMUL
  -------         ENDMOD        ?C?IMUL

  -------         MODULE        ?C?UIDIV
  C:1DC9H         PUBLIC        ?C?UIDIV
  -------         ENDMOD        ?C?UIDIV

  -------         MODULE        ?C?SIDIV
  C:1E1EH         PUBLIC        ?C?SIDIV
  -------         ENDMOD        ?C?SIDIV

  -------         MODULE        ?C?IILDX
  C:1E54H         PUBLIC        ?C?IILDX
  -------         ENDMOD        ?C?IILDX

  -------         MODULE        ?C?ILDOPTR
  C:1E6AH         PUBLIC        ?C?ILDOPTR
  -------         ENDMOD        ?C?ILDOPTR

  -------         MODULE        ?C?IILDOPTR
  C:1EA2H         PUBLIC        ?C?IILDOPTR
BL51 BANKED LINKER/LOCATER V6.22                                                      11/20/2017  00:30:12  PAGE 57


  -------         ENDMOD        ?C?IILDOPTR

  -------         MODULE        ?C?ISTOPTR
  C:1EEFH         PUBLIC        ?C?ISTOPTR
  -------         ENDMOD        ?C?ISTOPTR

  -------         MODULE        ?C?LADD
  C:1F1CH         PUBLIC        ?C?LADD
  -------         ENDMOD        ?C?LADD

  -------         MODULE        ?C?LSUB
  C:1F29H         PUBLIC        ?C?LSUB
  -------         ENDMOD        ?C?LSUB

  -------         MODULE        ?C?LMUL
  C:1F37H         PUBLIC        ?C?LMUL
  -------         ENDMOD        ?C?LMUL

  -------         MODULE        ?C?ULDIV
  C:1FC2H         PUBLIC        ?C?ULDIV
  -------         ENDMOD        ?C?ULDIV

  -------         MODULE        ?C?ULCMP
  C:2054H         PUBLIC        ?C?ULCMP
  -------         ENDMOD        ?C?ULCMP

  -------         MODULE        ?C?ULSHR
  C:2065H         PUBLIC        ?C?ULSHR
  -------         ENDMOD        ?C?ULSHR

  -------         MODULE        ?C?LLDXDATA
  C:2078H         PUBLIC        ?C?LLDXDATA
  -------         ENDMOD        ?C?LLDXDATA

  -------         MODULE        ?C?LLDXDATA0
  C:2084H         PUBLIC        ?C?LLDXDATA0
  -------         ENDMOD        ?C?LLDXDATA0

  -------         MODULE        ?C?LSTXDATA
  C:2090H         PUBLIC        ?C?LSTXDATA
  -------         ENDMOD        ?C?LSTXDATA

  -------         MODULE        ?C?LSTKXDATA
  C:209CH         PUBLIC        ?C?LSTKXDATA
  -------         ENDMOD        ?C?LSTKXDATA

  -------         MODULE        ?C?PSTIDATA
  C:20CDH         PUBLIC        ?C?PSTIDATA
  -------         ENDMOD        ?C?PSTIDATA

  -------         MODULE        ?C?PLDXDATA
  C:20D6H         PUBLIC        ?C?PLDXDATA
  -------         ENDMOD        ?C?PLDXDATA

  -------         MODULE        ?C?PLDIXDATA
  C:20DFH         PUBLIC        ?C?PLDIXDATA
  -------         ENDMOD        ?C?PLDIXDATA
BL51 BANKED LINKER/LOCATER V6.22                                                      11/20/2017  00:30:12  PAGE 58



  -------         MODULE        ?C?PSTXDATA
  C:20F6H         PUBLIC        ?C?PSTXDATA
  -------         ENDMOD        ?C?PSTXDATA

  -------         MODULE        ?C?PLDPTR
  C:20FFH         PUBLIC        ?C?PLDPTR
  -------         ENDMOD        ?C?PLDPTR

  -------         MODULE        ?C?CCASE
  C:211FH         PUBLIC        ?C?CCASE
  -------         ENDMOD        ?C?CCASE

  -------         MODULE        ?C?ICALL
  C:2145H         PUBLIC        ?C?ICALL
  C:2149H         PUBLIC        ?C?ICALL2
  -------         ENDMOD        ?C?ICALL

  -------         MODULE        PRINTF
  X:016AH         PUBLIC        ?_PRINTF517?BYTE
  X:016AH         PUBLIC        ?_PRINTF?BYTE
  X:016AH         PUBLIC        ?_SPRINTF517?BYTE
  X:016AH         PUBLIC        ?_SPRINTF?BYTE
  C:2212H         PUBLIC        _PRINTF
  C:2212H         PUBLIC        _PRINTF517
  C:220CH         PUBLIC        _SPRINTF
  C:220CH         PUBLIC        _SPRINTF517
  -------         ENDMOD        PRINTF

  -------         MODULE        ABS
  C:3D88H         PUBLIC        _ABS
  -------         ENDMOD        ABS

  -------         MODULE        ?C?MEMSET
  C:214BH         PUBLIC        ?C?MEMSET
  -------         ENDMOD        ?C?MEMSET

  -------         MODULE        ?C?CSTPTR
  C:2177H         PUBLIC        ?C?CSTPTR
  -------         ENDMOD        ?C?CSTPTR

  -------         MODULE        ?C?PLDIDATA
  C:2189H         PUBLIC        ?C?PLDIDATA
  -------         ENDMOD        ?C?PLDIDATA

  -------         MODULE        ?C?PLDPDATA
  C:2192H         PUBLIC        ?C?PLDPDATA
  -------         ENDMOD        ?C?PLDPDATA

  -------         MODULE        ?C?PLDCODE
  C:219BH         PUBLIC        ?C?PLDCODE
  -------         ENDMOD        ?C?PLDCODE

  -------         MODULE        PUTCHAR
  C:3A52H         PUBLIC        _PUTCHAR
  -------         ENDMOD        PUTCHAR

BL51 BANKED LINKER/LOCATER V6.22                                                      11/20/2017  00:30:12  PAGE 59


Program Size: data=50.2 xdata=552 code=15931
LINK/LOCATE RUN COMPLETE.  0 WARNING(S),  0 ERROR(S)
